******************************************************************************
            TI ARM Clang Linker Unix v4.0.3                    
******************************************************************************
>> Linked Mon Sep  8 01:44:55 2025

OUTPUT FILE NAME:   <justworks_scanner_CC1352P7_1.out>
ENTRY POINT SYMBOL: "ResetISR"  address: 0001a64d


MEMORY CONFIGURATION

         name            origin    length      used     unused   attr    fill
----------------------  --------  ---------  --------  --------  ----  --------
  FLASH                 00000000   000ae000  00021ea6  0008c15a  R  X
  FLASH_LAST_PAGE       000ae000   00002000  00000058  00001fa8  R  X
  RTOS_SRAM             20000000   0000012c  00000000  0000012c  RW X
  SRAM                  20000fdf   00023021  000035f8  0001fa29  RW X


SEGMENT ALLOCATION MAP

run origin  load origin   length   init length attrs members
----------  ----------- ---------- ----------- ----- -------
00000000    00000000    0001dea8   0001dea8    r-x
  00000000    00000000    0000003c   0000003c    r-- .resetVecs
  0000003c    0000003c    00000004   00000004    r-- .rodata.1
  00000040    00000040    0001ade0   0001ade0    r-x .text
  0001ae20    0001ae20    00002c9e   00002c9e    r-- .rodata.2
  0001dac0    0001dac0    00000008   00000008    r-- .log_data
  0001dac8    0001dac8    000003e0   000003e0    r-- .cinit
00048000    00048000    00004000   00000000    rw-
  00048000    00048000    00004000   00000000    rw- .TI.bound:flashBuf0
000affa8    000affa8    00000058   00000058    r--
  000affa8    000affa8    00000058   00000058    r-- .ccfg
20001810    20001810    00000020   00000000    rw-
  20001810    20001810    00000010   00000000    rw- .TI.bound:dmaUart0RxControlTableEntry
  20001820    20001820    00000010   00000000    rw- .TI.bound:dmaUart0TxControlTableEntry
20001900    20001900    000030da   00000000    rw-
  20001900    20001900    00000bb3   00000000    rw- .data
  200024b8    200024b8    00002522   00000000    rw- .bss
20004a00    20004a00    000000d8   00000000    rw-
  20004a00    20004a00    000000d8   00000000    rw- .ramVecs
20023c00    20023c00    00000400   00000000    rw-
  20023c00    20023c00    00000400   00000000    rw- .stack


SECTION ALLOCATION MAP

 output                                  attributes/
section   page    origin      length       input sections
--------  ----  ----------  ----------   ----------------
.resetVecs 
*          0    00000000    0000003c     
                  00000000    0000003c     ti_sysbios_config.o (.resetVecs)

.rodata.1 
*          0    0000003c    00000004     
                  0000003c    00000004     drivers_cc13x2x7.a : NVS.c.obj (.rodata.NVS_defaultParams)

.cinit     0    0001dac8    000003e0     
                  0001dac8    0000038a     (.cinit..data.load) [load image, compression = lzss]
                  0001de52    00000002     --HOLE-- [fill = 0]
                  0001de54    0000000c     (__TI_handler_table)
                  0001de60    00000008     (.cinit..TI.bound:dmaUart0RxControlTableEntry.load) [load image, compression = zero_init]
                  0001de68    00000008     (.cinit..TI.bound:dmaUart0TxControlTableEntry.load) [load image, compression = zero_init]
                  0001de70    00000008     (.cinit..bss.load) [load image, compression = zero_init]
                  0001de78    00000008     (.cinit..ramVecs.load) [load image, compression = zero_init]
                  0001de80    00000028     (__TI_cinit_table)

.init_array 
*          0    00000000    00000000     UNINITIALIZED

.ccfg      0    000affa8    00000058     
                  000affa8    00000058     ti_devices_config.o (.ccfg)

.data      0    20001900    00000bb3     UNINITIALIZED
                  20001900    00000174     drivers_cc13x2x7.a : PowerCC26X2.c.obj (.data.PowerCC26X2_module)
                  20001a74    000000f4     StackWrapper.a : gapbondmgr.o (.data)
                  20001b68    000000b0     OneLib.a : gapgattserver.o (.data)
                  20001c18    0000007c     ti_drivers_config.o (.data.gpioPinConfigs)
                  20001c94    00000074     justworks_scanner.o (.data..L_MergedGlobals.119)
                  20001d08    00000070     ti_sysbios_config.o (.data..L_MergedGlobals)
                  20001d78    0000006c     OneLib.a : ll_config.o (.data)
                  20001de4    00000004     icall.o (.data.ICall_dispatcher)
                  20001de8    00000068     justworks_scanner.o (.data..L_MergedGlobals.118)
                  20001e50    00000068     rf_multiMode_cc13x2.a : RFCC26X2_multiMode.c.cc13x2.ticlang.o (.data..L_MergedGlobals.1)
                  20001eb8    00000068     ti_sysbios_config.o (.data..L_MergedGlobals.71)
                  20001f20    00000068     ti_sysbios_config.o (.data.ti_sysbios_knl_Clock_Module_state)
                  20001f88    00000064     rf_multiMode_cc13x2.a : RFCC26X2_multiMode.c.cc13x2.ticlang.o (.data..L_MergedGlobals.3)
                  20001fec    00000058                           : RFCC26X2_multiMode.c.cc13x2.ticlang.o (.data..L_MergedGlobals.2)
                  20002044    00000054     ti_radio_config.o (.data.pOverrides_bleCommon)
                  20002098    00000050     ti_radio_config.o (.data.txPowerTable_2400_pa5)
                  200020e8    00000040     OneLib.a : gattservapp.o (.data)
                  20002128    00000040              : sm_pairing.o (.data)
                  20002168    0000003c     icall.o (.data..L_MergedGlobals.1)
                  200021a4    0000003c     icall_user_config.o (.data.nvintfFncStruct)
                  200021e0    0000003c     ti_sysbios_config.o (.data.ti_sysbios_knl_Task_Module_state)
                  2000221c    00000038     drivers_cc13x2x7.a : TRNGCC26XX.c.obj (.data..L_MergedGlobals.1)
                  20002254    00000004                        : PowerCC26X2.c.obj (.data.PowerCC26X2_rtcSubSecInc)
                  20002258    00000030                        : TRNGCC26XX.c.obj (.data..L_MergedGlobals)
                  20002288    00000028     nvocmp.o (.data..L_MergedGlobals.1)
                  200022b0    00000024     ble_user_config.o (.data.eccParams_NISTP256)
                  200022d4    00000024     ti_radio_config.o (.data.pOverrides_ble2Mbps)
                  200022f8    0000001c     justworks_scanner.o (.data..L_MergedGlobals)
                  20002314    00000018     icall.o (.data..L_MergedGlobals)
                  2000232c    00000018     ti_radio_config.o (.data.pOverrides_ble1Mbps)
                  20002344    00000015     ti_ble_config.o (.data.attDeviceName)
                  20002359    00000001     drivers_cc13x2x7.a : AESCTRCC26XX.c.obj (.data.AESCTR_isInitialized)
                  2000235a    00000002     ble_user_config.o (.data.bleUserCfg_maxPduSize)
                  2000235c    00000014     StackWrapper.a : osal.o (.data)
                  20002370    00000013     display_cc13x2x7.a : DisplayUart2.c.obj (.data.DisplayUart2Ansi_escInitial)
                  20002383    00000001     nvocmp.o (.data.NVOCMP_failF)
                  20002384    00000010     driverlib.lib : osc.c.obj (.data..L_MergedGlobals)
                  20002394    00000010     ti_radio_config.o (.data.RF_modeBle)
                  200023a4    00000010     driverlib.lib : osc.c.obj (.data._hposcCoeffs)
                  200023b4    00000010     icall_user_config.o (.data.bleAppServiceInfoTable)
                  200023c4    00000010     ti_radio_config.o (.data.pOverrides_bleCoded)
                  200023d4    00000010     main.o (.data.user0Cfg)
                  200023e4    00000010     OneLib.a : gattservapp.o (.data)
                  200023f4    00000010              : ll_data.o (.data)
                  20002404    0000000c     drivers_cc13x2x7.a : NVSCC26XX.c.obj (.data..L_MergedGlobals)
                  20002410    00000008     icall_cc2650.o (.data..L_MergedGlobals)
                  20002418    00000008     rf_multiMode_cc13x2.a : RFCC26X2_multiMode.c.cc13x2.ticlang.o (.data..L_MergedGlobals)
                  20002420    00000008                           : RFCC26X2_multiMode.c.cc13x2.ticlang.o (.data.RFCC26XX_schedulerPolicy)
                  20002428    00000008     ti_sysbios_config.o (.data.ti_sysbios_gates_GateMutexPri_Module_state)
                  20002430    00000008     ti_sysbios_config.o (.data.ti_sysbios_heaps_HeapCallback_Module_state)
                  20002438    00000008     ti_sysbios_config.o (.data.ti_sysbios_knl_Event_state)
                  20002440    00000008     ti_sysbios_config.o (.data.ti_sysbios_knl_Semaphore_Module_state)
                  20002448    00000008     OneLib.a : gapgattserver.o (.data)
                  20002450    00000008              : ll_master_end_causes.o (.data)
                  20002458    00000008     StackWrapper.a : gapbondmgr.o (.data)
                  20002460    00000006     ti_ble_config.o (.data.pRandomAddress)
                  20002466    00000005     display_cc13x2x7.a : DisplayUart2.c.obj (.data.DisplayUart2Ansi_escClearScreen)
                  2000246b    00000001     drivers_cc13x2x7.a : PKAResourceCC26XX.c.obj (.data.PKAResourceCC26XX_pollingFlag)
                  2000246c    00000004     rf_multiMode_cc13x2.a : RFCC26X2_multiMode.c.cc13x2.ticlang.o (.data.RF_fsmActiveState.lfClockSourceLast)
                  20002470    00000004     libc.a : aeabi_portable.c.obj (.data.__aeabi_errno)
                  20002474    00000004            : _lock.c.obj (.data._lock)
                  20002478    00000004            : _lock.c.obj (.data._unlock)
                  2000247c    00000004     ble_user_config.o (.data.appAssertCback)
                  20002480    00000004     ble_user_config_stack.o (.data.icallServiceTblPtr)
                  20002484    00000004     icall_api_lite.o (.data.pRfErrCb)
                  20002488    00000004     icall_api_lite.o (.data.pfnBMAlloc)
                  2000248c    00000004     icall_api_lite.o (.data.pfnBMFree)
                  20002490    00000004     StackWrapper.a : hal_assert.o (.data)
                  20002494    00000002     OneLib.a : ll.o (.data)
                  20002496    00000002              : ll_config.o (.data)
                  20002498    00000002     StackWrapper.a : osal_cbtimer.o (.data)
                  2000249a    00000001     rf_multiMode_cc13x2.a : rf_patch_cpe_bt5.c.cc13x2.ticlang.o (.data.bBt5PatchEntered)
                  2000249b    00000001     drivers_cc13x2x7.a : GPIOCC26X2.c.obj (.data.initCalled)
                  2000249c    00000001                        : AESCCMCC26XX.c.obj (.data.isInitialized)
                  2000249d    00000001                        : AESCTRDRBGXX.c.obj (.data.isInitialized)
                  2000249e    00000001                        : AESECBCC26XX.c.obj (.data.isInitialized)
                  2000249f    00000001                        : CryptoResourceCC26XX.c.obj (.data.isInitialized)
                  200024a0    00000001                        : ECDHCC26X2.c.obj (.data.isInitialized)
                  200024a1    00000001                        : NVS.c.obj (.data.isInitialized)
                  200024a2    00000001                        : PKAResourceCC26XX.c.obj (.data.isInitialized)
                  200024a3    00000001     OneLib.a : gapgattserver.o (.data)
                  200024a4    00000001              : gapgattserver.o (.data)
                  200024a5    00000001              : gapgattserver.o (.data)
                  200024a6    00000001              : gapgattserver.o (.data)
                  200024a7    00000001              : gapgattserver.o (.data)
                  200024a8    00000001              : gapgattserver.o (.data)
                  200024a9    00000001              : gattservapp.o (.data)
                  200024aa    00000001              : gattservapp.o (.data)
                  200024ab    00000001              : ll.o (.data)
                  200024ac    00000001              : ll_ae.o (.data)
                  200024ad    00000001              : ll_data.o (.data)
                  200024ae    00000001              : ll_scheduler.o (.data)
                  200024af    00000001              : sm_task.o (.data)
                  200024b0    00000001     StackWrapper.a : gap.o (.data)
                  200024b1    00000001                    : gap.o (.data)
                  200024b2    00000001                    : hal_assert.o (.data)

.bss       0    200024b8    00002522     UNINITIALIZED
                  200024b8    00000840     justworks_scanner.o (.bss.nameCache)
                  20002cf8    00000400     justworks_scanner.o (.bss.jwTaskStack)
                  200030f8    00000300     justworks_scanner.o (.bss.connectTries)
                  200033f8    00000300     (.common:ti_sysbios_knl_Idle_taskStack)
                  200036f8    000002c0     rf_multiMode_cc13x2.a : RFCC26X2_multiMode.c.cc13x2.ticlang.o (.bss.RF_cmdPool)
                  200039b8    00000170     (.common:uart2CC26X2Objects)
                  20003b28    00000160     justworks_scanner.o (.bss.nameCtx)
                  20003c88    00000100     OneLib.a : ll.o (.bss)
                  20003d88    000000d8     (.common:ti_sysbios_family_arm_m3_Hwi_dispatchTable)
                  20003e60    000000a4     (.common:aesctrdrbgXXObjects)
                  20003f04    000000a0              : ll_ae.o (.bss)
                  20003fa4    00000084     (.common:trngCC26XXObjects)
                  20004028    00000080     ti_drivers_config.o (.bss.displayUART2Buffer)
                  200040a8    0000007c     (.common:gpioCallbackFunctions)
                  20004124    0000007c     (.common:gpioUserArgs)
                  200041a0    00000078     StackWrapper.a : osal_cbtimer.o (.bss)
                  20004218    00000068     rf_multiMode_cc13x2.a : RFCC26X2_multiMode.c.cc13x2.ticlang.o (.bss.RF_ratModule)
                  20004280    00000060     (.common:ti_sysbios_knl_ClockSupport_timerStruct)
                  200042e0    00000058     justworks_scanner.o (.bss.jwTask)
                  20004338    00000058     (.common:ti_sysbios_knl_Idle_taskStruct)
                  20004390    00000050     (.common:CryptoResourceCC26XX_accessSemaphore)
                  200043e0    00000050     (.common:CryptoResourceCC26XX_operationSemaphore)
                  20004430    00000050     (.common:PKAResourceCC26XX_accessSemaphore)
                  20004480    00000050     (.common:PKAResourceCC26XX_operationSemaphore)
                  200044d0    00000048     icall.o (.bss.ICall_entities)
                  20004518    00000044     rf_multiMode_cc13x2.a : RFCC26X2_multiMode.c.cc13x2.ticlang.o (.bss.RF_clkInactivityObj)
                  2000455c    00000044                           : RFCC26X2_multiMode.c.cc13x2.ticlang.o (.bss.RF_clkPowerUpObj)
                  200045a0    0000003c                           : RFCC26X2_multiMode.c.cc13x2.ticlang.o (.bss.RF_swiHwObj)
                  200045dc    0000003c     StackWrapper.a : osal_snv_wrapper.o (.bss)
                  20004618    00000030     (.common:ti_sysbios_knl_Swi_readyQs)
                  20004648    00000030     (.common:ti_sysbios_knl_Task_readyQs)
                  20004678    0000002e     (.common:NVOCMP_nvHandle)
                  200046a6    00000002     OneLib.a : gapgattserver.o (.bss)
                  200046a8    00000028     (.common:aesecbCC26XXObjects)
                  200046d0    00000024              : ll.o (.bss)
                  200046f4    00000020     ti_drivers_config.o (.bss.uart2RxRingBuffer0)
                  20004714    00000020     ti_drivers_config.o (.bss.uart2TxRingBuffer0)
                  20004734    00000020     OneLib.a : gattservapp.o (.bss)
                  20004754    00000020     StackWrapper.a : gapbondmgr.o (.bss)
                  20004774    00000020                    : gapbondmgr.o (.bss)
                  20004794    00000020     (.common:ecdhCC26X2Objects)
                  200047b4    00000020     (.common:ti_sysbios_runtime_System_atexitHandlers)
                  200047d4    00000020     (.common:udmaCC26XXObject)
                  200047f4    0000001c     drivers_cc13x2x7.a : GPIOCC26X2.c.obj (.bss.gpioHwi)
                  20004810    0000001c     (.common:BIOS_heapCallbackObject)
                  2000482c    0000001c     (.common:BIOS_rtsGate)
                  20004848    0000001c     (.common:CryptoResourceCC26XX_hwi)
                  20004864    0000001c     (.common:PKAResourceCC26XX_hwi)
                  20004880    00000018     OneLib.a : gapgattserver.o (.bss)
                  20004898    00000018     (.common:aesccmCC26XXObjects)
                  200048b0    00000014     drivers_cc13x2x7.a : Random.c.obj (.bss.state)
                  200048c4    0000000f     util.o (.bss.Util_convertBdAddr2Str.str)
                  200048d3    00000001     OneLib.a : gap_scanner.o (.bss)
                  200048d4    0000000c              : ll.o (.bss)
                  200048e0    0000000c              : ll.o (.bss)
                  200048ec    0000000c              : ll_scheduler.o (.bss)
                  200048f8    0000000c     (.common:displayUart2Object)
                  20004904    00000008              : ll.o (.bss)
                  2000490c    00000008              : ll.o (.bss)
                  20004914    00000008              : ll_ae.o (.bss)
                  2000491c    00000008     StackWrapper.a : gapbondmgr.o (.bss)
                  20004924    00000004     drivers_cc13x2x7.a : ECDHCC26X2.c.obj (.bss.resultPKAMemAddr)
                  20004928    00000004     OneLib.a : gapgattserver.o (.bss)
                  2000492c    00000004              : gatt_client.o (.bss)
                  20004930    00000004              : gattservapp.o (.bss)
                  20004934    00000004              : linkdb.o (.bss)
                  20004938    00000004              : linkdb.o (.bss)
                  2000493c    00000004              : ll.o (.bss)
                  20004940    00000004              : ll.o (.bss)
                  20004944    00000004              : ll.o (.bss)
                  20004948    00000004              : ll.o (.bss)
                  2000494c    00000004              : ll.o (.bss)
                  20004950    00000004              : ll_ae.o (.bss)
                  20004954    00000004              : ll_common.o (.bss)
                  20004958    00000004              : ll_enc.o (.bss)
                  2000495c    00000004              : ll_privacy.o (.bss)
                  20004960    00000004              : ll_scheduler.o (.bss)
                  20004964    00000004     StackWrapper.a : gapbondmgr.o (.bss)
                  20004968    00000004                    : gapbondmgr.o (.bss)
                  2000496c    00000004                    : osal.o (.bss)
                  20004970    00000004                    : osal.o (.bss)
                  20004974    00000004                    : osal.o (.bss)
                  20004978    00000004                    : osal.o (.bss)
                  2000497c    00000004                    : osal.o (.bss)
                  20004980    00000004                    : osal.o (.bss)
                  20004984    00000004                    : osal_bufmgr.o (.bss)
                  20004988    00000004                    : osal_bufmgr.o (.bss)
                  2000498c    00000004                    : osal_clock.o (.bss)
                  20004990    00000004                    : osal_clock.o (.bss)
                  20004994    00000004                    : osal_timers.o (.bss)
                  20004998    00000004                    : osal_timers.o (.bss)
                  2000499c    00000004                    : osal_timers.o (.bss)
                  200049a0    00000004     (.common:HEAPMGR_SIZE)
                  200049a4    00000004     (.common:PowerCC26XX_swiKey)
                  200049a8    00000004     (.common:PowerCC26XX_taskKey)
                  200049ac    00000004     (.common:tasksEvents)
                  200049b0    00000004     (.common:ti_sysbios_family_arm_cc26xx_TimestampProvider_Module_state)
                  200049b4    00000004     (.common:ti_sysbios_knl_Task_defaultStackHeap)
                  200049b8    00000002     OneLib.a : ll.o (.bss)
                  200049ba    00000002              : ll_ae.o (.bss)
                  200049bc    00000002     StackWrapper.a : osal_pwrmgr.o (.bss)
                  200049be    00000001     OneLib.a : gapgattserver.o (.bss)
                  200049bf    00000001              : gattservapp.o (.bss)
                  200049c0    00000001              : hci_tl.o (.bss)
                  200049c1    00000001              : hci_tl.o (.bss)
                  200049c2    00000001              : hci_tl.o (.bss)
                  200049c3    00000001              : hci_tl.o (.bss)
                  200049c4    00000001              : hci_tl.o (.bss)
                  200049c5    00000001              : hci_tl.o (.bss)
                  200049c6    00000001              : ll.o (.bss)
                  200049c7    00000001              : ll.o (.bss)
                  200049c8    00000001              : ll.o (.bss)
                  200049c9    00000001              : ll.o (.bss)
                  200049ca    00000001              : ll.o (.bss)
                  200049cb    00000001              : ll_ae.o (.bss)
                  200049cc    00000001              : ll_config.o (.bss)
                  200049cd    00000001              : ll_config.o (.bss)
                  200049ce    00000001              : ll_enc.o (.bss)
                  200049cf    00000001              : ll_isr.o (.bss)
                  200049d0    00000001              : sm_task.o (.bss)
                  200049d1    00000001     StackWrapper.a : ble_dispatch_lite.o (.bss)
                  200049d2    00000001                    : gapbondmgr.o (.bss)
                  200049d3    00000001                    : gapbondmgr.o (.bss)
                  200049d4    00000001                    : hal_assert.o (.bss)
                  200049d5    00000001                    : osal.o (.bss)
                  200049d6    00000001                    : osal_pwrmgr.o (.bss)
                  200049d7    00000001     (.common:NVOCMP_size)
                  200049d8    00000001     (.common:gAction)
                  200049d9    00000001     (.common:nvsCC26XXObjects)

.vtable    0    200049da    00000000     UNINITIALIZED

.vtable_ram 
*          0    200049da    00000000     UNINITIALIZED

vtable_ram 
*          0    200049da    00000000     UNINITIALIZED

.sysmem    0    200049da    00000000     UNINITIALIZED

.nonretenvar 
*          0    200049da    00000000     UNINITIALIZED

.ramVecs   0    20004a00    000000d8     UNINITIALIZED
                  20004a00    000000d8     ti_sysbios_config.o (.ramVecs)

.stack     0    20023c00    00000400     UNINITIALIZED
                  20023c00    00000004     sysbios.a : boot_cortex_m.c.obj (.stack)
                  20023c04    000003fc     --HOLE--

.TI.bound:flashBuf0 
*          0    00048000    00004000     UNINITIALIZED
                  00048000    00004000     ti_drivers_config.o (.TI.bound:flashBuf0)

.TI.bound:dmaUart0RxControlTableEntry 
*          0    20001810    00000010     UNINITIALIZED
                  20001810    00000010     ti_drivers_config.o (.TI.bound:dmaUart0RxControlTableEntry)

.TI.bound:dmaUart0TxControlTableEntry 
*          0    20001820    00000010     UNINITIALIZED
                  20001820    00000010     ti_drivers_config.o (.TI.bound:dmaUart0TxControlTableEntry)

.text      0    00000040    0001ade0     
                  00000040    000012cc     justworks_scanner.o (.text.JustWorksScanner_taskFxn)
                  0000130c    00000b44     StackWrapper.a : gapbondmgr.o (.text)
                  00001e50    0000083c     OneLib.a : ll_scheduler.o (.text)
                  0000268c    00000700     StackWrapper.a : gapbondmgr.o (.text)
                  00002d8c    00000510     OneLib.a : ble.o (.text)
                  0000329c    00000498              : ll_isr.o (.text)
                  00003734    00000490     rf_multiMode_cc13x2.a : RFCC26X2_multiMode.c.cc13x2.ticlang.o (.text.RF_fsmActiveState)
                  00003bc4    00000458     OneLib.a : ll.o (.text)
                  0000401c    00000424              : ll_scheduler.o (.text)
                  00004440    000003b4              : ll_ae.o (.text)
                  000047f4    00000398              : ble.o (.text)
                  00004b8c    0000035c     ti_sysbios_config.o (.text.ti_sysbios_runtime_System_doPrint)
                  00004ee8    0000033e     OneLib.a : ll_ae.o (.text)
                  00005226    00000002     ti_sysbios_config.o (.text.BIOS_nullFunc)
                  00005228    0000030c     OneLib.a : ll_master_end_causes.o (.text)
                  00005534    000002b0     nvocmp.o (.text.NVOCMP_initNvApi)
                  000057e4    000002b0     StackWrapper.a : gapbondmgr.o (.text)
                  00005a94    000002ac     OneLib.a : ll.o (.text)
                  00005d40    000002a8     rf_multiMode_cc13x2.a : RFCC26X2_multiMode.c.cc13x2.ticlang.o (.text.RF_open)
                  00005fe8    000002a0     OneLib.a : ll_isr.o (.text)
                  00006288    00000284     nvocmp.o (.text.NVOCMP_compactPage)
                  0000650c    0000025c     StackWrapper.a : gapbondmgr.o (.text)
                  00006768    00000254     OneLib.a : ll_data.o (.text)
                  000069bc    0000024c     nvocmp.o (.text.NVOCMP_addItem)
                  00006c08    00000244     OneLib.a : ll_ae.o (.text)
                  00006e4c    00000234              : ll_common.o (.text)
                  00007080    00000220     drivers_cc13x2x7.a : ECDHCC26X2.c.obj (.text.ECDHCC26X2_hwiFxn)
                  000072a0    00000218     OneLib.a : gattservapp.o (.text)
                  000074b8    000001f4              : ll.o (.text)
                  000076ac    000001f0     drivers_cc13x2x7.a : UART2CC26X2.c.obj (.text.UART2CC26X2_hwiIntFxn)
                  0000789c    000001e8     rf_multiMode_cc13x2.a : RFCC26X2_multiMode.c.cc13x2.ticlang.o (.text.RF_scheduleCmd)
                  00007a84    000001e0     StackWrapper.a : osal.o (.text)
                  00007c64    000001dc     rf_multiMode_cc13x2.a : RFCC26X2_multiMode.c.cc13x2.ticlang.o (.text.RF_dispatchNextCmd)
                  00007e40    000001d8     OneLib.a : ll_isr.o (.text)
                  00008018    000001c0     ble_user_config_stack.o (.text.setBleUserConfig)
                  000081d8    000001b6     libclang_rt.builtins.a : adddf3.S.obj (.text.adddf3_subdf3)
                  0000838e    00000002     ti_drivers_config.o (.text.Board_initHook)
                  00008390    000001a4     OneLib.a : ll_isr.o (.text)
                  00008534    000001a0     drivers_cc13x2x7.a : AESECBCC26XX.c.obj (.text.AESECB_addDataInternal)
                  000086d4    0000019c     OneLib.a : ll_common.o (.text)
                  00008870    00000196              : ll_common.o (.text)
                  00008a06    00000002     ble_user_config.o (.text.DefaultAssertCback)
                  00008a08    00000194     drivers_cc13x2x7.a : PowerCC26X2_calibrateRCOSC.c.obj (.text.PowerCC26X2_auxISR)
                  00008b9c    0000018c                        : UART2CC26X2.c.obj (.text.UART2_open)
                  00008d28    0000018c     OneLib.a : gap_task.o (.text)
                  00008eb4    00000188     drivers_cc13x2x7.a : AESCCMCC26XX.c.obj (.text.AESCCM_startOperation)
                  0000903c    00000184     OneLib.a : ll_master_end_causes.o (.text)
                  000091c0    00000184              : ll_scheduler.o (.text)
                  00009344    0000017c     drivers_cc13x2x7.a : ECDHCC26X2.c.obj (.text.ECDH_computeSharedSecret)
                  000094c0    0000017c     OneLib.a : sm_intpairing.o (.text)
                  0000963c    00000178              : gattservapp.o (.text)
                  000097b4    0000016c     drivers_cc13x2x7.a : UART2.c.obj (.text.UART2_writeTimeoutBlocking)
                  00009920    0000016c     OneLib.a : ll.o (.text)
                  00009a8c    0000016c              : ll_ae.o (.text)
                  00009bf8    00000158     drivers_cc13x2x7.a : AESCTRCC26XX.c.obj (.text.AESCTR_processData)
                  00009d50    00000158                        : PowerCC26X2.c.obj (.text.Power_sleep)
                  00009ea8    00000154     OneLib.a : ll_common.o (.text)
                  00009ffc    00000150              : ll_isr.o (.text)
                  0000a14c    0000014c     icall.o (.text.ICall_waitMatch)
                  0000a298    0000014c     rf_multiMode_cc13x2.a : RFCC26X2_multiMode.c.cc13x2.ticlang.o (.text.RF_radioOpDoneCb)
                  0000a3e4    00000144     OneLib.a : gattservapp.o (.text)
                  0000a528    00000144     StackWrapper.a : osal.o (.text)
                  0000a66c    00000140                    : gap.o (.text)
                  0000a7ac    00000004     drivers_cc13x2x7.a : AESCTRDRBGXX.c.obj (.text.AESCTRDRBG_getBytes)
                  0000a7b0    0000013c     ti_sysbios_config.o (.text.ti_sysbios_runtime_System_printfExtend)
                  0000a8ec    00000138     rf_multiMode_cc13x2.a : RFCC26X2_multiMode.c.cc13x2.ticlang.o (.text.RF_abortCmd)
                  0000aa24    00000134                           : RFCC26X2_multiMode.c.cc13x2.ticlang.o (.text.RF_ratSetupChannel)
                  0000ab58    00000134     OneLib.a : ll_isr.o (.text)
                  0000ac8c    00000130              : l2cap_util.o (.text)
                  0000adbc    0000012c     rf_multiMode_cc13x2.a : RFCC26X2_multiMode.c.cc13x2.ticlang.o (.text.RF_close)
                  0000aee8    0000012c     drivers_cc13x2x7.a : TRNGCC26XX.c.obj (.text.TRNGCC26XX_hwiFxn)
                  0000b014    00000124     rf_multiMode_cc13x2.a : RFCC26X2_multiMode.c.cc13x2.ticlang.o (.text.RF_fsmSetupState)
                  0000b138    00000120     nvocmp.o (.text.NVOCMP_findItem)
                  0000b258    00000120     OneLib.a : ll_data.o (.text)
                  0000b378    0000011c     ti_sysbios_config.o (.text.ti_sysbios_family_arm_cc26xx_Timer_construct)
                  0000b494    0000011c     sysbios.a : Hwi_asm_gcc.s.obj (.text.ti_sysbios_family_arm_m3_Hwi_dispatch)
                  0000b5b0    00000118     drivers_cc13x2x7.a : PowerCC26X2.c.obj (.text.Power_init)
                  0000b6c8    00000118     rf_multiMode_cc13x2.a : RFCC26X2_multiMode.c.cc13x2.ticlang.o (.text.RF_decodeOverridePointers)
                  0000b7e0    00000118     drivers_cc13x2x7.a : UART2.c.obj (.text.UART2_writeTimeoutNonblocking)
                  0000b8f8    00000114     OneLib.a : ll_common.o (.text)
                  0000ba0c    00000114              : ll_isr.o (.text)
                  0000bb20    00000110              : ll_isr.o (.text)
                  0000bc30    0000010c     drivers_cc13x2x7.a : ECDHCC26X2.c.obj (.text.ECDH_generatePublicKey)
                  0000bd3c    0000010c                        : PowerCC26X2_calibrateRCOSC.c.obj (.text.PowerCC26X2_calibrate)
                  0000be48    00000108                        : NVSCC26XX.c.obj (.text.NVSCC26XX_write)
                  0000bf50    00000108     rf_multiMode_cc13x2.a : RFCC26X2_multiMode.c.cc13x2.ticlang.o (.text.RF_fsmPowerUpState)
                  0000c058    00000106     OneLib.a : gatt_client.o (.text)
                  0000c15e    00000002     display_cc13x2x7.a : DisplayUart2.c.obj (.text.DisplayUart2Ansi_init)
                  0000c160    00000104     drivers_cc13x2x7.a : UART2CC26X2.c.obj (.text.UART2CC26X2_initHw)
                  0000c264    00000102                        : AESCTRDRBGXX.c.obj (.text.AESCTRDRBG_getRandomBytes)
                  0000c366    00000002     rom_init.o (.text.MAP_HCI_CteRequestFailedEvent)
                  0000c368    00000100     drivers_cc13x2x7.a : GPIOCC26X2.c.obj (.text.GPIO_init)
                  0000c468    000000fc     rf_multiMode_cc13x2.a : RFCC26X2_multiMode.c.cc13x2.ticlang.o (.text.RF_hwiCpe0Active)
                  0000c564    000000fc     libclang_rt.builtins.a : muldf3.S.obj (.text.__muldf3)
                  0000c660    000000fc     OneLib.a : ll_scheduler.o (.text)
                  0000c75c    000000f8              : ll_scheduler.o (.text)
                  0000c854    000000f4     drivers_cc13x2x7.a : TRNGCC26XX.c.obj (.text.TRNG_getRandom)
                  0000c948    000000f0     driverlib.lib : sys_ctrl.c.obj (.text.NOROM_SysCtrlStandby)
                  0000ca38    000000f0     drivers_cc13x2x7.a : UART2CC26X2.c.obj (.text.UART2Support_dmaStartRx)
                  0000cb28    000000f0     ti_sysbios_config.o (.text.ti_sysbios_knl_Event_pend)
                  0000cc18    000000f0     OneLib.a : ll_ae.o (.text)
                  0000cd08    000000f0              : ll_master_end_causes.o (.text)
                  0000cdf8    000000ec     ti_drivers_config.o (.text.rfDriverCallbackAntennaSwitching)
                  0000cee4    000000ec     OneLib.a : ll_common.o (.text)
                  0000cfd0    000000ec              : ll_common.o (.text)
                  0000d0bc    000000e8     drivers_cc13x2x7.a : AESCTRDRBGXX.c.obj (.text.AESCTRDRBG_construct)
                  0000d1a4    000000e6     OneLib.a : gapgattserver.o (.text)
                  0000d28a    00000002     rom_init.o (.text.MAP_LL_SDAA_HandleSDAALastCmdDone)
                  0000d28c    000000e4     ti_sysbios_config.o (.text.ti_sysbios_knl_Semaphore_pend)
                  0000d370    000000e0     OneLib.a : ll.o (.text)
                  0000d450    000000e0              : ll_isr.o (.text)
                  0000d530    000000e0              : ll_scheduler.o (.text)
                  0000d610    000000e0     StackWrapper.a : osal_timers.o (.text)
                  0000d6f0    000000dc     rf_multiMode_cc13x2.a : RFCC26X2_multiMode.c.cc13x2.ticlang.o (.text.RF_control)
                  0000d7cc    000000dc     OneLib.a : ll_ae.o (.text)
                  0000d8a8    000000d8     ti_sysbios_config.o (.text.ti_sysbios_family_arm_m3_Hwi_excFillContext)
                  0000d980    000000d8     OneLib.a : ll_common.o (.text)
                  0000da58    000000d6     drivers_cc13x2x7.a : AESCTRDRBGXX.c.obj (.text.AESCTRDRBG_reseed)
                  0000db2e    00000002     rom_init.o (.text.MAP_LL_SDAA_Init)
                  0000db30    000000d0     driverlib.lib : aes.c.obj (.text.NOROM_AESWriteToKeyStore)
                  0000dc00    000000d0                   : setup.c.obj (.text.NOROM_SetupTrimDevice)
                  0000dcd0    000000d0     drivers_cc13x2x7.a : PowerCC26X2.c.obj (.text.configureXOSCHF)
                  0000dda0    000000d0     OneLib.a : ll_ae.o (.text)
                  0000de70    000000cc     ti_sysbios_config.o (.text.ti_sysbios_knl_Clock_workFuncDynamic)
                  0000df3c    000000cc     OneLib.a : gapgattserver.o (.text)
                  0000e008    000000cc              : hci_event.o (.text)
                  0000e0d4    000000ca     rf_multiMode_cc13x2.a : RFCC26X2_multiMode.c.cc13x2.ticlang.o (.text.RF_updatePaConfiguration)
                  0000e19e    00000002     rom_init.o (.text.MAP_LL_SDAA_RecordTxUsage)
                  0000e1a0    000000c8     OneLib.a : gap_scanner.o (.text)
                  0000e268    000000c8              : ll.o (.text)
                  0000e330    000000c8     StackWrapper.a : osal.o (.text)
                  0000e3f8    000000c4     OneLib.a : ll_ae.o (.text)
                  0000e4bc    000000c0     main.o (.text.AssertHandler)
                  0000e57c    000000c0     icall.o (.text.ICall_enrollService)
                  0000e63c    000000c0     drivers_cc13x2x7.a : UART2CC26X2.c.obj (.text.UART2Support_dmaStartTx)
                  0000e6fc    000000c0     OneLib.a : ble.o (.text)
                  0000e7bc    000000c0              : ll_ecc.o (.text)
                  0000e87c    000000c0              : ll_scheduler.o (.text)
                  0000e93c    000000bc     rf_multiMode_cc13x2.a : RFCC26X2_multiMode.c.cc13x2.ticlang.o (.text.RF_swiHw)
                  0000e9f8    000000b8     ti_sysbios_config.o (.text.ti_sysbios_knl_Task_Instance_finalize)
                  0000eab0    000000b8     ti_sysbios_config.o (.text.ti_sysbios_knl_Task_setPri)
                  0000eb68    000000b8     OneLib.a : gap_scanner.o (.text)
                  0000ec20    000000b8              : ll.o (.text)
                  0000ecd8    000000b8     StackWrapper.a : gapbondmgr.o (.text)
                  0000ed90    000000b8                    : gattservapp_util.o (.text)
                  0000ee48    000000b4     drivers_cc13x2x7.a : ECDHCC26X2.c.obj (.text.ECDHCC26X2_getKeyResult)
                  0000eefc    000000b4     ti_sysbios_config.o (.text.PowerCC26XX_standbyPolicy)
                  0000efb0    000000b0     drivers_cc13x2x7.a : GPIOCC26XX.c.obj (.text.GPIO_setConfigAndMux)
                  0000f060    000000b0     icall.o (.text.ICall_heapMalloc)
                  0000f110    000000b0     drivers_cc13x2x7.a : PowerCC26X2.c.obj (.text.Power_setDependency)
                  0000f1c0    000000b0     OneLib.a : ll.o (.text)
                  0000f270    000000b0              : ll_enc.o (.text)
                  0000f320    000000b0     StackWrapper.a : gapbondmgr.o (.text)
                  0000f3d0    000000b0     libclang_rt.builtins.a : udivmoddi4.S.obj (.text)
                  0000f480    000000ac     drivers_cc13x2x7.a : PowerCC26X2.c.obj (.text.Power_releaseDependency)
                  0000f52c    000000ac     rf_multiMode_cc13x2.a : RFCC26X2_multiMode.c.cc13x2.ticlang.o (.text.RF_pendCmd)
                  0000f5d8    000000ac     driverlib.lib : setup.c.obj (.text.TrimAfterColdResetWakeupFromShutDown)
                  0000f684    000000ac     OneLib.a : ll_scheduler.o (.text)
                  0000f730    000000ac     StackWrapper.a : gapbondmgr.o (.text)
                  0000f7dc    000000ac                    : osal_cbtimer.o (.text)
                  0000f888    000000a8     OneLib.a : gattservapp.o (.text)
                  0000f930    000000a8              : hci_data.o (.text)
                  0000f9d8    000000a8              : ll.o (.text)
                  0000fa80    000000a8              : ll_common.o (.text)
                  0000fb28    000000a4     drivers_cc13x2x7.a : AESCTRCC26XX.c.obj (.text.AESCTR_startOneStepOperation)
                  0000fbcc    000000a4     rf_multiMode_cc13x2.a : RFCC26X2_multiMode.c.cc13x2.ticlang.o (.text.RF_initRadioSetup)
                  0000fc70    000000a4     ti_sysbios_config.o (.text.ti_sysbios_knl_Task_Instance_init)
                  0000fd14    000000a4     OneLib.a : ll_ae.o (.text)
                  0000fdb8    000000a0     rf_multiMode_cc13x2.a : RFCC26X2_multiMode.c.cc13x2.ticlang.o (.text.RF_calculateDispatchTime)
                  0000fe58    000000a0     OneLib.a : ll_common.o (.text)
                  0000fef8    000000a0              : ll_ecc.o (.text)
                  0000ff98    000000a0              : ll_isr.o (.text)
                  00010038    000000a0              : ll_scheduler.o (.text)
                  000100d8    000000a0              : ll_scheduler.o (.text)
                  00010178    0000009c     display_cc13x2x7.a : DisplayUart2.c.obj (.text.DisplayUart2Ansi_clearLines)
                  00010214    0000009c     OneLib.a : ll_common.o (.text)
                  000102b0    0000009a     drivers_cc13x2x7.a : UART2.c.obj (.text.UART2_writeCancel)
                  0001034a    00000002     rom_init.o (.text.MAP_LL_SDAA_SampleRXWindow)
                  0001034c    00000098     nvocmp.o (.text.NVOCMP_erase)
                  000103e4    00000098     rf_multiMode_cc13x2.a : RFCC26X2_multiMode.c.cc13x2.ticlang.o (.text.RF_defaultSubmitPolicy)
                  0001047c    00000098     drivers_cc13x2x7.a : UART2CC26X2.c.obj (.text.UART2_close)
                  00010514    00000098     OneLib.a : gatt_server.o (.text)
                  000105ac    00000098              : gattservapp.o (.text)
                  00010644    00000098              : hci_event.o (.text)
                  000106dc    00000096     rf_multiMode_cc13x2.a : RFCC26X2_multiMode.c.cc13x2.ticlang.o (.text.RF_verifyGap)
                  00010772    00000002     rom_init.o (.text.MAP_llClearPeriodicAdvSets)
                  00010774    00000094     rf_multiMode_cc13x2.a : RFCC26X2_multiMode.c.cc13x2.ticlang.o (.text.RF_ratRestartChannels)
                  00010808    00000094     ti_sysbios_config.o (.text.ti_sysbios_knl_Clock_startI)
                  0001089c    00000094     OneLib.a : ll.o (.text)
                  00010930    00000094              : ll_ae.o (.text)
                  000109c4    00000094              : ll_common.o (.text)
                  00010a58    00000092              : gap_task.o (.text)
                  00010aea    00000002     rom_init.o (.text.MAP_llClearPeriodicScanSets)
                  00010aec    00000090     display_cc13x2x7.a : DisplayUart2.c.obj (.text.DisplayUart2Ansi_vprintf)
                  00010b7c    00000090     osal_icall_ble.o (.text.osalInitTasks)
                  00010c0c    00000090     OneLib.a : ll.o (.text)
                  00010c9c    00000090              : ll_common.o (.text)
                  00010d2c    0000008c     justworks_scanner.o (.text.JustWorksScanner_logInsecureJustWorks)
                  00010db8    0000008c     drivers_cc13x2x7.a : TRNGCC26XX.c.obj (.text.TRNG_construct)
                  00010e44    0000008c     OneLib.a : ll_ae.o (.text)
                  00010ed0    00000088     rf_multiMode_cc13x2.a : RFCC26X2_multiMode.c.cc13x2.ticlang.o (.text.RF_cmdDispatchTime)
                  00010f58    00000088                           : RFCC26X2_multiMode.c.cc13x2.ticlang.o (.text.RF_discardPendCmd)
                  00010fe0    00000088     StackWrapper.a : osal_cbtimer.o (.text)
                  00011068    00000084     icall.o (.text.ICall_setTimer)
                  000110ec    00000084     rf_multiMode_cc13x2.a : RFCC26X2_multiMode.c.cc13x2.ticlang.o (.text.RF_getInfo)
                  00011170    00000080     drivers_cc13x2x7.a : AESCTRCC26XX.c.obj (.text.AESCTR_hwiFxn)
                  000111f0    00000080                        : UART2CC26X2.c.obj (.text.UART2Support_dmaStopTx)
                  00011270    00000080                        : NVSCC26XX.c.obj (.text.doErase)
                  000112f0    00000080     ti_sysbios_config.o (.text.ti_sysbios_family_arm_m3_Hwi_initNVIC)
                  00011370    00000080     ti_sysbios_config.o (.text.ti_sysbios_gates_GateMutexPri_enter)
                  000113f0    00000080     ti_sysbios_config.o (.text.ti_sysbios_knl_Clock_init)
                  00011470    00000080     OneLib.a : ll_common.o (.text)
                  000114f0    0000007e     nvocmp.o (.text.NVOCMP_readHeader)
                  0001156e    0000007e     OneLib.a : gap_task.o (.text)
                  000115ec    0000007c     rf_multiMode_cc13x2.a : RFCC26X2_multiMode.c.cc13x2.ticlang.o (.text.RF_ratDisableChannel)
                  00011668    0000007c     icall.o (.text.icall_directAPI)
                  000116e4    0000007c     ti_sysbios_config.o (.text.ti_sysbios_family_arm_m3_Hwi_postInit)
                  00011760    0000007c     OneLib.a : ll.o (.text)
                  000117dc    0000007c              : ll.o (.text)
                  00011858    0000007c     StackWrapper.a : gapbondmgr.o (.text)
                  000118d4    0000007a     drivers_cc13x2x7.a : AESCTRDRBGXX.c.obj (.text.AESCTRDRBGXX_updateState)
                  0001194e    0000007a     OneLib.a : gattservapp.o (.text)
                  000119c8    00000078     icall.o (.text.ICall_createRemoteTasksAtRuntime)
                  00011a40    00000078     icall.o (.text.ICall_heapInit)
                  00011ab8    00000078     drivers_cc13x2x7.a : NVSCC26XX.c.obj (.text.NVSCC26XX_open)
                  00011b30    00000078     rf_multiMode_cc13x2.a : RFCC26X2_multiMode.c.cc13x2.ticlang.o (.text.RF_ratFreeChannel)
                  00011ba8    00000078     ti_sysbios_config.o (.text.ti_sysbios_knl_Task_postInit)
                  00011c20    00000078     OneLib.a : l2cap_task.o (.text)
                  00011c98    00000078              : ll_common.o (.text)
                  00011d10    00000078     StackWrapper.a : osal_bufmgr.o (.text)
                  00011d88    00000076     OneLib.a : ll_common.o (.text)
                  00011dfe    00000076     StackWrapper.a : gap.o (.text)
                  00011e74    00000074     nvocmp.o (.text.NVOCMP_readItemApi)
                  00011ee8    00000074     drivers_cc13x2x7.a : PowerCC26X2_calibrateRCOSC_helpers.c.obj (.text.PowerCC26X2_updateSubSecInc)
                  00011f5c    00000074     rf_multiMode_cc13x2.a : RFCC26X2_multiMode.c.cc13x2.ticlang.o (.text.RF_hwiHw)
                  00011fd0    00000074     ti_sysbios_config.o (.text.ti_sysbios_knl_Swi_restoreHwi)
                  00012044    00000074     ti_sysbios_config.o (.text.ti_sysbios_knl_Task_startup)
                  000120b8    00000074     OneLib.a : gatt_server.o (.text)
                  0001212c    00000074              : ll.o (.text)
                  000121a0    00000074              : ll_common.o (.text)
                  00012214    00000074              : ll_enc.o (.text)
                  00012288    00000074     StackWrapper.a : osal_cbtimer.o (.text)
                  000122fc    00000074     libc.a : copy_decompress_lzss.c.obj (.text:decompress:lzss)
                  00012370    00000070     drivers_cc13x2x7.a : AESCCMCC26XX.c.obj (.text.AESCCM_cleanup)
                  000123e0    00000070                        : AESCTRCC26XX.c.obj (.text.AESCTR_construct)
                  00012450    00000070                        : AESECBCC26XX.c.obj (.text.AESECB_construct)
                  000124c0    00000070     icall_cc2650.o (.text.ICallPlatform_pwrUpdActivityCounter)
                  00012530    00000070     icall.o (.text.ICall_sendServiceComplete)
                  000125a0    00000070     ti_sysbios_config.o (.text.ti_sysbios_family_arm_m3_Hwi_Instance_init)
                  00012610    00000070     ti_sysbios_config.o (.text.ti_sysbios_runtime_System_formatNum)
                  00012680    00000070     OneLib.a : ll_ae.o (.text)
                  000126f0    00000070     StackWrapper.a : osal.o (.text)
                  00012760    0000006c     drivers_cc13x2x7.a : AESECBCC26XX.c.obj (.text.AESECB_hwiFxn)
                  000127cc    0000006c     nvocmp.o (.text.NVOCMP_eraseNvApi)
                  00012838    0000006c     nvocmp.o (.text.NVOCMP_writeItemApi)
                  000128a4    0000006c     rf_multiMode_cc13x2.a : RFCC26X2_multiMode.c.cc13x2.ticlang.o (.text.RF_getTxPower)
                  00012910    0000006c                           : RFCC26X2_multiMode.c.cc13x2.ticlang.o (.text.RF_issueRadioFreeCb)
                  0001297c    0000006c     drivers_cc13x2x7.a : Random.c.obj (.text.Random_seedAutomatic)
                  000129e8    0000006c                        : PowerCC26X2.c.obj (.text.oscillatorISR)
                  00012a54    0000006c     ti_sysbios_config.o (.text.ti_sysbios_family_arm_m3_Hwi_dispatchC)
                  00012ac0    0000006c     OneLib.a : gap_linkmgr.o (.text)
                  00012b2c    0000006c              : gatt_server.o (.text)
                  00012b98    0000006c              : ll_isr.o (.text)
                  00012c04    0000006c              : ll_scheduler.o (.text)
                  00012c70    0000006c              : ll_scheduler.o (.text)
                  00012cdc    00000068     icall.o (.text.ICall_send)
                  00012d44    00000068     rf_multiMode_cc13x2.a : RFCC26X2_multiMode.c.cc13x2.ticlang.o (.text.RF_detachOverrides)
                  00012dac    00000068     drivers_cc13x2x7.a : UART2CC26X2.c.obj (.text.UART2Support_dmaStopRx)
                  00012e14    00000068     ti_sysbios_config.o (.text.ti_sysbios_knl_Event_post)
                  00012e7c    00000068     ti_sysbios_config.o (.text.ti_sysbios_knl_Idle_init)
                  00012ee4    00000068     ti_sysbios_config.o (.text.ti_sysbios_knl_Swi_run)
                  00012f4c    00000068     OneLib.a : gap_task.o (.text)
                  00012fb4    00000068              : gattservapp.o (.text)
                  0001301c    00000068              : gattservapp.o (.text)
                  00013084    00000068              : ll.o (.text)
                  000130ec    00000068              : ll_ae.o (.text)
                  00013154    00000068              : ll_common.o (.text)
                  000131bc    00000068     StackWrapper.a : osal_cbtimer.o (.text)
                  00013224    00000066                    : icall_lite_translation.o (.text)
                  0001328a    00000002     rom_init.o (.text.MAP_llCoexInit)
                  0001328c    00000064     drivers_cc13x2x7.a : AESCCMCC26XX.c.obj (.text.AESCCM_hwiFxn)
                  000132f0    00000064     display_cc13x2x7.a : DisplayUart2.c.obj (.text.DisplayUart2Ansi_open)
                  00013354    00000064     icall.o (.text.ICall_wait)
                  000133b8    00000064     driverlib.lib : chipinfo.c.obj (.text.NOROM_ChipInfo_GetChipType)
                  0001341c    00000064                   : osc.c.obj (.text.NOROM_OSCHF_AttemptToSwitchToXosc)
                  00013480    00000064     drivers_cc13x2x7.a : PowerCC26X2_calibrateRCOSC.c.obj (.text.PowerCC26X2_initiateCalibration)
                  000134e4    00000064     rf_multiMode_cc13x2.a : RFCC26X2_multiMode.c.cc13x2.ticlang.o (.text.RF_attachOverrides)
                  00013548    00000064                           : RFCC26X2_multiMode.c.cc13x2.ticlang.o (.text.RF_dispatchNextEvent)
                  000135ac    00000064                           : RFCC26X2_multiMode.c.cc13x2.ticlang.o (.text.RF_hwiCpe0PowerFsm)
                  00013610    00000064     drivers_cc13x2x7.a : UDMACC26XX.c.obj (.text.UDMACC26XX_open)
                  00013674    00000064     ti_sysbios_config.o (.text.ti_sysbios_gates_GateMutexPri_leave)
                  000136d8    00000064     OneLib.a : gapgattserver.o (.text)
                  0001373c    00000064              : gattservapp.o (.text)
                  000137a0    00000064              : ll_common.o (.text)
                  00013804    00000064              : ll_isr.o (.text)
                  00013868    00000064              : ll_scheduler.o (.text)
                  000138cc    00000062     rf_multiMode_cc13x2.a : RFCC26X2_multiMode.c.cc13x2.ticlang.o (.text.RF_syncCb)
                  0001392e    00000002     rom_init.o (.text.MAP_llCoexSetParams)
                  00013930    00000062     libclang_rt.builtins.a : aeabi_dcmp.S.obj (.text.__aeabi_dcmp)
                  00013992    00000002     rom_init.o (.text.MAP_llCoexUpdateCounters)
                  00013994    00000060     drivers_cc13x2x7.a : CryptoResourceCC26XX.c.obj (.text.CryptoResourceCC26XX_constructRTOSObjects)
                  000139f4    00000060     nvocmp.o (.text.NVOCMP_checkItem)
                  00013a54    00000060     nvocmp.o (.text.NVOCMP_verifyCRC)
                  00013ab4    00000060     drivers_cc13x2x7.a : PKAResourceCC26XX.c.obj (.text.PKAResourceCC26XX_constructRTOSObjects)
                  00013b14    00000060     main.o (.text.main)
                  00013b74    00000060     rf_multiMode_cc13x2.a : rf_patch_mce_bt5.c.cc13x2.ticlang.o (.text.rf_patch_mce_bt5)
                  00013bd4    00000060     osal_icall_ble.o (.text.stack_main)
                  00013c34    00000060     ti_sysbios_config.o (.text.ti_sysbios_knl_Clock_walkQueueDynamic)
                  00013c94    00000060     ti_sysbios_config.o (.text.ti_sysbios_knl_Semaphore_post)
                  00013cf4    00000060     ti_sysbios_config.o (.text.ti_sysbios_knl_Swi_schedule)
                  00013d54    00000060     OneLib.a : ll_common.o (.text)
                  00013db4    00000060              : ll_common.o (.text)
                  00013e14    00000060              : ll_common.o (.text)
                  00013e74    00000060              : sm_pairing.o (.text)
                  00013ed4    00000060     StackWrapper.a : gapbondmgr.o (.text)
                  00013f34    00000060                    : osal_timers.o (.text)
                  00013f94    0000005e     rf_multiMode_cc13x2.a : rfc.c.cc13x2.ticlang.o (.text.NOROM_RFCAnaDivTxOverride)
                  00013ff2    0000005e     OneLib.a : ll_common.o (.text)
                  00014050    0000005c     drivers_cc13x2x7.a : TRNGCC26XX.c.obj (.text.TRNGCC26XX_startTrng)
                  000140ac    0000005c     OneLib.a : gap_configmgr.o (.text)
                  00014108    0000005c              : gap_perilinkmgr.o (.text)
                  00014164    0000005c              : ll_isr.o (.text)
                  000141c0    0000005c              : sm_intpairing.o (.text)
                  0001421c    0000005c              : sm_rsppairing.o (.text)
                  00014278    0000005c     StackWrapper.a : gapbondmgr.o (.text)
                  000142d4    00000058     drivers_cc13x2x7.a : ECDHCC26X2.c.obj (.text.ECDH_construct)
                  0001432c    00000058     icall.o (.text.HEAPMGR_GETLARGESTFREEBUF)
                  00014384    00000058     icall.o (.text.ICall_fetchMsg)
                  000143dc    00000058     icall.o (.text.ICall_registerApp)
                  00014434    00000058     rf_multiMode_cc13x2.a : RFCC26X2_multiMode.c.cc13x2.ticlang.o (.text.RF_applyRfCorePatch)
                  0001448c    00000058     drivers_cc13x2x7.a : TRNGCC26XX.c.obj (.text.TRNG_init)
                  000144e4    00000058     libclang_rt.builtins.a : comparedf2.c.obj (.text.__ledf2)
                  0001453c    00000058     sysbios.a : Hwi_asm_switch_gcc.s.obj (.text.ti_sysbios_family_arm_m3_Hwi_initStacks)
                  00014594    00000058     OneLib.a : gap_scanner.o (.text)
                  000145ec    00000058              : ll_ae.o (.text)
                  00014644    00000058              : ll_common.o (.text)
                  0001469c    00000058              : ll_enc.o (.text)
                  000146f4    00000058     StackWrapper.a : sm_ecc.o (.text)
                  0001474c    00000056     drivers_cc13x2x7.a : StructRingBuf.c.obj (.text.StructRingBuf_put)
                  000147a2    00000056                        : UART2.c.obj (.text.UART2_readCancel)
                  000147f8    00000056     StackWrapper.a : gapbondmgr.o (.text)
                  0001484e    00000002     rom_init.o (.text.MAP_llDmmDynamicFree)
                  00014850    00000054     drivers_cc13x2x7.a : AESCCMCC26XX.c.obj (.text.AESCCM_construct)
                  000148a4    00000054     nvocmp.o (.text.NVOCMP_compactNvApi)
                  000148f8    00000054     nvocmp.o (.text.NVOCMP_getDstPage)
                  0001494c    00000054     rf_multiMode_cc13x2.a : RFCC26X2_multiMode.c.cc13x2.ticlang.o (.text.RF_getCurrentTime)
                  000149a0    00000054     util.o (.text.Util_constructClock)
                  000149f4    00000054     libclang_rt.builtins.a : comparedf2.c.obj (.text.__gedf2)
                  00014a48    00000054     OneLib.a : hci_event.o (.text)
                  00014a9c    00000054              : linkdb.o (.text)
                  00014af0    00000054              : ll.o (.text)
                  00014b44    00000054              : ll_ae.o (.text)
                  00014b98    00000054              : ll_common.o (.text)
                  00014bec    00000052     ti_drivers_config.o (.text.Board_sendExtFlashByte)
                  00014c3e    00000002     rom_init.o (.text.MAP_llDmmSetThreshold)
                  00014c40    00000050     ti_drivers_config.o (.text.Board_shutDownExtFlash)
                  00014c90    00000050     display_cc13x2x7.a : Display.c.obj (.text.Display_doOpen)
                  00014ce0    00000050     nvocmp.o (.text.NVOCMP_loadApiPtrsMin)
                  00014d30    00000050     rf_multiMode_cc13x2.a : RFCC26X2_multiMode.c.cc13x2.ticlang.o (.text.RF_wakeupNotification)
                  00014d80    00000050     ti_sysbios_config.o (.text.ti_sysbios_knl_Swi_post)
                  00014dd0    00000050     ti_sysbios_config.o (.text.ti_sysbios_knl_Swi_runLoop)
                  00014e20    00000050     ti_sysbios_config.o (.text.ti_sysbios_knl_Task_schedule)
                  00014e70    00000050     OneLib.a : gattservapp.o (.text)
                  00014ec0    00000050              : hci_tl.o (.text)
                  00014f10    00000050              : ll_enc.o (.text)
                  00014f60    00000050              : ll_scheduler.o (.text)
                  00014fb0    00000050     StackWrapper.a : osal.o (.text)
                  00015000    00000050                    : osal_clock.o (.text)
                  00015050    0000004e     drivers_cc13x2x7.a : AESECBCC26XX.c.obj (.text.AESECB_startOperation)
                  0001509e    0000004e     nvocmp.o (.text.NVOCMP_readItem)
                  000150ec    0000004e     StackWrapper.a : gap.o (.text)
                  0001513a    0000004e                    : gattservapp_util.o (.text)
                  00015188    0000004c     ti_sysbios_config.o (.text.BIOS_startFunc)
                  000151d4    0000004c     icall.o (.text.ICall_newTask)
                  00015220    0000004c     nvocmp.o (.text.NVOCMP_setItemInactive)
                  0001526c    0000004c     drivers_cc13x2x7.a : NVSCC26XX.c.obj (.text.NVSCC26XX_init)
                  000152b8    0000004c                        : NVSCC26XX.c.obj (.text.NVSCC26XX_read)
                  00015304    0000004c     rf_multiMode_cc13x2.a : RFCC26X2_multiMode.c.cc13x2.ticlang.o (.text.RF_fsmXOSCState)
                  00015350    0000004c     drivers_cc13x2x7.a : StructRingBuf.c.obj (.text.StructRingBuf_get)
                  0001539c    0000004c     rf_multiMode_cc13x2.a : rf_patch_cpe_bt5.c.cc13x2.ticlang.o (.text.configureBt5Patch)
                  000153e8    0000004c     drivers_cc13x2x7.a : PowerCC26X2.c.obj (.text.switchXOSCHF)
                  00015434    0000004c     ti_sysbios_config.o (.text.ti_sysbios_knl_Swi_Instance_init)
                  00015480    0000004c     ti_sysbios_config.o (.text.ti_sysbios_runtime_Startup_exec)
                  000154cc    0000004c     OneLib.a : ble.o (.text)
                  00015518    0000004c              : ll_scheduler.o (.text)
                  00015564    00000048     drivers_cc13x2x7.a : CryptoUtils.c.obj (.text.CryptoUtils_reverseCopyPad)
                  000155ac    00000048     rom_init.o (.text.MAP_llInitFeatureSet)
                  000155f4    00000048     rf_multiMode_cc13x2.a : rfc.c.cc13x2.ticlang.o (.text.NOROM_RFCSynthPowerDown)
                  0001563c    00000048     drivers_cc13x2x7.a : NVS.c.obj (.text.NVS_open)
                  00015684    00000048                        : PowerCC26X2.c.obj (.text.PowerCC26XX_switchXOSC_HF)
                  000156cc    00000048     libclang_rt.builtins.a : fixdfsi.S.obj (.text.__fixdfsi)
                  00015714    00000048     ti_sysbios_config.o (.text.ti_sysbios_family_arm_cc26xx_Timer_start)
                  0001575c    00000048     ti_sysbios_config.o (.text.ti_sysbios_knl_TaskSupport_start)
                  000157a4    00000048     OneLib.a : att_util.o (.text)
                  000157ec    00000048              : gattservapp.o (.text)
                  00015834    00000048              : ll.o (.text)
                  0001587c    00000048              : ll.o (.text)
                  000158c4    00000048              : ll_common.o (.text)
                  0001590c    00000048              : ll_common.o (.text)
                  00015954    00000048              : ll_isr.o (.text)
                  0001599c    00000048              : ll_isr.o (.text)
                  000159e4    00000048     StackWrapper.a : osal_bufmgr.o (.text)
                  00015a2c    00000046     drivers_cc13x2x7.a : RingBuf.c.obj (.text.RingBuf_put)
                  00015a72    00000002     rom_init.o (.text.MAP_llHealthUpdate)
                  00015a74    00000044     ti_sysbios_config.o (.text.BIOS_atExitFunc)
                  00015ab8    00000044     drivers_cc13x2x7.a : GPIOCC26X2.c.obj (.text.GPIO_hwiIntFxn)
                  00015afc    00000044     icall.o (.text.ICall_getEntityId)
                  00015b40    00000044     justworks_scanner.o (.text.JustWorksScanner_passcodeCb)
                  00015b84    00000044     driverlib.lib : prcm.c.obj (.text.NOROM_PRCMPowerDomainsAllOff)
                  00015bc8    00000044                   : prcm.c.obj (.text.NOROM_PRCMPowerDomainsAllOn)
                  00015c0c    00000044     rf_multiMode_cc13x2.a : RFCC26X2_multiMode.c.cc13x2.ticlang.o (.text.RF_cmdGet)
                  00015c50    00000044                           : RFCC26X2_multiMode.c.cc13x2.ticlang.o (.text.RF_updatePowerupDuration)
                  00015c94    00000044     libclang_rt.builtins.a : fixunsdfsi.S.obj (.text.__fixunsdfsi)
                  00015cd8    00000044     ti_sysbios_config.o (.text.ti_sysbios_family_arm_m3_Hwi_construct2)
                  00015d1c    00000044     ti_sysbios_config.o (.text.ti_sysbios_family_arm_m3_Hwi_disableInterrupt)
                  00015d60    00000044     ti_sysbios_config.o (.text.ti_sysbios_family_arm_m3_Hwi_enableInterrupt)
                  00015da4    00000044     ti_sysbios_config.o (.text.ti_sysbios_knl_Swi_restore)
                  00015de8    00000044     ti_sysbios_config.o (.text.ti_sysbios_knl_Task_create)
                  00015e2c    00000044     OneLib.a : ll.o (.text)
                  00015e70    00000044              : ll.o (.text)
                  00015eb4    00000044     StackWrapper.a : osal.o (.text)
                  00015ef8    00000044                    : osal_timers.o (.text)
                  00015f3c    00000042     OneLib.a : ll.o (.text)
                  00015f7e    00000042              : ll_common.o (.text)
                  00015fc0    00000040     drivers_cc13x2x7.a : AESCTRDRBGXX.c.obj (.text.AESCTRDRBGXX_addBigendCounter)
                  00016000    00000040                        : ECDHCC26X2.c.obj (.text.ECDHCC26X2_waitForResult)
                  00016040    00000040                        : PowerCC26X2_calibrateRCOSC.c.obj (.text.PowerCC26X2_RCOSC_clockFunc)
                  00016080    00000040                        : PowerCC26X2_calibrateRCOSC_helpers.c.obj (.text.PowerCC26X2_setAclkRefSrc)
                  000160c0    00000040     util.o (.text.Util_convertBdAddr2Str)
                  00016100    00000040     drivers_cc13x2x7.a : NVSCC26XX.c.obj (.text.disableFlashCache)
                  00016140    00000040     ti_sysbios_config.o (.text.ti_sysbios_family_arm_m3_Hwi_Instance_finalize)
                  00016180    00000040     ti_sysbios_config.o (.text.ti_sysbios_knl_Clock_getTicksUntilInterrupt)
                  000161c0    00000040     ti_sysbios_config.o (.text.ti_sysbios_knl_Task_exit)
                  00016200    00000040     OneLib.a : gap_configmgr.o (.text)
                  00016240    00000040              : gattservapp.o (.text)
                  00016280    00000040              : ll_common.o (.text)
                  000162c0    00000040              : ll_common.o (.text)
                  00016300    00000040              : sm_task.o (.text)
                  00016340    00000040     StackWrapper.a : osal.o (.text)
                  00016380    00000040                    : osal_bufmgr.o (.text)
                  000163c0    00000040                    : osal_timers.o (.text)
                  00016400    0000003e     OneLib.a : ll_common.o (.text)
                  0001643e    00000002     rom_init.o (.text.MAP_llPeriodicScan_PostProcess)
                  00016440    0000003c     drivers_cc13x2x7.a : GPIO.c.obj (.text.GPIO_resetConfig)
                  0001647c    0000003c     ti_sysbios_config.o (.text.HwiP_construct)
                  000164b8    0000003c     driverlib.lib : aes.c.obj (.text.NOROM_AESStartDMAOperation)
                  000164f4    0000003c                   : osc.c.obj (.text.NOROM_OSC_HPOSCRelativeFrequencyOffsetGet)
                  00016530    0000003c     nvocmp.o (.text.NVOCMP_getFreeNvApi)
                  0001656c    0000003c     drivers_cc13x2x7.a : PowerCC26X2_calibrateRCOSC_helpers.c.obj (.text.PowerCC26X2_setTdcClkSrc24M)
                  000165a8    0000003c     justworks_scanner.o (.text.lookupName)
                  000165e4    0000003c     ti_sysbios_config.o (.text.ti_sysbios_family_arm_cc26xx_Timer_periodicStub)
                  00016620    0000003c     ti_sysbios_config.o (.text.ti_sysbios_heaps_HeapCallback_construct)
                  0001665c    0000003c     ti_sysbios_config.o (.text.ti_sysbios_knl_ClockSupport_init)
                  00016698    0000003c     ti_sysbios_config.o (.text.ti_sysbios_knl_Task_blockI)
                  000166d4    0000003c     ti_sysbios_config.o (.text.ti_sysbios_knl_Task_restore)
                  00016710    0000003c     ti_sysbios_config.o (.text.ti_sysbios_runtime_Memory_alloc)
                  0001674c    0000003c     OneLib.a : gattservapp.o (.text)
                  00016788    0000003c              : gattservapp.o (.text)
                  000167c4    0000003c              : hci_event.o (.text)
                  00016800    0000003c              : hci_tl.o (.text)
                  0001683c    0000003c              : linkdb.o (.text)
                  00016878    0000003c              : ll_ae.o (.text)
                  000168b4    0000003c              : ll_ae.o (.text)
                  000168f0    0000003c     StackWrapper.a : osal.o (.text)
                  0001692c    0000003c                    : osal.o (.text)
                  00016968    0000003c                    : osal.o (.text)
                  000169a4    0000003c                    : osal_timers.o (.text)
                  000169e0    0000003c                    : sm_ecc.o (.text)
                  00016a1c    0000003a     drivers_cc13x2x7.a : CryptoUtils.c.obj (.text.CryptoUtils_copyPad)
                  00016a56    0000003a     justworks_scanner.o (.text.JustWorksScanner_scanCb)
                  00016a90    0000003a     ti_sysbios_config.o (.text.ti_sysbios_knl_Task_checkStacks)
                  00016aca    0000003a     OneLib.a : linkdb.o (.text)
                  00016b04    0000003a     StackWrapper.a : osal.o (.text)
                  00016b3e    00000002     rom_init.o (.text.MAP_llProcessPeriodicScanRxFIFO)
                  00016b40    00000038     drivers_cc13x2x7.a : AESCTRCC26XX.c.obj (.text.AESCTR_cleanup)
                  00016b78    00000038                        : AESECBCC26XX.c.obj (.text.AESECB_cleanup)
                  00016bb0    00000038     icall.o (.text.ICall_dispatch)
                  00016be8    00000038     icall.o (.text.ICall_heapFree)
                  00016c20    00000038     icall.o (.text.ICall_searchTask)
                  00016c58    00000038     icall.o (.text.ICall_setTimerMSecs)
                  00016c90    00000038     justworks_scanner.o (.text.JustWorksScanner_clockHandler)
                  00016cc8    00000038     justworks_scanner.o (.text.JustWorksScanner_createTask)
                  00016d00    00000038     justworks_scanner.o (.text.JustWorksScanner_enqueueMsg)
                  00016d38    00000038     driverlib.lib : aux_sysif.c.obj (.text.NOROM_AUXSYSIFOpModeChange)
                  00016d70    00000038                   : osc.c.obj (.text.NOROM_OSCHF_SwitchToRcOscTurnOffXosc)
                  00016da8    00000038                   : sys_ctrl.c.obj (.text.NOROM_SysCtrlIdle)
                  00016de0    00000038     nvocmp.o (.text.NVOCMP_disableCache)
                  00016e18    00000038     nvocmp.o (.text.NVOCMP_write)
                  00016e50    00000038     driverlib.lib : osc.c.obj (.text.OSCHfSourceSwitch)
                  00016e88    00000038     drivers_cc13x2x7.a : PowerCC26X2_helpers.c.obj (.text.PowerCC26X2_oscDisableQualifiers)
                  00016ec0    00000038                        : Random.c.obj (.text.Random_getNumber)
                  00016ef8    00000038                        : RingBuf.c.obj (.text.RingBuf_putAdvance)
                  00016f30    00000038                        : UDMACC26XX.c.obj (.text.UDMACC26XX_close)
                  00016f68    00000038     libclang_rt.builtins.a : extendsfdf2.S.obj (.text.__extendsfdf2)
                  00016fa0    00000038     rf_multiMode_cc13x2.a : rf_patch_cpe_bt5.c.cc13x2.ticlang.o (.text.rf_patch_cpe_bt5)
                  00016fd8    00000038     ti_sysbios_config.o (.text.ti_sysbios_knl_Task_processVitalTaskFlag)
                  00017010    00000038     OneLib.a : gattservapp.o (.text)
                  00017048    00000038              : hci.o (.text)
                  00017080    00000038              : ll_ae.o (.text)
                  000170b8    00000038              : ll_ae.o (.text)
                  000170f0    00000038              : ll_enc.o (.text)
                  00017128    00000038              : ll_enc.o (.text)
                  00017160    00000038              : ll_scheduler.o (.text)
                  00017198    00000038              : ll_scheduler.o (.text)
                  000171d0    00000038              : ll_scheduler.o (.text)
                  00017208    00000038              : sm_rsppairing.o (.text)
                  00017240    00000038     StackWrapper.a : gattservapp_util.o (.text)
                  00017278    00000038                    : osal_timers.o (.text)
                  000172b0    00000038     libc.a : autoinit.c.obj (.text:__TI_auto_init_nobinit_nopinit)
                  000172e8    00000036     drivers_cc13x2x7.a : CryptoUtils.c.obj (.text.CryptoUtils_buffersMatch)
                  0001731e    00000036     icall.o (.text.ICall_fetchServiceMsg)
                  00017354    00000036     ti_sysbios_config.o (.text.SwiP_construct)
                  0001738a    00000036     StackWrapper.a : ble_dispatch_lite.o (.text)
                  000173c0    00000034     ti_sysbios_config.o (.text.BIOS_init)
                  000173f4    00000034     icall.o (.text.ICall_searchServiceEntity)
                  00017428    00000034     nvocmp.o (.text.NVOCMP_changePageState)
                  0001745c    00000034     drivers_cc13x2x7.a : PowerCC26X2_helpers.c.obj (.text.PowerCC26X2_setSubSecIncToXoscLf)
                  00017490    00000034                        : PowerCC26X2.c.obj (.text.Power_releaseConstraint)
                  000174c4    00000034     rf_multiMode_cc13x2.a : RFCC26X2_multiMode.c.cc13x2.ticlang.o (.text.RF_powerConstraintRelease)
                  000174f8    00000034                           : RFCC26X2_multiMode.c.cc13x2.ticlang.o (.text.RF_runDirectImmediateCmd)
                  0001752c    00000034     drivers_cc13x2x7.a : UART2CC26X2.c.obj (.text.UART2Support_sendData)
                  00017560    00000034                        : UART2.c.obj (.text.UART2_rxDisable)
                  00017594    00000034     util.o (.text.Util_enqueueMsg)
                  000175c8    00000034     ti_sysbios_config.o (.text._pthread_cleanupFxn)
                  000175fc    00000034     ti_sysbios_config.o (.text.ti_sysbios_family_arm_cc26xx_Timer_setThreshold)
                  00017630    00000034     ti_sysbios_config.o (.text.ti_sysbios_family_arm_m3_Hwi_getStackInfo)
                  00017664    00000034     ti_sysbios_config.o (.text.ti_sysbios_family_arm_m3_Hwi_init)
                  00017698    00000034     ti_sysbios_config.o (.text.ti_sysbios_knl_Clock_Instance_init)
                  000176cc    00000034     ti_sysbios_config.o (.text.ti_sysbios_knl_Task_unblockI)
                  00017700    00000034     OneLib.a : gap_configmgr.o (.text)
                  00017734    00000034              : hci.o (.text)
                  00017768    00000034              : ll_ae.o (.text)
                  0001779c    00000034              : ll_enc.o (.text)
                  000177d0    00000034     StackWrapper.a : gapbondmgr.o (.text)
                  00017804    00000034                    : icall_startup.o (.text)
                  00017838    00000034     sysbios.a : boot_cortex_m.c.obj (.text:_c_int00)
                  0001786c    00000032     ti_sysbios_config.o (.text.ti_sysbios_knl_Event_pendTimeout)
                  0001789e    00000032     ti_sysbios_config.o (.text.ti_sysbios_knl_Semaphore_pendTimeout)
                  000178d0    00000030     ti_drivers_config.o (.text.Board_wakeUpExtFlash)
                  00017900    00000030     ti_sysbios_config.o (.text.ClockP_construct)
                  00017930    00000030     icall.o (.text.ICall_init)
                  00017960    00000030     icall.o (.text.ICall_primEntityId2ServiceId)
                  00017990    00000030     drivers_cc13x2x7.a : NVSCC26XX.c.obj (.text.NVSCC26XX_erase)
                  000179c0    00000030                        : PowerCC26X2.c.obj (.text.Power_setConstraint)
                  000179f0    00000030     rf_multiMode_cc13x2.a : RFCC26X2_multiMode.c.cc13x2.ticlang.o (.text.RF_checkCmdFsError)
                  00017a20    00000030     rom_init.o (.text.ROM_Init)
                  00017a50    00000030     drivers_cc13x2x7.a : PowerCC26X2.c.obj (.text.notify)
                  00017a80    00000030     ti_sysbios_config.o (.text.ti_sysbios_family_arm_m3_Hwi_excHandlerMin)
                  00017ab0    00000030     ti_sysbios_config.o (.text.ti_sysbios_runtime_System_atexit)
                  00017ae0    00000030     ti_sysbios_config.o (.text.ti_sysbios_runtime_System_processAtExit)
                  00017b10    00000030     OneLib.a : gap_scanner.o (.text)
                  00017b40    00000030              : linkdb.o (.text)
                  00017b70    00000030              : ll_enc.o (.text)
                  00017ba0    00000030              : ll_enc.o (.text)
                  00017bd0    00000030              : ll_scheduler.o (.text)
                  00017c00    00000030     StackWrapper.a : osal_timers.o (.text)
                  00017c30    0000002e     justworks_scanner.o (.text.JustWorksScanner_pairStateCb)
                  00017c5e    0000002e     rf_multiMode_cc13x2.a : RFCC26X2_multiMode.c.cc13x2.ticlang.o (.text.RF_calculateDeltaTimeUs)
                  00017c8c    0000002e     drivers_cc13x2x7.a : RingBuf.c.obj (.text.RingBuf_getConsume)
                  00017cba    0000002e                        : RingBuf.c.obj (.text.RingBuf_putPointer)
                  00017ce8    0000002e     libclang_rt.builtins.a : floatsidf.S.obj (.text.__floatsidf)
                  00017d16    0000002e     OneLib.a : gattservapp.o (.text)
                  00017d44    0000002e              : gattservapp.o (.text)
                  00017d72    00000002     rom_init.o (.text.MAP_llSetPeriodicSyncInfo)
                  00017d74    0000002c     display_cc13x2x7.a : DisplayUart2.c.obj (.text.DisplayUart2Ansi_clear)
                  00017da0    0000002c     icall_cc2650.o (.text.ICallPlatform_pwrDispenseImpl)
                  00017dcc    0000002c     icall_cc2650.o (.text.ICallPlatform_pwrRequireImpl)
                  00017df8    0000002c     icall.o (.text.ICall_getLocalMsgEntityId)
                  00017e24    0000002c     icall.o (.text.ICall_getMaxMSecs)
                  00017e50    0000002c     nvocmp.o (.text.NVOCMP_setCompactHdr)
                  00017e7c    0000002c     drivers_cc13x2x7.a : NVS.c.obj (.text.NVS_init)
                  00017ea8    0000002c     ti_sysbios_config.o (.text.PowerCC26XX_schedulerDisable)
                  00017ed4    0000002c     rf_multiMode_cc13x2.a : RFCC26X2_multiMode.c.cc13x2.ticlang.o (.text.RF_executeDirectImmediateCmd)
                  00017f00    0000002c     drivers_cc13x2x7.a : TRNGCC26XX.c.obj (.text.TRNGCC26XX_stopTrng)
                  00017f2c    0000002c                        : UART2CC26X2.c.obj (.text.UART2CC26X2_getRxData)
                  00017f58    0000002c     ti_sysbios_config.o (.text._pthread_delete)
                  00017f84    0000002c     justworks_scanner.o (.text.freeNameCtx)
                  00017fb0    0000002c     ti_sysbios_config.o (.text.ti_sysbios_knl_Clock_getTicks)
                  00017fdc    0000002c     ti_sysbios_config.o (.text.ti_sysbios_knl_Clock_getTimeout)
                  00018008    0000002c     ti_sysbios_config.o (.text.ti_sysbios_knl_Swi_setPri)
                  00018034    0000002c     ti_sysbios_config.o (.text.ti_sysbios_knl_Task_restoreHwi)
                  00018060    0000002c     OneLib.a : ble.o (.text)
                  0001808c    0000002c              : gap_configmgr.o (.text)
                  000180b8    0000002c              : gatt_task.o (.text)
                  000180e4    0000002c              : gattservapp.o (.text)
                  00018110    0000002c     StackWrapper.a : hal_assert.o (.text)
                  0001813c    0000002c                    : osal_bufmgr.o (.text)
                  00018168    0000002a     drivers_cc13x2x7.a : TRNGCC26XX.c.obj (.text.TRNG_generateKey)
                  00018192    0000002a                        : UART2CC26X2.c.obj (.text.UART2Support_powerRelConstraint)
                  000181bc    0000002a     justworks_scanner.o (.text.strncat)
                  000181e6    0000002a     justworks_scanner.o (.text.strncpy)
                  00018210    0000002a     ti_sysbios_config.o (.text.ti_sysbios_family_arm_cc26xx_Timer_setNextTick)
                  0001823a    0000002a     ti_sysbios_config.o (.text.ti_sysbios_knl_Task_allBlockedFunction)
                  00018264    0000002a     OneLib.a : ll_isr.o (.text)
                  0001828e    00000002     rom_init.o (.text.MAP_llSetRxCfg)
                  00018290    00000028     ti_sysbios_config.o (.text.BIOS_registerRTSLock)
                  000182b8    00000028     icall.o (.text.ICall_createRemoteTasks)
                  000182e0    00000028     icall.o (.text.ICall_heapGetStats)
                  00018308    00000028     icall.o (.text.ICall_sendServiceMsg)
                  00018330    00000028     drivers_cc13x2x7.a : List.c.obj (.text.List_remove)
                  00018358    00000028                        : PowerCC26X2.c.obj (.text.PowerCC26XX_isStableXOSC_HF)
                  00018380    00000028     rf_multiMode_cc13x2.a : RFCC26X2_multiMode.c.cc13x2.ticlang.o (.text.RF_cmdStoreEvents)
                  000183a8    00000028     justworks_scanner.o (.text.getNameCtx)
                  000183d0    00000028     ti_sysbios_config.o (.text.sem_init)
                  000183f8    00000028     sysbios.a : Hwi_asm_gcc.s.obj (.text.ti_sysbios_family_arm_m3_Hwi_excHandlerAsm)
                  00018420    00000028     ti_sysbios_config.o (.text.ti_sysbios_knl_Semaphore_Instance_init)
                  00018448    00000028     ti_sysbios_config.o (.text.ti_sysbios_knl_Swi_init)
[...]
20000f8e  connInitialMaxTxTimeUncoded                                     
20000f90  connInitialMaxTxTimeCoded                                       
20000f92  supportedMaxTxOctets                                            
20000f94  supportedMaxTxTime                                              
20000f96  supportedMaxRxOctets                                            
20000f98  supportedMaxRxTime                                              
20000f9a  taskEndStatus                                                   
20000f9c  postRfOperations                                                
20000f9e  buildInfo                                                       
20000fa0  rfCfgAdiVal                                                     
20000fa4  att_sendRspOnly                                                 
20000fa5  advCount                                                        
20000fa6  updateState                                                     
20000fa7  advInit                                                         
20000fa8  gapProfileRole                                                  
20000fa9  gapDeviceAddrMode                                               
20000faa  gapState                                                        
20000fab  terminateReason                                                 
20000fac  gapScanMaxNumReport                                             
20000fad  gapScanEndReason                                                
20000fae  gapScanPackedAdvRptSize                                         
20000faf  fltPduTypeWanted                                                
20000fb0  fltPduTypeMask                                                  
20000fb1  gapTaskID                                                       
20000fb2  gattNumConns                                                    
20000fb3  gattTaskID                                                      
20000fb4  GATTServApp_TaskID                                              
20000fb5  maxNumPrepareWrites                                             
20000fb6  hciPTMenabled                                                   
20000fb7  ctrlToHostEnable                                                
20000fb8  l2capFlowCtrlMode                                               
20000fb9  l2capTaskID                                                     
20000fba  l2capNumChannels                                                
20000fbb  l2capNumDataPkts                                                
20000fbc  l2capNumPSM                                                     
20000fbd  l2capNumCoChannels                                              
20000fbe  l2cap_gattServAppTaskID                                         
20000fbf  l2capId                                                         
20000fc1  linkDBNumConns                                                  
20000fc2  linkDB_secureConnectionOnlyMode                                 
20000fc3  maxPduSize                                                      
20000fc4  rfFeModeBias                                                    
20000fc5  defaultPhy                                                      
20000fc6  maxNumTxDataBufs                                                
20000fc7  LL_TaskID                                                       
20000fc8  llState                                                         
20000fc9  rssiCorrection                                                  
20000fca  curTxPowerVal                                                   
20000fcb  maxTxPwrForDTM                                                  
20000fcc  onePktPerEvt                                                    
20000fcd  numComplPkts                                                    
20000fce  numComplPktsLimit                                               
20000fcf  numComplPktsFlush                                               
20000fd0  fastTxRespTime                                                  
20000fd1  slOverride                                                      
20000fd2  rxFifoFlowCtrl                                                  
20000fd3  numTxDataBufs                                                   
20000fd4  maxNumConns                                                     
20000fd5  aeCurHandle                                                     
20000fd6  aeCurAdvEnableHandle                                            
20000fd7  aeCurConnHandle                                                 
20000fd8  extScanIndex                                                    
20000fd9  extInitIndex                                                    
20000fda  scanState                                                       
20000fdb  lastPrimPhy                                                     
20000fdc  lastScanRsp                                                     
20000fdd  smTaskID                                                        
20000fde  SM_appExpectingKey                                              
20001900  PowerCC26X2_module                                              
20001b68  gapAttrTbl                                                      
20001c18  gpioPinConfigs                                                  
20001d08  ti_sysbios_runtime_Startup_done                                 
20001d0d  ti_sysbios_knl_Idle_initDone                                    
20001d10  ti_sysbios_runtime_Memory_defaultHeapInstance                   
20001d2c  ti_sysbios_runtime_Error_ignore                                 
20001d38  ti_sysbios_family_arm_cc26xx_Timer_Module_state                 
20001d44  ti_sysbios_runtime_System_Module_state                          
20001d50  ti_sysbios_knl_Swi_Module_state                                 
20001d78  llUserConfig                                                    
20001de4  ICall_dispatcher                                                
20001eb8  BIOS_Module_state                                               
20001ee4  ti_sysbios_family_arm_m3_Hwi_Module_state                       
20001f20  ti_sysbios_knl_Clock_Module_state                               
20002044  pOverrides_bleCommon                                            
20002098  txPowerTable_2400_pa5                                           
200020e8  gattAttrTbl                                                     
20002128  sm_eccKeys_sc_host_debug                                        
200021a4  nvintfFncStruct                                                 
200021e0  ti_sysbios_knl_Task_Module_state                                
200022b0  eccParams_NISTP256                                              
200022d4  pOverrides_ble2Mbps                                             
200022fc  dispHandle                                                      
20002318  ICall_enterCriticalSection                                      
2000231c  ICall_leaveCriticalSection                                      
20002320  heapmgrMemFreeTotal                                             
2000232c  pOverrides_ble1Mbps                                             
20002344  attDeviceName                                                   
2000235a  bleUserCfg_maxPduSize                                           
20002370  DisplayUart2Ansi_escInitial                                     
20002394  RF_modeBle                                                      
200023a4  _hposcCoeffs                                                    
200023b4  bleAppServiceInfoTable                                          
200023c4  pOverrides_bleCoded                                             
200023d4  user0Cfg                                                        
200023e4  gattAttrTbl_gatt_no_service_changed                             
200023f4  sizeInfo                                                        
20002420  RFCC26XX_schedulerPolicy                                        
20002428  ti_sysbios_gates_GateMutexPri_Module_state                      
20002430  ti_sysbios_heaps_HeapCallback_Module_state                      
20002438  ti_sysbios_knl_Event_state                                      
20002440  ti_sysbios_knl_Semaphore_Module_state                           
20002448  periConnParameters                                              
20002450  patchedMasterCtrlPktList                                        
20002458  clientCbs                                                       
20002460  pRandomAddress                                                  
20002466  DisplayUart2Ansi_escClearScreen                                 
2000246b  PKAResourceCC26XX_pollingFlag                                   
20002470  __aeabi_errno                                                   
20002474  _lock                                                           
20002478  _unlock                                                         
2000247c  appAssertCback                                                  
20002480  icallServiceTblPtr                                              
20002484  pRfErrCb                                                        
20002488  pfnBMAlloc                                                      
2000248c  pfnBMFree                                                       
20002490  halAssertCback                                                  
20002494  disconnectImmedConnId                                           
20002496  llUserConfig_maxPduSize                                         
20002498  baseTaskID                                                      
200024a3  deviceNameCharProps                                             
200024a4  appearanceCharProps                                             
200024a5  periConnParamCharProps                                          
200024a6  centAddrResCharProps                                            
200024a7  centAddrRes                                                     
200024a8  resolvablePrivateAddressOnlyCharProps                           
200024a9  GATTServApp_gatt_no_service_changed                             
200024ab  qosDefaultPriorityConnParameter                                 
200024ac  extScanChanMap                                                  
200024ad  sizeOfAllExtConnParam                                           
200024ae  rfRatHandle                                                     
200024af  smAllowDebugKeysMode                                            
200024b0  gapEndAppTaskID                                                 
200024b1  gapAppTaskID                                                    
200024b2  legacyMode                                                      
200033f8  ti_sysbios_knl_Idle_taskStack                                   
200039b8  uart2CC26X2Objects                                              
20003c88  rfObject                                                        
20003d88  ti_sysbios_family_arm_m3_Hwi_dispatchTable                      
20003e60  aesctrdrbgXXObjects                                             
20003f04  extScanReportState                                              
20003fa4  trngCC26XXObjects                                               
200040a8  gpioCallbackFunctions                                           
20004124  gpioUserArgs                                                    
200041a0  cbTimers                                                        
20004280  ti_sysbios_knl_ClockSupport_timerStruct                         
20004338  ti_sysbios_knl_Idle_taskStruct                                  
20004390  CryptoResourceCC26XX_accessSemaphore                            
200043e0  CryptoResourceCC26XX_operationSemaphore                         
20004430  PKAResourceCC26XX_accessSemaphore                               
20004480  PKAResourceCC26XX_operationSemaphore                            
200045dc  nvFptrs                                                         
20004618  ti_sysbios_knl_Swi_readyQs                                      
20004648  ti_sysbios_knl_Task_readyQs                                     
20004678  NVOCMP_nvHandle                                                 
200046a6  appearance                                                      
200046a8  aesecbCC26XXObjects                                             
200046d0  llCteSamples                                                    
20004734  req                                                             
20004754  gapBond_remoteOobData                                           
20004774  gapBond_localOobData                                            
20004794  ecdhCC26X2Objects                                               
200047b4  ti_sysbios_runtime_System_atexitHandlers                        
200047d4  udmaCC26XXObject                                                
20004810  BIOS_heapCallbackObject                                         
2000482c  BIOS_rtsGate                                                    
20004848  CryptoResourceCC26XX_hwi                                        
20004864  PKAResourceCC26XX_hwi                                           
20004880  deviceName                                                      
20004898  aesccmCC26XXObjects                                             
200048d3  scanResToDiscard                                                
200048d4  llCteTest                                                       
200048e0  cteAntennaProp                                                  
200048ec  llTaskList                                                      
200048f8  displayUart2Object                                              
20004904  defaultChannelMap                                               
2000490c  secondaryAdvChannelMap                                          
20004914  llRfCmdPreemption                                               
20004928  ggs_AppCBs                                                      
2000492c  pClientSecCBs                                                   
20004934  linkDBExtra                                                     
20004938  BDAddrPerConnHandle                                             
2000493c  llCte                                                           
20004940  extStackSettings                                                
20004944  llConnExtParam                                                  
20004948  rfMode                                                          
2000494c  trngHandle                                                      
20004950  pNextAdvSet                                                     
20004954  llCurrentMappedChan                                             
20004958  drbgHandle                                                      
2000495c  pRpaCfg                                                         
20004960  pRXWindowTask                                                   
20004964  gapBond_lruBondList                                             
20004968  gapBondStateNodeHead                                            
2000496c  osal_syncHandle                                                 
20004970  osal_icallMsg_hook                                              
20004974  osal_qHead                                                      
20004978  osal_max_msecs                                                  
2000497c  osal_tickperiod                                                 
20004980  osal_eventloop_hook                                             
20004984  bm_preReleaseBuffCB                                             
20004990  OSAL_timeSeconds                                                
20004994  timerHead                                                       
2000499c  osal_last_timestamp                                             
200049a0  HEAPMGR_SIZE                                                    
200049a4  PowerCC26XX_swiKey                                              
200049a8  PowerCC26XX_taskKey                                             
200049ac  tasksEvents                                                     
200049b0  ti_sysbios_family_arm_cc26xx_TimestampProvider_Module_state     
200049b4  ti_sysbios_knl_Task_defaultStackHeap                            
200049b8  maximumPduSize                                                  
200049ba  extScanNumMissed                                                
200049bc  pwrmgr_attribute                                                
200049be  resolvablePrivateAddressOnly                                    
200049bf  GATTServApp_att_delayed_req                                     
200049c0  hciTaskID                                                       
200049c1  hciL2capTaskID                                                  
200049c2  hciGapTaskID                                                    
200049c3  hciSmpTaskID                                                    
200049c4  hciTestTaskID                                                   
200049c5  hciVsEvtMask                                                    
200049c6  scanReqRpt                                                      
200049c7  secondaryAdvChannelMapPopCount                                  
200049c8  qosDefaultPriorityScnParameter                                  
200049c9  qosDefaultPriorityInitParameter                                 
200049ca  maxNumCteDataBufs                                               
200049cb  numActiveAdvSets                                                
200049cc  wlSize                                                          
200049cd  rlSize                                                          
200049ce  decryptResult                                                   
200049cf  llUnhandleNextIntFlag                                           
200049d0  smAuthenPairingOnlyMode                                         
200049d1  icall_liteTaskId                                                
200049d2  gapBond_removeLRUBond                                           
200049d3  gapBond_syncRL                                                  
200049d4  assertSubcause                                                  
200049d5  osal_entity                                                     
200049d6  pwrmgr_initialized                                              
200049d7  NVOCMP_size                                                     
200049d8  gAction                                                         
200049d9  nvsCC26XXObjects                                                
20004a00  ti_sysbios_family_arm_m3_Hwi_ramVectors                         
20004ad8  heapStart                                                       
20023c00  __stack                                                         
20023c00  heapEnd                                                         
20024000  __STACK_END                                                     
20024000  __STACK_TOP                                                     
20024000  __UNUSED_SRAM_end__                                             
ffffffff  __TI_pprof_out_hndl                                             
ffffffff  __TI_prof_data_size                                             
ffffffff  __TI_prof_data_start                                            
ffffffff  __binit__                                                       
ffffffff  binit                                                           
UNDEFED   ITM_flush                                                       
UNDEFED   ITM_restore                                                     
UNDEFED   __c_args__                                                      
UNDEFED   __mpu_init                                                      

[2573 symbols]
