******************************************************************************
            TI ARM Clang Linker Unix v4.0.3
******************************************************************************
>> Linked Sun Aug 31 01:04:47 2025

OUTPUT FILE NAME:   <simple_central_LP_CC1352P7_1_tirtos7_ticlang.out>
ENTRY POINT SYMBOL: "ResetISR"  address: 0001a18d


MEMORY CONFIGURATION

         name            origin    length      used     unused   attr    fill
----------------------  --------  ---------  --------  --------  ----  --------
  FLASH                 00000000   000ae000  000216ed  0008c913  R  X
  FLASH_LAST_PAGE       000ae000   00002000  00000058  00001fa8  R  X
  RTOS_SRAM             20000000   0000012c  00000000  0000012c  RW X
  SRAM                  20000fdf   00023021  00002ff8  00020029  RW X


SEGMENT ALLOCATION MAP

run origin  load origin   length   init length attrs members
----------  ----------- ---------- ----------- ----- -------
00000000    00000000    0001d6f0   0001d6f0    r-x
  00000000    00000000    0000003c   0000003c    r-- .resetVecs
  0000003c    0000003c    00000004   00000004    r-- .rodata.1
  00000040    00000040    0001a91c   0001a91c    r-x .text
  0001a95c    0001a95c    000029a9   000029a9    r-- .rodata.2
  0001d308    0001d308    00000008   00000008    r-- .log_data
  0001d310    0001d310    000003e0   000003e0    r-- .cinit
00048000    00048000    00004000   00000000    rw-
  00048000    00048000    00004000   00000000    rw- .TI.bound:flashBuf0
000affa8    000affa8    00000058   00000058    r--
  000affa8    000affa8    00000058   00000058    r-- .ccfg
20001810    20001810    00000020   00000000    rw-
  20001810    20001810    00000010   00000000    rw- .TI.bound:dmaUart0RxControlTableEntry
  20001820    20001820    00000010   00000000    rw- .TI.bound:dmaUart0TxControlTableEntry
20001900    20001900    00002a1a   00000000    rw-
  20001900    20001900    00000bb3   00000000    rw- .data
  200024b8    200024b8    00001e62   00000000    rw- .bss
20004400    20004400    000000d8   00000000    rw-
  20004400    20004400    000000d8   00000000    rw- .ramVecs
20023c00    20023c00    00000400   00000000    rw-
  20023c00    20023c00    00000400   00000000    rw- .stack


SECTION ALLOCATION MAP

 output                                  attributes/
section   page    origin      length       input sections
--------  ----  ----------  ----------   ----------------
.resetVecs
*          0    00000000    0000003c
                  00000000    0000003c     ti_sysbios_config.o (.resetVecs)

.rodata.1
*          0    0000003c    00000004
                  0000003c    00000004     drivers_cc13x2x7.a : NVS.c.obj (.rodata.NVS_defaultParams)

.cinit     0    0001d310    000003e0
                  0001d310    00000389     (.cinit..data.load) [load image, compression = lzss]
                  0001d699    00000003     --HOLE-- [fill = 0]
                  0001d69c    0000000c     (__TI_handler_table)
                  0001d6a8    00000008     (.cinit..TI.bound:dmaUart0RxControlTableEntry.load) [load image, compression = zero_init]
                  0001d6b0    00000008     (.cinit..TI.bound:dmaUart0TxControlTableEntry.load) [load image, compression = zero_init]
                  0001d6b8    00000008     (.cinit..bss.load) [load image, compression = zero_init]
                  0001d6c0    00000008     (.cinit..ramVecs.load) [load image, compression = zero_init]
                  0001d6c8    00000028     (__TI_cinit_table)

.init_array
*          0    00000000    00000000     UNINITIALIZED

.ccfg      0    000affa8    00000058
                  000affa8    00000058     ti_devices_config.o (.ccfg)

.data      0    20001900    00000bb3     UNINITIALIZED
                  20001900    00000174     drivers_cc13x2x7.a : PowerCC26X2.c.obj (.data.PowerCC26X2_module)
                  20001a74    000000f4     StackWrapper.a : gapbondmgr.o (.data)
                  20001b68    000000b0     OneLib.a : gapgattserver.o (.data)
                  20001c18    0000007c     ti_drivers_config.o (.data.gpioPinConfigs)
                  20001c94    00000074     justworks_scanner.o (.data..L_MergedGlobals.102)
                  20001d08    00000070     ti_sysbios_config.o (.data..L_MergedGlobals)
                  20001d78    0000006c     OneLib.a : ll_config.o (.data)
                  20001de4    00000004     icall.o (.data.ICall_dispatcher)
                  20001de8    00000068     justworks_scanner.o (.data..L_MergedGlobals.101)
                  20001e50    00000068     rf_multiMode_cc13x2.a : RFCC26X2_multiMode.c.cc13x2.ticlang.o (.data..L_MergedGlobals.1)
                  20001eb8    00000068     ti_sysbios_config.o (.data..L_MergedGlobals.71)
                  20001f20    00000068     ti_sysbios_config.o (.data.ti_sysbios_knl_Clock_Module_state)
                  20001f88    00000064     rf_multiMode_cc13x2.a : RFCC26X2_multiMode.c.cc13x2.ticlang.o (.data..L_MergedGlobals.3)
                  20001fec    00000058                           : RFCC26X2_multiMode.c.cc13x2.ticlang.o (.data..L_MergedGlobals.2)
                  20002044    00000054     ti_radio_config.o (.data.pOverrides_bleCommon)
                  20002098    00000050     ti_radio_config.o (.data.txPowerTable_2400_pa5)
                  200020e8    00000040     OneLib.a : gattservapp.o (.data)
                  20002128    00000040              : sm_pairing.o (.data)
                  20002168    0000003c     icall.o (.data..L_MergedGlobals.1)
                  200021a4    0000003c     icall_user_config.o (.data.nvintfFncStruct)
                  200021e0    0000003c     ti_sysbios_config.o (.data.ti_sysbios_knl_Task_Module_state)
                  2000221c    00000038     drivers_cc13x2x7.a : TRNGCC26XX.c.obj (.data..L_MergedGlobals.1)
                  20002254    00000004                        : PowerCC26X2.c.obj (.data.PowerCC26X2_rtcSubSecInc)
                  20002258    00000030                        : TRNGCC26XX.c.obj (.data..L_MergedGlobals)
                  20002288    00000028     nvocmp.o (.data..L_MergedGlobals.1)
                  200022b0    00000024     ble_user_config.o (.data.eccParams_NISTP256)
                  200022d4    00000024     ti_radio_config.o (.data.pOverrides_ble2Mbps)
                  200022f8    0000001c     justworks_scanner.o (.data..L_MergedGlobals)
                  20002314    00000018     icall.o (.data..L_MergedGlobals)
                  2000232c    00000018     ti_radio_config.o (.data.pOverrides_ble1Mbps)
                  20002344    00000015     ti_ble_config.o (.data.attDeviceName)
                  20002359    00000001     drivers_cc13x2x7.a : AESCTRCC26XX.c.obj (.data.AESCTR_isInitialized)
                  2000235a    00000002     ble_user_config.o (.data.bleUserCfg_maxPduSize)
                  2000235c    00000014     StackWrapper.a : osal.o (.data)
                  20002370    00000013     display_cc13x2x7.a : DisplayUart2.c.obj (.data.DisplayUart2Ansi_escInitial)
                  20002383    00000001     nvocmp.o (.data.NVOCMP_failF)
                  20002384    00000010     driverlib.lib : osc.c.obj (.data..L_MergedGlobals)
                  20002394    00000010     ti_radio_config.o (.data.RF_modeBle)
                  200023a4    00000010     driverlib.lib : osc.c.obj (.data._hposcCoeffs)
                  200023b4    00000010     icall_user_config.o (.data.bleAppServiceInfoTable)
                  200023c4    00000010     ti_radio_config.o (.data.pOverrides_bleCoded)
                  200023d4    00000010     main.o (.data.user0Cfg)
                  200023e4    00000010     OneLib.a : gattservapp.o (.data)
                  200023f4    00000010              : ll_data.o (.data)
                  20002404    0000000c     drivers_cc13x2x7.a : NVSCC26XX.c.obj (.data..L_MergedGlobals)
                  20002410    00000008     icall_cc2650.o (.data..L_MergedGlobals)
                  20002418    00000008     rf_multiMode_cc13x2.a : RFCC26X2_multiMode.c.cc13x2.ticlang.o (.data..L_MergedGlobals)
                  20002420    00000008                           : RFCC26X2_multiMode.c.cc13x2.ticlang.o (.data.RFCC26XX_schedulerPolicy)
                  20002428    00000008     ti_sysbios_config.o (.data.ti_sysbios_gates_GateMutexPri_Module_state)
                  20002430    00000008     ti_sysbios_config.o (.data.ti_sysbios_heaps_HeapCallback_Module_state)
                  20002438    00000008     ti_sysbios_config.o (.data.ti_sysbios_knl_Event_state)
                  20002440    00000008     ti_sysbios_config.o (.data.ti_sysbios_knl_Semaphore_Module_state)
                  20002448    00000008     OneLib.a : gapgattserver.o (.data)
                  20002450    00000008              : ll_master_end_causes.o (.data)
                  20002458    00000008     StackWrapper.a : gapbondmgr.o (.data)
                  20002460    00000006     ti_ble_config.o (.data.pRandomAddress)
                  20002466    00000005     display_cc13x2x7.a : DisplayUart2.c.obj (.data.DisplayUart2Ansi_escClearScreen)
                  2000246b    00000001     drivers_cc13x2x7.a : PKAResourceCC26XX.c.obj (.data.PKAResourceCC26XX_pollingFlag)
                  2000246c    00000004     rf_multiMode_cc13x2.a : RFCC26X2_multiMode.c.cc13x2.ticlang.o (.data.RF_fsmActiveState.lfClockSourceLast)
                  20002470    00000004     libc.a : aeabi_portable.c.obj (.data.__aeabi_errno)
                  20002474    00000004            : _lock.c.obj (.data._lock)
                  20002478    00000004            : _lock.c.obj (.data._unlock)
                  2000247c    00000004     ble_user_config.o (.data.appAssertCback)
                  20002480    00000004     ble_user_config_stack.o (.data.icallServiceTblPtr)
                  20002484    00000004     icall_api_lite.o (.data.pRfErrCb)
                  20002488    00000004     icall_api_lite.o (.data.pfnBMAlloc)
                  2000248c    00000004     icall_api_lite.o (.data.pfnBMFree)
                  20002490    00000004     StackWrapper.a : hal_assert.o (.data)
                  20002494    00000002     OneLib.a : ll.o (.data)
                  20002496    00000002              : ll_config.o (.data)
                  20002498    00000002     StackWrapper.a : osal_cbtimer.o (.data)
                  2000249a    00000001     rf_multiMode_cc13x2.a : rf_patch_cpe_bt5.c.cc13x2.ticlang.o (.data.bBt5PatchEntered)
                  2000249b    00000001     drivers_cc13x2x7.a : GPIOCC26X2.c.obj (.data.initCalled)
                  2000249c    00000001                        : AESCCMCC26XX.c.obj (.data.isInitialized)
                  2000249d    00000001                        : AESCTRDRBGXX.c.obj (.data.isInitialized)
                  2000249e    00000001                        : AESECBCC26XX.c.obj (.data.isInitialized)
                  2000249f    00000001                        : CryptoResourceCC26XX.c.obj (.data.isInitialized)
                  200024a0    00000001                        : ECDHCC26X2.c.obj (.data.isInitialized)
                  200024a1    00000001                        : NVS.c.obj (.data.isInitialized)
                  200024a2    00000001                        : PKAResourceCC26XX.c.obj (.data.isInitialized)
                  200024a3    00000001     OneLib.a : gapgattserver.o (.data)
                  200024a4    00000001              : gapgattserver.o (.data)
                  200024a5    00000001              : gapgattserver.o (.data)
                  200024a6    00000001              : gapgattserver.o (.data)
                  200024a7    00000001              : gapgattserver.o (.data)
                  200024a8    00000001              : gapgattserver.o (.data)
                  200024a9    00000001              : gattservapp.o (.data)
                  200024aa    00000001              : gattservapp.o (.data)
                  200024ab    00000001              : ll.o (.data)
                  200024ac    00000001              : ll_ae.o (.data)
                  200024ad    00000001              : ll_data.o (.data)
                  200024ae    00000001              : ll_scheduler.o (.data)
                  200024af    00000001              : sm_task.o (.data)
                  200024b0    00000001     StackWrapper.a : gap.o (.data)
                  200024b1    00000001                    : gap.o (.data)
                  200024b2    00000001                    : hal_assert.o (.data)

.bss       0    200024b8    00001e62     UNINITIALIZED
                  200024b8    000004c0     justworks_scanner.o (.bss.nameCache)
                  20002978    00000400     justworks_scanner.o (.bss.jwTaskStack)
                  20002d78    00000300     (.common:ti_sysbios_knl_Idle_taskStack)
                  20003078    000002c0     rf_multiMode_cc13x2.a : RFCC26X2_multiMode.c.cc13x2.ticlang.o (.bss.RF_cmdPool)
                  20003338    00000170     (.common:uart2CC26X2Objects)
                  200034a8    00000120     justworks_scanner.o (.bss.connectTries)
                  200035c8    00000100     OneLib.a : ll.o (.bss)
                  200036c8    000000d8     (.common:ti_sysbios_family_arm_m3_Hwi_dispatchTable)
                  200037a0    000000a4     (.common:aesctrdrbgXXObjects)
                  20003844    000000a0              : ll_ae.o (.bss)
                  200038e4    00000084     (.common:trngCC26XXObjects)
                  20003968    00000080     ti_drivers_config.o (.bss.displayUART2Buffer)
                  200039e8    0000007c     (.common:gpioCallbackFunctions)
                  20003a64    0000007c     (.common:gpioUserArgs)
                  20003ae0    00000078     StackWrapper.a : osal_cbtimer.o (.bss)
                  20003b58    00000068     rf_multiMode_cc13x2.a : RFCC26X2_multiMode.c.cc13x2.ticlang.o (.bss.RF_ratModule)
                  20003bc0    00000060     (.common:ti_sysbios_knl_ClockSupport_timerStruct)
                  20003c20    00000058     justworks_scanner.o (.bss.jwTask)
                  20003c78    00000058     (.common:ti_sysbios_knl_Idle_taskStruct)
                  20003cd0    00000050     (.common:CryptoResourceCC26XX_accessSemaphore)
                  20003d20    00000050     (.common:CryptoResourceCC26XX_operationSemaphore)
                  20003d70    00000050     (.common:PKAResourceCC26XX_accessSemaphore)
                  20003dc0    00000050     (.common:PKAResourceCC26XX_operationSemaphore)
                  20003e10    00000048     icall.o (.bss.ICall_entities)
                  20003e58    00000044     rf_multiMode_cc13x2.a : RFCC26X2_multiMode.c.cc13x2.ticlang.o (.bss.RF_clkInactivityObj)
                  20003e9c    00000044                           : RFCC26X2_multiMode.c.cc13x2.ticlang.o (.bss.RF_clkPowerUpObj)
                  20003ee0    0000003c                           : RFCC26X2_multiMode.c.cc13x2.ticlang.o (.bss.RF_swiHwObj)
                  20003f1c    0000003c     StackWrapper.a : osal_snv_wrapper.o (.bss)
                  20003f58    00000030     (.common:ti_sysbios_knl_Swi_readyQs)
                  20003f88    00000030     (.common:ti_sysbios_knl_Task_readyQs)
                  20003fb8    0000002e     (.common:NVOCMP_nvHandle)
                  20003fe6    00000002     OneLib.a : gapgattserver.o (.bss)
                  20003fe8    00000028     (.common:aesecbCC26XXObjects)
                  20004010    00000024              : ll.o (.bss)
                  20004034    00000020     ti_drivers_config.o (.bss.uart2RxRingBuffer0)
                  20004054    00000020     ti_drivers_config.o (.bss.uart2TxRingBuffer0)
                  20004074    00000020     OneLib.a : gattservapp.o (.bss)
                  20004094    00000020     StackWrapper.a : gapbondmgr.o (.bss)
                  200040b4    00000020                    : gapbondmgr.o (.bss)
                  200040d4    00000020     (.common:ecdhCC26X2Objects)
                  200040f4    00000020     (.common:ti_sysbios_runtime_System_atexitHandlers)
                  20004114    00000020     (.common:udmaCC26XXObject)
                  20004134    0000001c     drivers_cc13x2x7.a : GPIOCC26X2.c.obj (.bss.gpioHwi)
                  20004150    0000001c     (.common:BIOS_heapCallbackObject)
                  2000416c    0000001c     (.common:BIOS_rtsGate)
                  20004188    0000001c     (.common:CryptoResourceCC26XX_hwi)
                  200041a4    0000001c     (.common:PKAResourceCC26XX_hwi)
                  200041c0    00000018     OneLib.a : gapgattserver.o (.bss)
                  200041d8    00000018     (.common:aesccmCC26XXObjects)
                  200041f0    00000014     drivers_cc13x2x7.a : Random.c.obj (.bss.state)
                  20004204    0000000f     util.o (.bss.Util_convertBdAddr2Str.str)
                  20004213    00000001     OneLib.a : gap_scanner.o (.bss)
                  20004214    0000000c              : ll.o (.bss)
                  20004220    0000000c              : ll.o (.bss)
                  2000422c    0000000c              : ll_scheduler.o (.bss)
                  20004238    0000000c     (.common:displayUart2Object)
                  20004244    00000008              : ll.o (.bss)
                  2000424c    00000008              : ll.o (.bss)
                  20004254    00000008              : ll_ae.o (.bss)
                  2000425c    00000008     StackWrapper.a : gapbondmgr.o (.bss)
                  20004264    00000004     drivers_cc13x2x7.a : ECDHCC26X2.c.obj (.bss.resultPKAMemAddr)
                  20004268    00000004     OneLib.a : gapgattserver.o (.bss)
                  2000426c    00000004              : gatt_client.o (.bss)
                  20004270    00000004              : gattservapp.o (.bss)
                  20004274    00000004              : linkdb.o (.bss)
                  20004278    00000004              : linkdb.o (.bss)
                  2000427c    00000004              : ll.o (.bss)
                  20004280    00000004              : ll.o (.bss)
                  20004284    00000004              : ll.o (.bss)
                  20004288    00000004              : ll.o (.bss)
                  2000428c    00000004              : ll.o (.bss)
                  20004290    00000004              : ll_ae.o (.bss)
                  20004294    00000004              : ll_common.o (.bss)
                  20004298    00000004              : ll_enc.o (.bss)
                  2000429c    00000004              : ll_privacy.o (.bss)
                  200042a0    00000004              : ll_scheduler.o (.bss)
                  200042a4    00000004     StackWrapper.a : gapbondmgr.o (.bss)
                  200042a8    00000004                    : gapbondmgr.o (.bss)
                  200042ac    00000004                    : osal.o (.bss)
                  200042b0    00000004                    : osal.o (.bss)
                  200042b4    00000004                    : osal.o (.bss)
                  200042b8    00000004                    : osal.o (.bss)
                  200042bc    00000004                    : osal.o (.bss)
                  200042c0    00000004                    : osal.o (.bss)
                  200042c4    00000004                    : osal_bufmgr.o (.bss)
                  200042c8    00000004                    : osal_bufmgr.o (.bss)
                  200042cc    00000004                    : osal_clock.o (.bss)
                  200042d0    00000004                    : osal_clock.o (.bss)
                  200042d4    00000004                    : osal_timers.o (.bss)
                  200042d8    00000004                    : osal_timers.o (.bss)
                  200042dc    00000004                    : osal_timers.o (.bss)
                  200042e0    00000004     (.common:HEAPMGR_SIZE)
                  200042e4    00000004     (.common:PowerCC26XX_swiKey)
                  200042e8    00000004     (.common:PowerCC26XX_taskKey)
                  200042ec    00000004     (.common:tasksEvents)
                  200042f0    00000004     (.common:ti_sysbios_family_arm_cc26xx_TimestampProvider_Module_state)
                  200042f4    00000004     (.common:ti_sysbios_knl_Task_defaultStackHeap)
                  200042f8    00000002     OneLib.a : ll.o (.bss)
                  200042fa    00000002              : ll_ae.o (.bss)
                  200042fc    00000002     StackWrapper.a : osal_pwrmgr.o (.bss)
                  200042fe    00000001     OneLib.a : gapgattserver.o (.bss)
                  200042ff    00000001              : gattservapp.o (.bss)
                  20004300    00000001              : hci_tl.o (.bss)
                  20004301    00000001              : hci_tl.o (.bss)
                  20004302    00000001              : hci_tl.o (.bss)
                  20004303    00000001              : hci_tl.o (.bss)
                  20004304    00000001              : hci_tl.o (.bss)
                  20004305    00000001              : hci_tl.o (.bss)
                  20004306    00000001              : ll.o (.bss)
                  20004307    00000001              : ll.o (.bss)
                  20004308    00000001              : ll.o (.bss)
                  20004309    00000001              : ll.o (.bss)
                  2000430a    00000001              : ll.o (.bss)
                  2000430b    00000001              : ll_ae.o (.bss)
                  2000430c    00000001              : ll_config.o (.bss)
                  2000430d    00000001              : ll_config.o (.bss)
                  2000430e    00000001              : ll_enc.o (.bss)
                  2000430f    00000001              : ll_isr.o (.bss)
                  20004310    00000001              : sm_task.o (.bss)
                  20004311    00000001     StackWrapper.a : ble_dispatch_lite.o (.bss)
                  20004312    00000001                    : gapbondmgr.o (.bss)
                  20004313    00000001                    : gapbondmgr.o (.bss)
                  20004314    00000001                    : hal_assert.o (.bss)
                  20004315    00000001                    : osal.o (.bss)
                  20004316    00000001                    : osal_pwrmgr.o (.bss)
                  20004317    00000001     (.common:NVOCMP_size)
                  20004318    00000001     (.common:gAction)
                  20004319    00000001     (.common:nvsCC26XXObjects)

.vtable    0    2000431a    00000000     UNINITIALIZED

.vtable_ram
*          0    2000431a    00000000     UNINITIALIZED

vtable_ram
*          0    2000431a    00000000     UNINITIALIZED

.sysmem    0    2000431a    00000000     UNINITIALIZED

.nonretenvar
*          0    2000431a    00000000     UNINITIALIZED

.ramVecs   0    20004400    000000d8     UNINITIALIZED
                  20004400    000000d8     ti_sysbios_config.o (.ramVecs)

.stack     0    20023c00    00000400     UNINITIALIZED
                  20023c00    00000004     sysbios.a : boot_cortex_m.c.obj (.stack)
                  20023c04    000003fc     --HOLE--

.TI.bound:flashBuf0
*          0    00048000    00004000     UNINITIALIZED
                  00048000    00004000     ti_drivers_config.o (.TI.bound:flashBuf0)

.TI.bound:dmaUart0RxControlTableEntry
*          0    20001810    00000010     UNINITIALIZED
                  20001810    00000010     ti_drivers_config.o (.TI.bound:dmaUart0RxControlTableEntry)

.TI.bound:dmaUart0TxControlTableEntry
*          0    20001820    00000010     UNINITIALIZED
                  20001820    00000010     ti_drivers_config.o (.TI.bound:dmaUart0TxControlTableEntry)

.text      0    00000040    0001a91c
                  00000040    00000e74     justworks_scanner.o (.text.JustWorksScanner_taskFxn)
                  00000eb4    00000b44     StackWrapper.a : gapbondmgr.o (.text)
                  000019f8    0000083c     OneLib.a : ll_scheduler.o (.text)
                  00002234    00000700     StackWrapper.a : gapbondmgr.o (.text)
                  00002934    00000510     OneLib.a : ble.o (.text)
                  00002e44    00000498              : ll_isr.o (.text)
                  000032dc    00000490     rf_multiMode_cc13x2.a : RFCC26X2_multiMode.c.cc13x2.ticlang.o (.text.RF_fsmActiveState)
                  0000376c    00000458     OneLib.a : ll.o (.text)
                  00003bc4    00000424              : ll_scheduler.o (.text)
                  00003fe8    000003b4              : ll_ae.o (.text)
                  0000439c    00000398              : ble.o (.text)
                  00004734    0000035c     ti_sysbios_config.o (.text.ti_sysbios_runtime_System_doPrint)
                  00004a90    0000033e     OneLib.a : ll_ae.o (.text)
                  00004dce    00000002     ti_sysbios_config.o (.text.BIOS_nullFunc)
                  00004dd0    0000030c     OneLib.a : ll_master_end_causes.o (.text)
                  000050dc    000002b0     nvocmp.o (.text.NVOCMP_initNvApi)
                  0000538c    000002b0     StackWrapper.a : gapbondmgr.o (.text)
                  0000563c    000002ac     OneLib.a : ll.o (.text)
                  000058e8    000002a8     rf_multiMode_cc13x2.a : RFCC26X2_multiMode.c.cc13x2.ticlang.o (.text.RF_open)
                  00005b90    000002a0     OneLib.a : ll_isr.o (.text)
                  00005e30    00000284     nvocmp.o (.text.NVOCMP_compactPage)
                  000060b4    0000025c     StackWrapper.a : gapbondmgr.o (.text)
                  00006310    00000254     OneLib.a : ll_data.o (.text)
                  00006564    0000024c     nvocmp.o (.text.NVOCMP_addItem)
                  000067b0    00000244     OneLib.a : ll_ae.o (.text)
                  000069f4    00000234              : ll_common.o (.text)
                  00006c28    00000220     drivers_cc13x2x7.a : ECDHCC26X2.c.obj (.text.ECDHCC26X2_hwiFxn)
                  00006e48    00000218     OneLib.a : gattservapp.o (.text)
                  00007060    000001f4              : ll.o (.text)
                  00007254    000001f0     drivers_cc13x2x7.a : UART2CC26X2.c.obj (.text.UART2CC26X2_hwiIntFxn)
                  00007444    000001e8     rf_multiMode_cc13x2.a : RFCC26X2_multiMode.c.cc13x2.ticlang.o (.text.RF_scheduleCmd)
                  0000762c    000001e0     StackWrapper.a : osal.o (.text)
                  0000780c    000001dc     rf_multiMode_cc13x2.a : RFCC26X2_multiMode.c.cc13x2.ticlang.o (.text.RF_dispatchNextCmd)
                  000079e8    000001d8     OneLib.a : ll_isr.o (.text)
                  00007bc0    000001c0     ble_user_config_stack.o (.text.setBleUserConfig)
                  00007d80    000001b6     libclang_rt.builtins.a : adddf3.S.obj (.text.adddf3_subdf3)
                  00007f36    00000002     ti_drivers_config.o (.text.Board_initHook)
                  00007f38    000001a4     OneLib.a : ll_isr.o (.text)
                  000080dc    000001a0     drivers_cc13x2x7.a : AESECBCC26XX.c.obj (.text.AESECB_addDataInternal)
                  0000827c    0000019c     OneLib.a : ll_common.o (.text)
                  00008418    00000196              : ll_common.o (.text)
                  000085ae    00000002     ble_user_config.o (.text.DefaultAssertCback)
                  000085b0    00000194     drivers_cc13x2x7.a : PowerCC26X2_calibrateRCOSC.c.obj (.text.PowerCC26X2_auxISR)
                  00008744    0000018c                        : UART2CC26X2.c.obj (.text.UART2_open)
                  000088d0    0000018c     OneLib.a : gap_task.o (.text)
                  00008a5c    00000188     drivers_cc13x2x7.a : AESCCMCC26XX.c.obj (.text.AESCCM_startOperation)
                  00008be4    00000184     OneLib.a : ll_master_end_causes.o (.text)
                  00008d68    00000184              : ll_scheduler.o (.text)
                  00008eec    0000017c     drivers_cc13x2x7.a : ECDHCC26X2.c.obj (.text.ECDH_computeSharedSecret)
                  00009068    0000017c     OneLib.a : sm_intpairing.o (.text)
                  000091e4    00000178              : gattservapp.o (.text)
                  0000935c    0000016c     drivers_cc13x2x7.a : UART2.c.obj (.text.UART2_writeTimeoutBlocking)
                  000094c8    0000016c     OneLib.a : ll.o (.text)
                  00009634    0000016c              : ll_ae.o (.text)
                  000097a0    00000158     drivers_cc13x2x7.a : AESCTRCC26XX.c.obj (.text.AESCTR_processData)
                  000098f8    00000158                        : PowerCC26X2.c.obj (.text.Power_sleep)
                  00009a50    00000154     OneLib.a : ll_common.o (.text)
                  00009ba4    00000150              : ll_isr.o (.text)
                  00009cf4    0000014c     icall.o (.text.ICall_waitMatch)
                  00009e40    0000014c     rf_multiMode_cc13x2.a : RFCC26X2_multiMode.c.cc13x2.ticlang.o (.text.RF_radioOpDoneCb)
                  00009f8c    00000144     OneLib.a : gattservapp.o (.text)
                  0000a0d0    00000144     StackWrapper.a : osal.o (.text)
                  0000a214    00000140                    : gap.o (.text)
                  0000a354    00000004     drivers_cc13x2x7.a : AESCTRDRBGXX.c.obj (.text.AESCTRDRBG_getBytes)
                  0000a358    0000013c     ti_sysbios_config.o (.text.ti_sysbios_runtime_System_printfExtend)
                  0000a494    00000138     rf_multiMode_cc13x2.a : RFCC26X2_multiMode.c.cc13x2.ticlang.o (.text.RF_abortCmd)
                  0000a5cc    00000134                           : RFCC26X2_multiMode.c.cc13x2.ticlang.o (.text.RF_ratSetupChannel)
                  0000a700    00000134     OneLib.a : ll_isr.o (.text)
                  0000a834    00000130              : l2cap_util.o (.text)
                  0000a964    0000012c     rf_multiMode_cc13x2.a : RFCC26X2_multiMode.c.cc13x2.ticlang.o (.text.RF_close)
                  0000aa90    0000012c     drivers_cc13x2x7.a : TRNGCC26XX.c.obj (.text.TRNGCC26XX_hwiFxn)
                  0000abbc    00000124     rf_multiMode_cc13x2.a : RFCC26X2_multiMode.c.cc13x2.ticlang.o (.text.RF_fsmSetupState)
                  0000ace0    00000120     nvocmp.o (.text.NVOCMP_findItem)
                  0000ae00    00000120     OneLib.a : ll_data.o (.text)
                  0000af20    0000011c     ti_sysbios_config.o (.text.ti_sysbios_family_arm_cc26xx_Timer_construct)
                  0000b03c    0000011c     sysbios.a : Hwi_asm_gcc.s.obj (.text.ti_sysbios_family_arm_m3_Hwi_dispatch)
                  0000b158    00000118     drivers_cc13x2x7.a : PowerCC26X2.c.obj (.text.Power_init)
                  0000b270    00000118     rf_multiMode_cc13x2.a : RFCC26X2_multiMode.c.cc13x2.ticlang.o (.text.RF_decodeOverridePointers)
                  0000b388    00000118     drivers_cc13x2x7.a : UART2.c.obj (.text.UART2_writeTimeoutNonblocking)
                  0000b4a0    00000114     OneLib.a : ll_common.o (.text)
                  0000b5b4    00000114              : ll_isr.o (.text)
                  0000b6c8    00000110              : ll_isr.o (.text)
                  0000b7d8    0000010c     drivers_cc13x2x7.a : ECDHCC26X2.c.obj (.text.ECDH_generatePublicKey)
                  0000b8e4    0000010c                        : PowerCC26X2_calibrateRCOSC.c.obj (.text.PowerCC26X2_calibrate)
                  0000b9f0    00000108                        : NVSCC26XX.c.obj (.text.NVSCC26XX_write)
                  0000baf8    00000108     rf_multiMode_cc13x2.a : RFCC26X2_multiMode.c.cc13x2.ticlang.o (.text.RF_fsmPowerUpState)
                  0000bc00    00000106     OneLib.a : gatt_client.o (.text)
                  0000bd06    00000002     display_cc13x2x7.a : DisplayUart2.c.obj (.text.DisplayUart2Ansi_init)
                  0000bd08    00000104     drivers_cc13x2x7.a : UART2CC26X2.c.obj (.text.UART2CC26X2_initHw)
                  0000be0c    00000102                        : AESCTRDRBGXX.c.obj (.text.AESCTRDRBG_getRandomBytes)
                  0000bf0e    00000002     rom_init.o (.text.MAP_HCI_CteRequestFailedEvent)
                  0000bf10    00000100     drivers_cc13x2x7.a : GPIOCC26X2.c.obj (.text.GPIO_init)
                  0000c010    000000fc     rf_multiMode_cc13x2.a : RFCC26X2_multiMode.c.cc13x2.ticlang.o (.text.RF_hwiCpe0Active)
                  0000c10c    000000fc     libclang_rt.builtins.a : muldf3.S.obj (.text.__muldf3)
                  0000c208    000000fc     OneLib.a : ll_scheduler.o (.text)
                  0000c304    000000f8              : ll_scheduler.o (.text)
                  0000c3fc    000000f4     drivers_cc13x2x7.a : TRNGCC26XX.c.obj (.text.TRNG_getRandom)
                  0000c4f0    000000f0     driverlib.lib : sys_ctrl.c.obj (.text.NOROM_SysCtrlStandby)
                  0000c5e0    000000f0     drivers_cc13x2x7.a : UART2CC26X2.c.obj (.text.UART2Support_dmaStartRx)
                  0000c6d0    000000f0     ti_sysbios_config.o (.text.ti_sysbios_knl_Event_pend)
                  0000c7c0    000000f0     OneLib.a : ll_ae.o (.text)
                  0000c8b0    000000f0              : ll_master_end_causes.o (.text)
                  0000c9a0    000000ec     ti_drivers_config.o (.text.rfDriverCallbackAntennaSwitching)
                  0000ca8c    000000ec     OneLib.a : ll_common.o (.text)
                  0000cb78    000000ec              : ll_common.o (.text)
                  0000cc64    000000e8     drivers_cc13x2x7.a : AESCTRDRBGXX.c.obj (.text.AESCTRDRBG_construct)
                  0000cd4c    000000e6     OneLib.a : gapgattserver.o (.text)
                  0000ce32    00000002     rom_init.o (.text.MAP_LL_SDAA_HandleSDAALastCmdDone)
                  0000ce34    000000e4     ti_sysbios_config.o (.text.ti_sysbios_knl_Semaphore_pend)
                  0000cf18    000000e0     OneLib.a : ll.o (.text)
                  0000cff8    000000e0              : ll_isr.o (.text)
                  0000d0d8    000000e0              : ll_scheduler.o (.text)
                  0000d1b8    000000e0     StackWrapper.a : osal_timers.o (.text)
                  0000d298    000000dc     rf_multiMode_cc13x2.a : RFCC26X2_multiMode.c.cc13x2.ticlang.o (.text.RF_control)
                  0000d374    000000dc     OneLib.a : ll_ae.o (.text)
                  0000d450    000000d8     ti_sysbios_config.o (.text.ti_sysbios_family_arm_m3_Hwi_excFillContext)
                  0000d528    000000d8     OneLib.a : ll_common.o (.text)
                  0000d600    000000d6     drivers_cc13x2x7.a : AESCTRDRBGXX.c.obj (.text.AESCTRDRBG_reseed)
                  0000d6d6    00000002     rom_init.o (.text.MAP_LL_SDAA_Init)
                  0000d6d8    000000d0     driverlib.lib : aes.c.obj (.text.NOROM_AESWriteToKeyStore)
                  0000d7a8    000000d0                   : setup.c.obj (.text.NOROM_SetupTrimDevice)
                  0000d878    000000d0     drivers_cc13x2x7.a : PowerCC26X2.c.obj (.text.configureXOSCHF)
                  0000d948    000000d0     OneLib.a : ll_ae.o (.text)
                  0000da18    000000cc     ti_sysbios_config.o (.text.ti_sysbios_knl_Clock_workFuncDynamic)
                  0000dae4    000000cc     OneLib.a : gapgattserver.o (.text)
                  0000dbb0    000000cc              : hci_event.o (.text)
                  0000dc7c    000000ca     rf_multiMode_cc13x2.a : RFCC26X2_multiMode.c.cc13x2.ticlang.o (.text.RF_updatePaConfiguration)
                  0000dd46    00000002     rom_init.o (.text.MAP_LL_SDAA_RecordTxUsage)
                  0000dd48    000000c8     OneLib.a : gap_scanner.o (.text)
                  0000de10    000000c8              : ll.o (.text)
                  0000ded8    000000c8     StackWrapper.a : osal.o (.text)
                  0000dfa0    000000c4     OneLib.a : ll_ae.o (.text)
                  0000e064    000000c0     main.o (.text.AssertHandler)
                  0000e124    000000c0     icall.o (.text.ICall_enrollService)
                  0000e1e4    000000c0     drivers_cc13x2x7.a : UART2CC26X2.c.obj (.text.UART2Support_dmaStartTx)
                  0000e2a4    000000c0     OneLib.a : ble.o (.text)
                  0000e364    000000c0              : ll_ecc.o (.text)
                  0000e424    000000c0              : ll_scheduler.o (.text)
                  0000e4e4    000000bc     rf_multiMode_cc13x2.a : RFCC26X2_multiMode.c.cc13x2.ticlang.o (.text.RF_swiHw)
                  0000e5a0    000000b8     ti_sysbios_config.o (.text.ti_sysbios_knl_Task_Instance_finalize)
                  0000e658    000000b8     ti_sysbios_config.o (.text.ti_sysbios_knl_Task_setPri)
                  0000e710    000000b8     OneLib.a : gap_scanner.o (.text)
                  0000e7c8    000000b8              : ll.o (.text)
                  0000e880    000000b8     StackWrapper.a : gapbondmgr.o (.text)
                  0000e938    000000b8                    : gattservapp_util.o (.text)
                  0000e9f0    000000b4     drivers_cc13x2x7.a : ECDHCC26X2.c.obj (.text.ECDHCC26X2_getKeyResult)
                  0000eaa4    000000b4     ti_sysbios_config.o (.text.PowerCC26XX_standbyPolicy)
                  0000eb58    000000b0     drivers_cc13x2x7.a : GPIOCC26XX.c.obj (.text.GPIO_setConfigAndMux)
                  0000ec08    000000b0     icall.o (.text.ICall_heapMalloc)
                  0000ecb8    000000b0     drivers_cc13x2x7.a : PowerCC26X2.c.obj (.text.Power_setDependency)
                  0000ed68    000000b0     OneLib.a : ll.o (.text)
                  0000ee18    000000b0              : ll_enc.o (.text)
                  0000eec8    000000b0     StackWrapper.a : gapbondmgr.o (.text)
                  0000ef78    000000b0     libclang_rt.builtins.a : udivmoddi4.S.obj (.text)
                  0000f028    000000ac     drivers_cc13x2x7.a : PowerCC26X2.c.obj (.text.Power_releaseDependency)
                  0000f0d4    000000ac     rf_multiMode_cc13x2.a : RFCC26X2_multiMode.c.cc13x2.ticlang.o (.text.RF_pendCmd)
                  0000f180    000000ac     driverlib.lib : setup.c.obj (.text.TrimAfterColdResetWakeupFromShutDown)
                  0000f22c    000000ac     OneLib.a : ll_scheduler.o (.text)
                  0000f2d8    000000ac     StackWrapper.a : gapbondmgr.o (.text)
                  0000f384    000000ac                    : osal_cbtimer.o (.text)
                  0000f430    000000a8     OneLib.a : gattservapp.o (.text)
                  0000f4d8    000000a8              : hci_data.o (.text)
                  0000f580    000000a8              : ll.o (.text)
                  0000f628    000000a8              : ll_common.o (.text)
                  0000f6d0    000000a4     drivers_cc13x2x7.a : AESCTRCC26XX.c.obj (.text.AESCTR_startOneStepOperation)
                  0000f774    000000a4     rf_multiMode_cc13x2.a : RFCC26X2_multiMode.c.cc13x2.ticlang.o (.text.RF_initRadioSetup)
                  0000f818    000000a4     ti_sysbios_config.o (.text.ti_sysbios_knl_Task_Instance_init)
                  0000f8bc    000000a4     OneLib.a : ll_ae.o (.text)
                  0000f960    000000a0     rf_multiMode_cc13x2.a : RFCC26X2_multiMode.c.cc13x2.ticlang.o (.text.RF_calculateDispatchTime)
                  0000fa00    000000a0     OneLib.a : ll_common.o (.text)
                  0000faa0    000000a0              : ll_ecc.o (.text)
                  0000fb40    000000a0              : ll_isr.o (.text)
                  0000fbe0    000000a0              : ll_scheduler.o (.text)
                  0000fc80    000000a0              : ll_scheduler.o (.text)
                  0000fd20    0000009c     display_cc13x2x7.a : DisplayUart2.c.obj (.text.DisplayUart2Ansi_clearLines)
                  0000fdbc    0000009c     OneLib.a : ll_common.o (.text)
                  0000fe58    0000009a     drivers_cc13x2x7.a : UART2.c.obj (.text.UART2_writeCancel)
                  0000fef2    00000002     rom_init.o (.text.MAP_LL_SDAA_SampleRXWindow)
                  0000fef4    00000098     nvocmp.o (.text.NVOCMP_erase)
                  0000ff8c    00000098     rf_multiMode_cc13x2.a : RFCC26X2_multiMode.c.cc13x2.ticlang.o (.text.RF_defaultSubmitPolicy)
                  00010024    00000098     drivers_cc13x2x7.a : UART2CC26X2.c.obj (.text.UART2_close)
                  000100bc    00000098     OneLib.a : gatt_server.o (.text)
                  00010154    00000098              : gattservapp.o (.text)
                  000101ec    00000098              : hci_event.o (.text)
                  00010284    00000096     rf_multiMode_cc13x2.a : RFCC26X2_multiMode.c.cc13x2.ticlang.o (.text.RF_verifyGap)
                  0001031a    00000002     rom_init.o (.text.MAP_llClearPeriodicAdvSets)
                  0001031c    00000094     rf_multiMode_cc13x2.a : RFCC26X2_multiMode.c.cc13x2.ticlang.o (.text.RF_ratRestartChannels)
                  000103b0    00000094     ti_sysbios_config.o (.text.ti_sysbios_knl_Clock_startI)
                  00010444    00000094     OneLib.a : ll.o (.text)
                  000104d8    00000094              : ll_ae.o (.text)
                  0001056c    00000094              : ll_common.o (.text)
                  00010600    00000092              : gap_task.o (.text)
                  00010692    00000002     rom_init.o (.text.MAP_llClearPeriodicScanSets)
                  00010694    00000090     display_cc13x2x7.a : DisplayUart2.c.obj (.text.DisplayUart2Ansi_vprintf)
                  00010724    00000090     osal_icall_ble.o (.text.osalInitTasks)
                  000107b4    00000090     OneLib.a : ll.o (.text)
                  00010844    00000090              : ll_common.o (.text)
                  000108d4    0000008c     drivers_cc13x2x7.a : TRNGCC26XX.c.obj (.text.TRNG_construct)
                  00010960    0000008c     OneLib.a : ll_ae.o (.text)
                  000109ec    00000088     rf_multiMode_cc13x2.a : RFCC26X2_multiMode.c.cc13x2.ticlang.o (.text.RF_cmdDispatchTime)
                  00010a74    00000088                           : RFCC26X2_multiMode.c.cc13x2.ticlang.o (.text.RF_discardPendCmd)
                  00010afc    00000088     StackWrapper.a : osal_cbtimer.o (.text)
                  00010b84    00000084     icall.o (.text.ICall_setTimer)
                  00010c08    00000084     rf_multiMode_cc13x2.a : RFCC26X2_multiMode.c.cc13x2.ticlang.o (.text.RF_getInfo)
                  00010c8c    00000080     drivers_cc13x2x7.a : AESCTRCC26XX.c.obj (.text.AESCTR_hwiFxn)
                  00010d0c    00000080                        : UART2CC26X2.c.obj (.text.UART2Support_dmaStopTx)
                  00010d8c    00000080                        : NVSCC26XX.c.obj (.text.doErase)
                  00010e0c    00000080     ti_sysbios_config.o (.text.ti_sysbios_family_arm_m3_Hwi_initNVIC)
                  00010e8c    00000080     ti_sysbios_config.o (.text.ti_sysbios_gates_GateMutexPri_enter)
                  00010f0c    00000080     ti_sysbios_config.o (.text.ti_sysbios_knl_Clock_init)
                  00010f8c    00000080     OneLib.a : ll_common.o (.text)
                  0001100c    0000007e     nvocmp.o (.text.NVOCMP_readHeader)
                  0001108a    0000007e     OneLib.a : gap_task.o (.text)
                  00011108    0000007c     rf_multiMode_cc13x2.a : RFCC26X2_multiMode.c.cc13x2.ticlang.o (.text.RF_ratDisableChannel)
                  00011184    0000007c     icall.o (.text.icall_directAPI)
                  00011200    0000007c     ti_sysbios_config.o (.text.ti_sysbios_family_arm_m3_Hwi_postInit)
                  0001127c    0000007c     OneLib.a : ll.o (.text)
                  000112f8    0000007c              : ll.o (.text)
                  00011374    0000007c     StackWrapper.a : gapbondmgr.o (.text)
                  000113f0    0000007a     drivers_cc13x2x7.a : AESCTRDRBGXX.c.obj (.text.AESCTRDRBGXX_updateState)
                  0001146a    0000007a     OneLib.a : gattservapp.o (.text)
                  000114e4    00000078     icall.o (.text.ICall_createRemoteTasksAtRuntime)
                  0001155c    00000078     icall.o (.text.ICall_heapInit)
                  000115d4    00000078     drivers_cc13x2x7.a : NVSCC26XX.c.obj (.text.NVSCC26XX_open)
                  0001164c    00000078     rf_multiMode_cc13x2.a : RFCC26X2_multiMode.c.cc13x2.ticlang.o (.text.RF_ratFreeChannel)
                  000116c4    00000078     ti_sysbios_config.o (.text.ti_sysbios_knl_Task_postInit)
                  0001173c    00000078     OneLib.a : l2cap_task.o (.text)
                  000117b4    00000078              : ll_common.o (.text)
                  0001182c    00000078     StackWrapper.a : osal_bufmgr.o (.text)
                  000118a4    00000076     OneLib.a : ll_common.o (.text)
                  0001191a    00000076     StackWrapper.a : gap.o (.text)
                  00011990    00000074     nvocmp.o (.text.NVOCMP_readItemApi)
                  00011a04    00000074     drivers_cc13x2x7.a : PowerCC26X2_calibrateRCOSC_helpers.c.obj (.text.PowerCC26X2_updateSubSecInc)
                  00011a78    00000074     rf_multiMode_cc13x2.a : RFCC26X2_multiMode.c.cc13x2.ticlang.o (.text.RF_hwiHw)
                  00011aec    00000074     ti_sysbios_config.o (.text.ti_sysbios_knl_Swi_restoreHwi)
                  00011b60    00000074     ti_sysbios_config.o (.text.ti_sysbios_knl_Task_startup)
                  00011bd4    00000074     OneLib.a : gatt_server.o (.text)
                  00011c48    00000074              : ll.o (.text)
                  00011cbc    00000074              : ll_common.o (.text)
                  00011d30    00000074              : ll_enc.o (.text)
                  00011da4    00000074     StackWrapper.a : osal_cbtimer.o (.text)
                  00011e18    00000074     libc.a : copy_decompress_lzss.c.obj (.text:decompress:lzss)
                  00011e8c    00000070     drivers_cc13x2x7.a : AESCCMCC26XX.c.obj (.text.AESCCM_cleanup)
                  00011efc    00000070                        : AESCTRCC26XX.c.obj (.text.AESCTR_construct)
                  00011f6c    00000070                        : AESECBCC26XX.c.obj (.text.AESECB_construct)
                  00011fdc    00000070     icall_cc2650.o (.text.ICallPlatform_pwrUpdActivityCounter)
                  0001204c    00000070     icall.o (.text.ICall_sendServiceComplete)
                  000120bc    00000070     ti_sysbios_config.o (.text.ti_sysbios_family_arm_m3_Hwi_Instance_init)
                  0001212c    00000070     ti_sysbios_config.o (.text.ti_sysbios_runtime_System_formatNum)
                  0001219c    00000070     OneLib.a : ll_ae.o (.text)
                  0001220c    00000070     StackWrapper.a : osal.o (.text)
                  0001227c    0000006c     drivers_cc13x2x7.a : AESECBCC26XX.c.obj (.text.AESECB_hwiFxn)
                  000122e8    0000006c     justworks_scanner.o (.text.JustWorksScanner_logInsecureJustWorks)
                  00012354    0000006c     nvocmp.o (.text.NVOCMP_eraseNvApi)
                  000123c0    0000006c     nvocmp.o (.text.NVOCMP_writeItemApi)
                  0001242c    0000006c     rf_multiMode_cc13x2.a : RFCC26X2_multiMode.c.cc13x2.ticlang.o (.text.RF_getTxPower)
                  00012498    0000006c                           : RFCC26X2_multiMode.c.cc13x2.ticlang.o (.text.RF_issueRadioFreeCb)
                  00012504    0000006c     drivers_cc13x2x7.a : Random.c.obj (.text.Random_seedAutomatic)
                  00012570    0000006c                        : PowerCC26X2.c.obj (.text.oscillatorISR)
                  000125dc    0000006c     ti_sysbios_config.o (.text.ti_sysbios_family_arm_m3_Hwi_dispatchC)
                  00012648    0000006c     OneLib.a : gap_linkmgr.o (.text)
                  000126b4    0000006c              : gatt_server.o (.text)
                  00012720    0000006c              : ll_isr.o (.text)
                  0001278c    0000006c              : ll_scheduler.o (.text)
                  000127f8    0000006c              : ll_scheduler.o (.text)
                  00012864    00000068     icall.o (.text.ICall_send)
                  000128cc    00000068     rf_multiMode_cc13x2.a : RFCC26X2_multiMode.c.cc13x2.ticlang.o (.text.RF_detachOverrides)
                  00012934    00000068     drivers_cc13x2x7.a : UART2CC26X2.c.obj (.text.UART2Support_dmaStopRx)
                  0001299c    00000068     ti_sysbios_config.o (.text.ti_sysbios_knl_Event_post)
                  00012a04    00000068     ti_sysbios_config.o (.text.ti_sysbios_knl_Idle_init)
                  00012a6c    00000068     ti_sysbios_config.o (.text.ti_sysbios_knl_Swi_run)
                  00012ad4    00000068     OneLib.a : gap_task.o (.text)
                  00012b3c    00000068              : gattservapp.o (.text)
                  00012ba4    00000068              : gattservapp.o (.text)
                  00012c0c    00000068              : ll.o (.text)
                  00012c74    00000068              : ll_ae.o (.text)
                  00012cdc    00000068              : ll_common.o (.text)
                  00012d44    00000068     StackWrapper.a : osal_cbtimer.o (.text)
                  00012dac    00000066                    : icall_lite_translation.o (.text)
                  00012e12    00000002     rom_init.o (.text.MAP_llCoexInit)
                  00012e14    00000064     drivers_cc13x2x7.a : AESCCMCC26XX.c.obj (.text.AESCCM_hwiFxn)
                  00012e78    00000064     display_cc13x2x7.a : DisplayUart2.c.obj (.text.DisplayUart2Ansi_open)
                  00012edc    00000064     icall.o (.text.ICall_wait)
                  00012f40    00000064     driverlib.lib : chipinfo.c.obj (.text.NOROM_ChipInfo_GetChipType)
                  00012fa4    00000064                   : osc.c.obj (.text.NOROM_OSCHF_AttemptToSwitchToXosc)
                  00013008    00000064     drivers_cc13x2x7.a : PowerCC26X2_calibrateRCOSC.c.obj (.text.PowerCC26X2_initiateCalibration)
                  0001306c    00000064     rf_multiMode_cc13x2.a : RFCC26X2_multiMode.c.cc13x2.ticlang.o (.text.RF_attachOverrides)
                  000130d0    00000064                           : RFCC26X2_multiMode.c.cc13x2.ticlang.o (.text.RF_dispatchNextEvent)
                  00013134    00000064                           : RFCC26X2_multiMode.c.cc13x2.ticlang.o (.text.RF_hwiCpe0PowerFsm)
                  00013198    00000064     drivers_cc13x2x7.a : UDMACC26XX.c.obj (.text.UDMACC26XX_open)
                  000131fc    00000064     ti_sysbios_config.o (.text.ti_sysbios_gates_GateMutexPri_leave)
                  00013260    00000064     OneLib.a : gapgattserver.o (.text)
                  000132c4    00000064              : gattservapp.o (.text)
                  00013328    00000064              : ll_common.o (.text)
                  0001338c    00000064              : ll_isr.o (.text)
                  000133f0    00000064              : ll_scheduler.o (.text)
                  00013454    00000062     rf_multiMode_cc13x2.a : RFCC26X2_multiMode.c.cc13x2.ticlang.o (.text.RF_syncCb)
                  000134b6    00000002     rom_init.o (.text.MAP_llCoexSetParams)
                  000134b8    00000062     libclang_rt.builtins.a : aeabi_dcmp.S.obj (.text.__aeabi_dcmp)
                  0001351a    00000002     rom_init.o (.text.MAP_llCoexUpdateCounters)
                  0001351c    00000060     drivers_cc13x2x7.a : CryptoResourceCC26XX.c.obj (.text.CryptoResourceCC26XX_constructRTOSObjects)
                  0001357c    00000060     nvocmp.o (.text.NVOCMP_checkItem)
                  000135dc    00000060     nvocmp.o (.text.NVOCMP_verifyCRC)
                  0001363c    00000060     drivers_cc13x2x7.a : PKAResourceCC26XX.c.obj (.text.PKAResourceCC26XX_constructRTOSObjects)
                  0001369c    00000060     main.o (.text.main)
                  000136fc    00000060     rf_multiMode_cc13x2.a : rf_patch_mce_bt5.c.cc13x2.ticlang.o (.text.rf_patch_mce_bt5)
                  0001375c    00000060     osal_icall_ble.o (.text.stack_main)
                  000137bc    00000060     ti_sysbios_config.o (.text.ti_sysbios_knl_Clock_walkQueueDynamic)
                  0001381c    00000060     ti_sysbios_config.o (.text.ti_sysbios_knl_Semaphore_post)
                  0001387c    00000060     ti_sysbios_config.o (.text.ti_sysbios_knl_Swi_schedule)
                  000138dc    00000060     OneLib.a : ll_common.o (.text)
                  0001393c    00000060              : ll_common.o (.text)
                  0001399c    00000060              : ll_common.o (.text)
                  000139fc    00000060              : sm_pairing.o (.text)
                  00013a5c    00000060     StackWrapper.a : gapbondmgr.o (.text)
                  00013abc    00000060                    : osal_timers.o (.text)
                  00013b1c    0000005e     rf_multiMode_cc13x2.a : rfc.c.cc13x2.ticlang.o (.text.NOROM_RFCAnaDivTxOverride)
                  00013b7a    0000005e     OneLib.a : ll_common.o (.text)
                  00013bd8    0000005c     drivers_cc13x2x7.a : TRNGCC26XX.c.obj (.text.TRNGCC26XX_startTrng)
                  00013c34    0000005c     OneLib.a : gap_configmgr.o (.text)
                  00013c90    0000005c              : gap_perilinkmgr.o (.text)
                  00013cec    0000005c              : ll_isr.o (.text)
                  00013d48    0000005c              : sm_intpairing.o (.text)
                  00013da4    0000005c              : sm_rsppairing.o (.text)
                  00013e00    0000005c     StackWrapper.a : gapbondmgr.o (.text)
                  00013e5c    00000058     drivers_cc13x2x7.a : ECDHCC26X2.c.obj (.text.ECDH_construct)
                  00013eb4    00000058     icall.o (.text.HEAPMGR_GETLARGESTFREEBUF)
                  00013f0c    00000058     icall.o (.text.ICall_fetchMsg)
                  00013f64    00000058     icall.o (.text.ICall_registerApp)
                  00013fbc    00000058     rf_multiMode_cc13x2.a : RFCC26X2_multiMode.c.cc13x2.ticlang.o (.text.RF_applyRfCorePatch)
                  00014014    00000058     drivers_cc13x2x7.a : TRNGCC26XX.c.obj (.text.TRNG_init)
                  0001406c    00000058     libclang_rt.builtins.a : comparedf2.c.obj (.text.__ledf2)
                  000140c4    00000058     sysbios.a : Hwi_asm_switch_gcc.s.obj (.text.ti_sysbios_family_arm_m3_Hwi_initStacks)
                  0001411c    00000058     OneLib.a : gap_scanner.o (.text)
                  00014174    00000058              : ll_ae.o (.text)
                  000141cc    00000058              : ll_common.o (.text)
                  00014224    00000058              : ll_enc.o (.text)
                  0001427c    00000058     StackWrapper.a : sm_ecc.o (.text)
                  000142d4    00000056     drivers_cc13x2x7.a : StructRingBuf.c.obj (.text.StructRingBuf_put)
                  0001432a    00000056                        : UART2.c.obj (.text.UART2_readCancel)
                  00014380    00000056     StackWrapper.a : gapbondmgr.o (.text)
                  000143d6    00000002     rom_init.o (.text.MAP_llDmmDynamicFree)
                  000143d8    00000054     drivers_cc13x2x7.a : AESCCMCC26XX.c.obj (.text.AESCCM_construct)
                  0001442c    00000054     nvocmp.o (.text.NVOCMP_compactNvApi)
                  00014480    00000054     nvocmp.o (.text.NVOCMP_getDstPage)
                  000144d4    00000054     rf_multiMode_cc13x2.a : RFCC26X2_multiMode.c.cc13x2.ticlang.o (.text.RF_getCurrentTime)
                  00014528    00000054     util.o (.text.Util_constructClock)
                  0001457c    00000054     libclang_rt.builtins.a : comparedf2.c.obj (.text.__gedf2)
                  000145d0    00000054     OneLib.a : hci_event.o (.text)
                  00014624    00000054              : linkdb.o (.text)
                  00014678    00000054              : ll.o (.text)
                  000146cc    00000054              : ll_ae.o (.text)
                  00014720    00000054              : ll_common.o (.text)
                  00014774    00000052     ti_drivers_config.o (.text.Board_sendExtFlashByte)
                  000147c6    00000002     rom_init.o (.text.MAP_llDmmSetThreshold)
                  000147c8    00000050     ti_drivers_config.o (.text.Board_shutDownExtFlash)
                  00014818    00000050     display_cc13x2x7.a : Display.c.obj (.text.Display_doOpen)
                  00014868    00000050     nvocmp.o (.text.NVOCMP_loadApiPtrsMin)
                  000148b8    00000050     rf_multiMode_cc13x2.a : RFCC26X2_multiMode.c.cc13x2.ticlang.o (.text.RF_wakeupNotification)
                  00014908    00000050     ti_sysbios_config.o (.text.ti_sysbios_knl_Swi_post)
                  00014958    00000050     ti_sysbios_config.o (.text.ti_sysbios_knl_Swi_runLoop)
                  000149a8    00000050     ti_sysbios_config.o (.text.ti_sysbios_knl_Task_schedule)
                  000149f8    00000050     OneLib.a : gattservapp.o (.text)
                  00014a48    00000050              : hci_tl.o (.text)
                  00014a98    00000050              : ll_enc.o (.text)
                  00014ae8    00000050              : ll_scheduler.o (.text)
                  00014b38    00000050     StackWrapper.a : osal.o (.text)
                  00014b88    00000050                    : osal_clock.o (.text)
                  00014bd8    0000004e     drivers_cc13x2x7.a : AESECBCC26XX.c.obj (.text.AESECB_startOperation)
                  00014c26    0000004e     nvocmp.o (.text.NVOCMP_readItem)
                  00014c74    0000004e     StackWrapper.a : gap.o (.text)
                  00014cc2    0000004e                    : gattservapp_util.o (.text)
                  00014d10    0000004c     ti_sysbios_config.o (.text.BIOS_startFunc)
                  00014d5c    0000004c     icall.o (.text.ICall_newTask)
                  00014da8    0000004c     nvocmp.o (.text.NVOCMP_setItemInactive)
                  00014df4    0000004c     drivers_cc13x2x7.a : NVSCC26XX.c.obj (.text.NVSCC26XX_init)
                  00014e40    0000004c                        : NVSCC26XX.c.obj (.text.NVSCC26XX_read)
                  00014e8c    0000004c     rf_multiMode_cc13x2.a : RFCC26X2_multiMode.c.cc13x2.ticlang.o (.text.RF_fsmXOSCState)
                  00014ed8    0000004c     drivers_cc13x2x7.a : StructRingBuf.c.obj (.text.StructRingBuf_get)
                  00014f24    0000004c     rf_multiMode_cc13x2.a : rf_patch_cpe_bt5.c.cc13x2.ticlang.o (.text.configureBt5Patch)
                  00014f70    0000004c     drivers_cc13x2x7.a : PowerCC26X2.c.obj (.text.switchXOSCHF)
                  00014fbc    0000004c     ti_sysbios_config.o (.text.ti_sysbios_knl_Swi_Instance_init)
                  00015008    0000004c     ti_sysbios_config.o (.text.ti_sysbios_runtime_Startup_exec)
                  00015054    0000004c     OneLib.a : ble.o (.text)
                  000150a0    0000004c              : ll_scheduler.o (.text)
                  000150ec    00000048     drivers_cc13x2x7.a : CryptoUtils.c.obj (.text.CryptoUtils_reverseCopyPad)
                  00015134    00000048     rom_init.o (.text.MAP_llInitFeatureSet)
                  0001517c    00000048     rf_multiMode_cc13x2.a : rfc.c.cc13x2.ticlang.o (.text.NOROM_RFCSynthPowerDown)
                  000151c4    00000048     drivers_cc13x2x7.a : NVS.c.obj (.text.NVS_open)
                  0001520c    00000048                        : PowerCC26X2.c.obj (.text.PowerCC26XX_switchXOSC_HF)
                  00015254    00000048     libclang_rt.builtins.a : fixdfsi.S.obj (.text.__fixdfsi)
                  0001529c    00000048     ti_sysbios_config.o (.text.ti_sysbios_family_arm_cc26xx_Timer_start)
                  000152e4    00000048     ti_sysbios_config.o (.text.ti_sysbios_knl_TaskSupport_start)
                  0001532c    00000048     OneLib.a : att_util.o (.text)
                  00015374    00000048              : gattservapp.o (.text)
                  000153bc    00000048              : ll.o (.text)
                  00015404    00000048              : ll.o (.text)
                  0001544c    00000048              : ll_common.o (.text)
                  00015494    00000048              : ll_common.o (.text)
                  000154dc    00000048              : ll_isr.o (.text)
                  00015524    00000048              : ll_isr.o (.text)
                  0001556c    00000048     StackWrapper.a : osal_bufmgr.o (.text)
                  000155b4    00000046     drivers_cc13x2x7.a : RingBuf.c.obj (.text.RingBuf_put)
                  000155fa    00000002     rom_init.o (.text.MAP_llHealthUpdate)
                  000155fc    00000044     ti_sysbios_config.o (.text.BIOS_atExitFunc)
                  00015640    00000044     drivers_cc13x2x7.a : GPIOCC26X2.c.obj (.text.GPIO_hwiIntFxn)
                  00015684    00000044     icall.o (.text.ICall_getEntityId)
                  000156c8    00000044     justworks_scanner.o (.text.JustWorksScanner_passcodeCb)
                  0001570c    00000044     driverlib.lib : prcm.c.obj (.text.NOROM_PRCMPowerDomainsAllOff)
                  00015750    00000044                   : prcm.c.obj (.text.NOROM_PRCMPowerDomainsAllOn)
                  00015794    00000044     rf_multiMode_cc13x2.a : RFCC26X2_multiMode.c.cc13x2.ticlang.o (.text.RF_cmdGet)
                  000157d8    00000044                           : RFCC26X2_multiMode.c.cc13x2.ticlang.o (.text.RF_updatePowerupDuration)
                  0001581c    00000044     libclang_rt.builtins.a : fixunsdfsi.S.obj (.text.__fixunsdfsi)
                  00015860    00000044     ti_sysbios_config.o (.text.ti_sysbios_family_arm_m3_Hwi_construct2)
                  000158a4    00000044     ti_sysbios_config.o (.text.ti_sysbios_family_arm_m3_Hwi_disableInterrupt)
                  000158e8    00000044     ti_sysbios_config.o (.text.ti_sysbios_family_arm_m3_Hwi_enableInterrupt)
                  0001592c    00000044     ti_sysbios_config.o (.text.ti_sysbios_knl_Swi_restore)
                  00015970    00000044     ti_sysbios_config.o (.text.ti_sysbios_knl_Task_create)
                  000159b4    00000044     OneLib.a : ll.o (.text)
                  000159f8    00000044              : ll.o (.text)
                  00015a3c    00000044     StackWrapper.a : osal.o (.text)
                  00015a80    00000044                    : osal_timers.o (.text)
                  00015ac4    00000042     OneLib.a : ll.o (.text)
                  00015b06    00000042              : ll_common.o (.text)
                  00015b48    00000040     drivers_cc13x2x7.a : AESCTRDRBGXX.c.obj (.text.AESCTRDRBGXX_addBigendCounter)
                  00015b88    00000040                        : ECDHCC26X2.c.obj (.text.ECDHCC26X2_waitForResult)
                  00015bc8    00000040                        : PowerCC26X2_calibrateRCOSC.c.obj (.text.PowerCC26X2_RCOSC_clockFunc)
                  00015c08    00000040                        : PowerCC26X2_calibrateRCOSC_helpers.c.obj (.text.PowerCC26X2_setAclkRefSrc)
                  00015c48    00000040     util.o (.text.Util_convertBdAddr2Str)
                  00015c88    00000040     drivers_cc13x2x7.a : NVSCC26XX.c.obj (.text.disableFlashCache)
                  00015cc8    00000040     ti_sysbios_config.o (.text.ti_sysbios_family_arm_m3_Hwi_Instance_finalize)
                  00015d08    00000040     ti_sysbios_config.o (.text.ti_sysbios_knl_Clock_getTicksUntilInterrupt)
                  00015d48    00000040     ti_sysbios_config.o (.text.ti_sysbios_knl_Task_exit)
                  00015d88    00000040     OneLib.a : gap_configmgr.o (.text)
                  00015dc8    00000040              : gattservapp.o (.text)
                  00015e08    00000040              : ll_common.o (.text)
                  00015e48    00000040              : ll_common.o (.text)
                  00015e88    00000040              : sm_task.o (.text)
                  00015ec8    00000040     StackWrapper.a : osal.o (.text)
                  00015f08    00000040                    : osal_bufmgr.o (.text)
                  00015f48    00000040                    : osal_timers.o (.text)
                  00015f88    0000003e     OneLib.a : ll_common.o (.text)
                  00015fc6    00000002     rom_init.o (.text.MAP_llPeriodicScan_PostProcess)
                  00015fc8    0000003c     drivers_cc13x2x7.a : GPIO.c.obj (.text.GPIO_resetConfig)
                  00016004    0000003c     ti_sysbios_config.o (.text.HwiP_construct)
                  00016040    0000003c     driverlib.lib : aes.c.obj (.text.NOROM_AESStartDMAOperation)
                  0001607c    0000003c                   : osc.c.obj (.text.NOROM_OSC_HPOSCRelativeFrequencyOffsetGet)
                  000160b8    0000003c     nvocmp.o (.text.NVOCMP_getFreeNvApi)
                  000160f4    0000003c     drivers_cc13x2x7.a : PowerCC26X2_calibrateRCOSC_helpers.c.obj (.text.PowerCC26X2_setTdcClkSrc24M)
                  00016130    0000003c     justworks_scanner.o (.text.lookupName)
                  0001616c    0000003c     ti_sysbios_config.o (.text.ti_sysbios_family_arm_cc26xx_Timer_periodicStub)
                  000161a8    0000003c     ti_sysbios_config.o (.text.ti_sysbios_heaps_HeapCallback_construct)
                  000161e4    0000003c     ti_sysbios_config.o (.text.ti_sysbios_knl_ClockSupport_init)
                  00016220    0000003c     ti_sysbios_config.o (.text.ti_sysbios_knl_Task_blockI)
                  0001625c    0000003c     ti_sysbios_config.o (.text.ti_sysbios_knl_Task_restore)
                  00016298    0000003c     ti_sysbios_config.o (.text.ti_sysbios_runtime_Memory_alloc)
                  000162d4    0000003c     OneLib.a : gattservapp.o (.text)
                  00016310    0000003c              : gattservapp.o (.text)
                  0001634c    0000003c              : hci_event.o (.text)
                  00016388    0000003c              : hci_tl.o (.text)
                  000163c4    0000003c              : linkdb.o (.text)
                  00016400    0000003c              : ll_ae.o (.text)
                  0001643c    0000003c              : ll_ae.o (.text)
                  00016478    0000003c     StackWrapper.a : osal.o (.text)
                  000164b4    0000003c                    : osal.o (.text)
                  000164f0    0000003c                    : osal.o (.text)
                  0001652c    0000003c                    : osal_timers.o (.text)
                  00016568    0000003c                    : sm_ecc.o (.text)
                  000165a4    0000003a     drivers_cc13x2x7.a : CryptoUtils.c.obj (.text.CryptoUtils_copyPad)
                  000165de    0000003a     justworks_scanner.o (.text.JustWorksScanner_scanCb)
                  00016618    0000003a     ti_sysbios_config.o (.text.ti_sysbios_knl_Task_checkStacks)
                  00016652    0000003a     OneLib.a : linkdb.o (.text)
                  0001668c    0000003a     StackWrapper.a : osal.o (.text)
                  000166c6    00000002     rom_init.o (.text.MAP_llProcessPeriodicScanRxFIFO)
                  000166c8    00000038     drivers_cc13x2x7.a : AESCTRCC26XX.c.obj (.text.AESCTR_cleanup)
                  00016700    00000038                        : AESECBCC26XX.c.obj (.text.AESECB_cleanup)
                  00016738    00000038     icall.o (.text.ICall_dispatch)
                  00016770    00000038     icall.o (.text.ICall_heapFree)
                  000167a8    00000038     icall.o (.text.ICall_searchTask)
                  000167e0    00000038     icall.o (.text.ICall_setTimerMSecs)
                  00016818    00000038     justworks_scanner.o (.text.JustWorksScanner_clockHandler)
                  00016850    00000038     justworks_scanner.o (.text.JustWorksScanner_createTask)
                  00016888    00000038     justworks_scanner.o (.text.JustWorksScanner_enqueueMsg)
                  000168c0    00000038     driverlib.lib : aux_sysif.c.obj (.text.NOROM_AUXSYSIFOpModeChange)
                  000168f8    00000038                   : osc.c.obj (.text.NOROM_OSCHF_SwitchToRcOscTurnOffXosc)
                  00016930    00000038                   : sys_ctrl.c.obj (.text.NOROM_SysCtrlIdle)
                  00016968    00000038     nvocmp.o (.text.NVOCMP_disableCache)
                  000169a0    00000038     nvocmp.o (.text.NVOCMP_write)
                  000169d8    00000038     driverlib.lib : osc.c.obj (.text.OSCHfSourceSwitch)
                  00016a10    00000038     drivers_cc13x2x7.a : PowerCC26X2_helpers.c.obj (.text.PowerCC26X2_oscDisableQualifiers)
                  00016a48    00000038                        : Random.c.obj (.text.Random_getNumber)
                  00016a80    00000038                        : RingBuf.c.obj (.text.RingBuf_putAdvance)
                  00016ab8    00000038                        : UDMACC26XX.c.obj (.text.UDMACC26XX_close)
                  00016af0    00000038     libclang_rt.builtins.a : extendsfdf2.S.obj (.text.__extendsfdf2)
                  00016b28    00000038     rf_multiMode_cc13x2.a : rf_patch_cpe_bt5.c.cc13x2.ticlang.o (.text.rf_patch_cpe_bt5)
                  00016b60    00000038     ti_sysbios_config.o (.text.ti_sysbios_knl_Task_processVitalTaskFlag)
                  00016b98    00000038     OneLib.a : gattservapp.o (.text)
                  00016bd0    00000038              : hci.o (.text)
                  00016c08    00000038              : ll_ae.o (.text)
                  00016c40    00000038              : ll_ae.o (.text)
                  00016c78    00000038              : ll_enc.o (.text)
                  00016cb0    00000038              : ll_enc.o (.text)
                  00016ce8    00000038              : ll_scheduler.o (.text)
                  00016d20    00000038              : ll_scheduler.o (.text)
                  00016d58    00000038              : ll_scheduler.o (.text)
                  00016d90    00000038              : sm_rsppairing.o (.text)
                  00016dc8    00000038     StackWrapper.a : gattservapp_util.o (.text)
                  00016e00    00000038                    : osal_timers.o (.text)
                  00016e38    00000038     libc.a : autoinit.c.obj (.text:__TI_auto_init_nobinit_nopinit)
                  00016e70    00000036     drivers_cc13x2x7.a : CryptoUtils.c.obj (.text.CryptoUtils_buffersMatch)
                  00016ea6    00000036     icall.o (.text.ICall_fetchServiceMsg)
                  00016edc    00000036     ti_sysbios_config.o (.text.SwiP_construct)
                  00016f12    00000036     StackWrapper.a : ble_dispatch_lite.o (.text)
                  00016f48    00000034     ti_sysbios_config.o (.text.BIOS_init)
                  00016f7c    00000034     icall.o (.text.ICall_searchServiceEntity)
                  00016fb0    00000034     nvocmp.o (.text.NVOCMP_changePageState)
                  00016fe4    00000034     drivers_cc13x2x7.a : PowerCC26X2_helpers.c.obj (.text.PowerCC26X2_setSubSecIncToXoscLf)
                  00017018    00000034                        : PowerCC26X2.c.obj (.text.Power_releaseConstraint)
                  0001704c    00000034     rf_multiMode_cc13x2.a : RFCC26X2_multiMode.c.cc13x2.ticlang.o (.text.RF_powerConstraintRelease)
                  00017080    00000034                           : RFCC26X2_multiMode.c.cc13x2.ticlang.o (.text.RF_runDirectImmediateCmd)
                  000170b4    00000034     drivers_cc13x2x7.a : UART2CC26X2.c.obj (.text.UART2Support_sendData)
                  000170e8    00000034                        : UART2.c.obj (.text.UART2_rxDisable)
                  0001711c    00000034     util.o (.text.Util_enqueueMsg)
                  00017150    00000034     ti_sysbios_config.o (.text._pthread_cleanupFxn)
                  00017184    00000034     ti_sysbios_config.o (.text.ti_sysbios_family_arm_cc26xx_Timer_setThreshold)
                  000171b8    00000034     ti_sysbios_config.o (.text.ti_sysbios_family_arm_m3_Hwi_getStackInfo)
                  000171ec    00000034     ti_sysbios_config.o (.text.ti_sysbios_family_arm_m3_Hwi_init)
                  00017220    00000034     ti_sysbios_config.o (.text.ti_sysbios_knl_Clock_Instance_init)
                  00017254    00000034     ti_sysbios_config.o (.text.ti_sysbios_knl_Task_unblockI)
                  00017288    00000034     OneLib.a : gap_configmgr.o (.text)
                  000172bc    00000034              : hci.o (.text)
                  000172f0    00000034              : ll_ae.o (.text)
                  00017324    00000034              : ll_enc.o (.text)
                  00017358    00000034     StackWrapper.a : gapbondmgr.o (.text)
                  0001738c    00000034                    : icall_startup.o (.text)
                  000173c0    00000034     sysbios.a : boot_cortex_m.c.obj (.text:_c_int00)
                  000173f4    00000032     ti_sysbios_config.o (.text.ti_sysbios_knl_Event_pendTimeout)
                  00017426    00000032     ti_sysbios_config.o (.text.ti_sysbios_knl_Semaphore_pendTimeout)
                  00017458    00000030     ti_drivers_config.o (.text.Board_wakeUpExtFlash)
                  00017488    00000030     ti_sysbios_config.o (.text.ClockP_construct)
                  000174b8    00000030     icall.o (.text.ICall_init)
                  000174e8    00000030     icall.o (.text.ICall_primEntityId2ServiceId)
                  00017518    00000030     drivers_cc13x2x7.a : NVSCC26XX.c.obj (.text.NVSCC26XX_erase)
                  00017548    00000030                        : PowerCC26X2.c.obj (.text.Power_setConstraint)
                  00017578    00000030     rf_multiMode_cc13x2.a : RFCC26X2_multiMode.c.cc13x2.ticlang.o (.text.RF_checkCmdFsError)
                  000175a8    00000030     rom_init.o (.text.ROM_Init)
                  000175d8    00000030     drivers_cc13x2x7.a : PowerCC26X2.c.obj (.text.notify)
                  00017608    00000030     ti_sysbios_config.o (.text.ti_sysbios_family_arm_m3_Hwi_excHandlerMin)
                  00017638    00000030     ti_sysbios_config.o (.text.ti_sysbios_runtime_System_atexit)
                  00017668    00000030     ti_sysbios_config.o (.text.ti_sysbios_runtime_System_processAtExit)
                  00017698    00000030     OneLib.a : gap_scanner.o (.text)
                  000176c8    00000030              : linkdb.o (.text)
                  000176f8    00000030              : ll_enc.o (.text)
                  00017728    00000030              : ll_enc.o (.text)
                  00017758    00000030              : ll_scheduler.o (.text)
                  00017788    00000030     StackWrapper.a : osal_timers.o (.text)
                  000177b8    0000002e     justworks_scanner.o (.text.JustWorksScanner_pairStateCb)
                  000177e6    0000002e     rf_multiMode_cc13x2.a : RFCC26X2_multiMode.c.cc13x2.ticlang.o (.text.RF_calculateDeltaTimeUs)
                  00017814    0000002e     drivers_cc13x2x7.a : RingBuf.c.obj (.text.RingBuf_getConsume)
                  00017842    0000002e                        : RingBuf.c.obj (.text.RingBuf_putPointer)
                  00017870    0000002e     libclang_rt.builtins.a : floatsidf.S.obj (.text.__floatsidf)
                  0001789e    0000002e     OneLib.a : gattservapp.o (.text)
                  000178cc    0000002e              : gattservapp.o (.text)
                  000178fa    00000002     rom_init.o (.text.MAP_llSetPeriodicSyncInfo)
                  000178fc    0000002c     display_cc13x2x7.a : DisplayUart2.c.obj (.text.DisplayUart2Ansi_clear)
                  00017928    0000002c     icall_cc2650.o (.text.ICallPlatform_pwrDispenseImpl)
                  00017954    0000002c     icall_cc2650.o (.text.ICallPlatform_pwrRequireImpl)
                  00017980    0000002c     icall.o (.text.ICall_getLocalMsgEntityId)
                  000179ac    0000002c     icall.o (.text.ICall_getMaxMSecs)
                  000179d8    0000002c     nvocmp.o (.text.NVOCMP_setCompactHdr)
                  00017a04    0000002c     drivers_cc13x2x7.a : NVS.c.obj (.text.NVS_init)
                  00017a30    0000002c     ti_sysbios_config.o (.text.PowerCC26XX_schedulerDisable)
                  00017a5c    0000002c     rf_multiMode_cc13x2.a : RFCC26X2_multiMode.c.cc13x2.ticlang.o (.text.RF_executeDirectImmediateCmd)
                  00017a88    0000002c     drivers_cc13x2x7.a : TRNGCC26XX.c.obj (.text.TRNGCC26XX_stopTrng)
                  00017ab4    0000002c                        : UART2CC26X2.c.obj (.text.UART2CC26X2_getRxData)
                  00017ae0    0000002c     ti_sysbios_config.o (.text._pthread_delete)
                  00017b0c    0000002c     ti_sysbios_config.o (.text.ti_sysbios_knl_Clock_getTicks)
                  00017b38    0000002c     ti_sysbios_config.o (.text.ti_sysbios_knl_Clock_getTimeout)
                  00017b64    0000002c     ti_sysbios_config.o (.text.ti_sysbios_knl_Swi_setPri)
                  00017b90    0000002c     ti_sysbios_config.o (.text.ti_sysbios_knl_Task_restoreHwi)
                  00017bbc    0000002c     OneLib.a : ble.o (.text)
                  00017be8    0000002c              : gap_configmgr.o (.text)
                  00017c14    0000002c              : gatt_task.o (.text)
                  00017c40    0000002c              : gattservapp.o (.text)
                  00017c6c    0000002c     StackWrapper.a : hal_assert.o (.text)
                  00017c98    0000002c                    : osal_bufmgr.o (.text)
                  00017cc4    0000002a     drivers_cc13x2x7.a : TRNGCC26XX.c.obj (.text.TRNG_generateKey)
                  00017cee    0000002a                        : UART2CC26X2.c.obj (.text.UART2Support_powerRelConstraint)
                  00017d18    0000002a     justworks_scanner.o (.text.strncat)
                  00017d42    0000002a     justworks_scanner.o (.text.strncpy)
                  00017d6c    0000002a     ti_sysbios_config.o (.text.ti_sysbios_family_arm_cc26xx_Timer_setNextTick)
                  00017d96    0000002a     ti_sysbios_config.o (.text.ti_sysbios_knl_Task_allBlockedFunction)
                  00017dc0    0000002a     OneLib.a : ll_isr.o (.text)
                  00017dea    00000002     rom_init.o (.text.MAP_llSetRxCfg)
                  00017dec    00000028     ti_sysbios_config.o (.text.BIOS_registerRTSLock)
                  00017e14    00000028     icall.o (.text.ICall_createRemoteTasks)
                  00017e3c    00000028     icall.o (.text.ICall_heapGetStats)
                  00017e64    00000028     icall.o (.text.ICall_sendServiceMsg)
                  00017e8c    00000028     justworks_scanner.o (.text.JustWorksScanner_getConnAddrStr)
                  00017eb4    00000028     drivers_cc13x2x7.a : List.c.obj (.text.List_remove)
                  00017edc    00000028                        : PowerCC26X2.c.obj (.text.PowerCC26XX_isStableXOSC_HF)
                  00017f04    00000028     rf_multiMode_cc13x2.a : RFCC26X2_multiMode.c.cc13x2.ticlang.o (.text.RF_cmdStoreEvents)
                  00017f2c    00000028     ti_sysbios_config.o (.text.sem_init)
                  00017f54    00000028     sysbios.a : Hwi_asm_gcc.s.obj (.text.ti_sysbios_family_arm_m3_Hwi_excHandlerAsm)
                  00017f7c    00000028     ti_sysbios_config.o (.text.ti_sysbios_knl_Semaphore_Instance_init)
                  00017fa4    00000028     ti_sysbios_config.o (.text.ti_sysbios_knl_Swi_init)
                  00017fcc    00000028     sysbios.a : TaskSupport_asm_gcc.s.obj (.text.ti_sysbios_knl_TaskSupport_swap)
                  00017ff4    00000028     ti_sysbios_config.o (.text.ti_sysbios_knl_Task_construct)
[...]
100258d1  gattClientNotifyTxCB
100258f5  gattServerNotifyTxCB
10025919  gattStopTimer
1002593d  GATT_NotifyEvent
10025961  HCI_LE_ReadLocalP256PublicKeyCmd
10025985  L2CAP_HostNumCompletedPkts
100259a9  l2capStartTimer
100259cd  linkDB_reportStatusChange
100259f1  LL_ReadBDADDR
10025a15  LL_Encrypt
10025a39  LL_EXT_OnePacketPerEvent
10025a5d  LL_EXT_Decrypt
10025a81  LL_EXT_SetMaxDtmTxPower
10025aa5  LL_EXT_ReadRandomAddress
10025ac9  smpParsePairingDHKeyCheck
10025aed  ATT_ParseFindInfoReq
10025b11  ATT_ParseReadBlobReq
10025b35  l2capParseDisconnectReq
10025b59  l2capParseDisconnectRsp
10025b7d  L2CAP_ParseFlowCtrlCredit
10025ba1  LL_ENC_GenerateNonce
10025bc5  llCheckForLstoDuringSL
10025c28  gapInitPhyParamRange
10025c48  gapScanParamLookup
10025c69  ATT_FindInfoReq
10025c89  ATT_ReadReq
10025ca9  ATT_ReadBlobReq
10025cc9  ATT_ExecuteWriteReq
10025ce9  ATT_ErrorRsp
10025d09  ATT_ParseFindByTypeValueRsp
10025d29  ATT_ParseReadMultiReq
10025d49  RFHAL_AllocDataEntryQueue
10025d69  gapAdv_processRemoveSetEvt
10025d89  gapCentProcessConnUpdateCompleteEvt
10025da9  GapInit_cancelConnect
10025dc9  GATT_DiscAllCharDescs
10025de9  gattServiceLastHandle
10025e09  gattStoreServerInfo
10025e29  GATT_bm_free
10025e49  HCI_DisconnectCmd
10025e69  HCI_ReadLocalSupportedCommandsCmd
10025e89  HCI_LE_StartEncyptCmd
10025ea9  HCI_EXT_EnablePTMCmd
10025ec9  L2CAP_CmdReject
10025ee9  L2CAP_ConnParamUpdateRsp
10025f09  L2CAP_RegisterFlowCtrlTask
10025f29  LL_ReadWlSize
10025f49  LL_NumEmptyWlEntries
10025f69  llExtAdvCBack
10025fa9  llGetTxPower
10025fc9  llConvertLstoToEvent
10025fe9  llGetSlowestPhy
10026029  smStartEncryption
10026049  ATT_ParseErrorRsp
10026069  LL_ENC_ReverseBytes
100260a8  IOCapMatrix
100260c5  ATT_WriteRsp
100260e1  ATT_ExecuteWriteRsp
100260fd  ATT_BuildPrepareWriteReq
10026119  ATT_BuildPrepareWriteRsp
10026135  GapInit_connect
10026151  GapInit_connectWl
1002616d  gapConnEvtNoticeCB
10026189  GapScan_registerCb
100261a5  gattClientStartTimer
100261c1  GATT_ServiceEncKeySize
100261dd  gattFindService
100261f9  gattResetServerInfo
10026215  gattServerStartTimer
10026231  GATT_SetHostToAppFlowCtrl
1002624d  l2capStopTimer
10026269  llCheckCBack
10026285  llConvertCtrlProcTimeoutToEvent
100262bd  WL_GetSize
100262d9  smEncrypt
100262f5  padding
10026311  smPairingSendEncInfo
1002632d  smPairingSendIdentityInfo
10026349  smPairingSendSigningInfo
10026365  SM_GetScConfirmOob
10026381  smpBuildPairingReq
1002639d  smpBuildPairingRsp
100263b9  ATT_BuildFindInfoRsp
1002641c  LUTOPSIGN
10026434  LUTC
1002644c  LUTSE
10026464  LUTINCI
1002647d  ATT_ParseExchangeMTUReq
10026495  ATT_BuildFindInfoReq
100264ad  ATT_ParseReadReq
100264c5  ATT_BuildReadBlobReq
100264dd  llPatchCM0
100264f5  gapValidADType
10026525  GATT_DiscCharsByUUID
1002653d  GATT_ReadUsingCharUUID
10026555  GATT_ServiceNumAttrs
1002656d  gattProcessOSALMsg
10026585  gattStartTimer
1002659d  gattServApp_FindServiceCBs
100265b5  gattServApp_FindReadAttrCB
100265cd  gattServApp_FindWriteAttrCB
100265e5  gattServApp_FindAuthorizeAttrCB
100265fd  l2capBuildDisconnectReq
10026615  l2capBuildDisconnectRsp
1002662d  l2capBuildFlowCtrlCredit
10026645  linkDB_Role
1002665d  linkDB_MTU
10026675  LL_CtrlToHostFlowControl
1002668d  LL_EXT_SetFastTxResponseTime
100266a5  llOneBitSynchWordDiffer
100266d5  llMemCopySrc
100266ed  LL_ENC_GenDeviceIV
10026705  LL_PRIV_IsZeroIRK
1002671d  leftshift_onebit
10026735  smpBuildPairingFailed
1002674d  smpBuildKeypressNoti
10026765  ATT_BuildErrorRsp
1002677d  ATT_ParseExchangeMTURsp
10026795  l2capParseParamUpdateRsp
100267ad  L2CAP_ParseInfoReq
100267c5  llMemCopyDst
100267dd  LL_PRIV_IsRPA
100267f5  LL_PRIV_IsNRPA
1002680d  LL_PRIV_IsIDA
10026825  sm_xor
1002683d  GATT_ReadCharValue
10026851  GATT_ReadLongCharValue
10026865  GATT_WriteCharValue
10026879  GATT_WriteLongCharValue
1002688d  GATT_ReadCharDesc
100268a1  GATT_ReadLongCharDesc
100268b5  GATT_WriteCharDesc
100268c9  GATT_WriteLongCharDesc
100268dd  L2CAP_SetBufSize
100268f1  l2capParseSignalHdr
10026905  l2capBuildSignalHdr
10026919  LL_ReadResolvingListSize
1002692d  LE_ReadRfPathCompCmd
10026941  llEqSynchWord
10026955  LL_ENC_GenDeviceSKD
10026969  smEncryptLocal
1002697d  xor_128
100269a5  smpParseKeypressNoti
100269b9  ATT_BuildWriteReq
100269cd  ATT_ParseExecuteWriteReq
100269e1  ATT_BuildHandleValueInd
100269f4  btBaseUUID
10026a14  SCA
10026a24  const_Rb
10026a45  ATT_BuildReadByTypeRsp
10026a55  ATT_BuildReadByGrpTypeRsp
10026a65  GAP_GetSRK
10026a75  gapIsAdvertising
10026a85  gapIsScanning
10026a95  gapIsInitiating
10026aa5  gapSetState
10026ab5  GAP_isPairing
10026ac5  GAP_NumActiveConnections
10026ad5  HCI_bm_alloc
10026ae5  L2CAP_SetUserConfig
10026af5  l2capHandleRxError
10026b05  LL_Rand
10026b15  LL_GetNumActiveConns
10026b25  LL_EXT_SetDtmTxPktCnt
10026b65  llHardwareError
10026b75  llTaskError
10026b85  llGetCurrentTime
10026b95  ATT_BuildExchangeMTUReq
10026ba5  ATT_BuildExchangeMTURsp
10026bb5  ATT_BuildReadReq
10026bc5  L2CAP_BuildParamUpdateRsp
10026bd5  l2capBuildInfoReq
10026be5  LL_EXT_SetRxGain
10026bf4  advEvt2Cmd
10026c0c  gapRptFldOffset
10026c18  gapRptFldSize
10026c25  ATT_RegisterClient
10026c31  ATT_RegisterServer
10026c3d  ATT_ParseReadRsp
10026c49  ATT_ParseReadBlobRsp
10026c55  ATT_ParseReadMultiRsp
10026c61  RFHAL_InitDataQueue
10026c6d  RFHAL_FreeDataEntryQueue
10026c79  RFHAL_FreeDataEntry
10026c85  ECC_allocWorkzone
10026c91  ECC_setWin
10026c9d  gapGetSignCounter
10026ca9  gapGetState
10026cc1  gapRegisterCentralConn
10026ccd  gapRegisterPeripheralConn
10026cd9  GAP_RegisterForMsgs
10026ce5  GAP_RegisterBondMgrCBs
10026cf1  GATT_RegisterForInd
10026cfd  GATT_RegisterForReq
10026d09  GATT_GetNextHandle
10026d15  gattRegisterServer
10026d21  gattRegisterClient
10026d2d  GATT_RegisterForMsgs
10026d39  L2CAP_GetMTU
10026d45  l2capRegisterATTReTxTask
10026d51  linkDB_NumConns
10026d5d  linkDB_SecurityModeSCOnly
10026d69  LE_ReadMaxAdvDataLen
10026d75  LE_ReadNumSupportedAdvSets
10026d8d  zSET
10026d99  smRegisterInitiator
10026da5  smRegisterResponder
10026db1  SM_RegisterTask
10026dbd  __exit
10026dc9  ATT_ParseWriteRsp
10026dd5  ATT_ParseExecuteWriteRsp
10026de1  ATT_ParseHandleValueCfm
10026ded  llEventDelta
10026df8  advEvt2State
10026e00  invalidBleAddr
10026e08  LUTOPCODE
10026e19  ATT_BuildFindByTypeValueRsp
10026e21  ATT_BuildReadMultiReq
10026e29  ATT_BuildExecuteWriteReq
10026e31  GAP_GetIRK
10026e39  gapGetSRK
10026e41  llTimeDelta
10026e49  gapHost2CtrlOwnAddrType
10026e50  advChan
10026e55  ATT_BuildReadRsp
10026e59  ATT_BuildReadBlobRsp
10026e5d  ATT_BuildReadMultiRsp
10026e61  ATT_GetParamValue
10026e65  RFHAL_GetNextDataEntry
10026e69  RFHAL_GetTempDataEntry
10026e6d  gattProcessExchangeMTUReq
10026e71  gattProcessExecuteWriteReq
10026e75  HCI_LE_SetAdvParamCmd
10026e79  HCI_LE_SetAdvDataCmd
10026e7d  HCI_LE_SetScanRspDataCmd
10026e81  HCI_LE_SetAdvEnableCmd
10026e85  HCI_LE_SetScanParamCmd
10026e89  HCI_LE_SetScanEnableCmd
10026e8d  HCI_LE_CreateConnCmd
10026e91  L2CAP_GetParamValue
10026e95  LL_EXT_ClkDivOnHalt
10026e99  LL_EXT_DeclareNvUsage
10026e9d  LL_EXT_SetFreqTune
10026ea1  LL_EXT_SaveFreqTune
10026ea5  LL_EXT_MapPmIoPort
10026ea9  LL_EXT_ExtendRfRange
10026ead  LL_EXT_HaltDuringRf
10026eb1  LL_EXT_OverlappedProcessing
10026eb5  IMPORTLENGTH
10026eb9  ATT_SetParamValue
10026ebd  llRatChanCBack_A
10026ec1  llRatChanCBack_B
10026ec5  llRatChanCBack_C
10026ec9  llRatChanCBack_D
10026ecd  L2CAP_SetParamValue
10026ed1  LL_SetAdvSetsControl
10026ed5  llResetRadio
10026fac  romRev
10026fad  __checksum_end
10026fae  __checksum
20000000  __UNUSED_SRAM_start__
2000012c  ECC_DATA$$Base
2000012c  eccRom_param_Gx
20000130  eccRom_param_Gy
20000134  eccRom_workzone
20000138  eccRom_param_p
2000013c  eccRom_param_r
20000140  eccRom_param_a
20000144  eccRom_param_b
20000148  eccRom_windowSize
2000014c  aux64
20000154  MOD
20000158  LEN
2000015c  inScalar
20000160  inPointX
20000164  inPointY
20000168  outPointX
2000016c  outPointY
20000170  SCAL
20000174  EXPX
20000178  EXPY
2000017c  EXPZ
20000180  EXPW
20000184  ACCX
20000188  ACCY
2000018c  ACCZ
20000190  TMP1
20000194  TMP2
20000198  TMP3
2000019c  TMP4
200001a0  TMP5
200001a4  TMP6
200001a8  MSBMOD
200001ac  ECC_DATA$$Limit
200001ac  RAM_BASE_ADDR
200001b8  ROM_FlashJT
200001bc  gapConfig_IRK
200001cc  gapParameters
200001e0  gapInitPhyParam
20000210  gapScanEvtMask
20000214  gapScanPhyParams
20000220  gapScanParams
20000248  smInitiatorCBs
20000258  slaveConnHandle
2000025a  nextHandle
2000025c  l2capMtuSize
2000025e  l2capUserConfig
20000260  maxExtAdvDataLen
20000262  smRspWaitingConnHandle
20000264  updateHandle
20000265  gapInitCreateConnCmdSize
20000266  gapInitPhyParamsSize
20000267  gapScanSetParamsCmdSize
20000268  gapScanPhyParamSize
20000269  gapScanEnableCmdSize
2000026a  gapScanAdvRptFragSize
2000026b  gapScanEvtAdvRptSize
2000026c  gapScanEvtEndSize
2000026d  gapScanAdvRptSessionSize
2000026e  gapScanSessionEndEventSize
2000026f  gapUnwantedTaskID
20000270  indTaskId
20000271  reqTaskId
20000272  gattAppTaskID
20000273  appTaskID
20000274  serviceChangedCharProps
20000275  flowCtrlTaskId
20000276  flowCtrlFwdTaskId
20000277  maxSupportedAdvSets
20000278  aeSlaveSCA
20000279  SM_appTaskID
2000027c  scanDataEntry
200006cc  initDataEntry
200007e0  connReqData
200008f0  aeCBackTbl
20000934  localEccKeys
20000978  localPubKeyMaterial
200009b8  aeCreateConn
200009f4  advDataEntry
20000a2c  l2capFixedChannels
20000a5c  linkCBs
20000a8c  extScanParam
20000abc  extInitParam
20000aec  rfSetup
20000b10  operationCCM
20000b34  adiList
20000b54  localPrivKeyMaterial
20000b74  enckey
20000b94  trxTestCmd
20000bb0  txModemTestCmd
20000bcc  gapParams
20000be8  extScanCmd
20000c04  extInitCmd
20000c20  rxModemTestCmd
20000c38  rsp
20000c50  fwParDtmCmd
20000c68  extScanOutput
20000c80  extInitOutput
20000c98  connOutput
20000cac  rxTestParam
20000cc0  deviceFeatureSet
20000cd4  initDataQueue
20000ce4  scanDataQueue
20000cf4  advDataQueue
20000d04  txTestParam
20000d14  gapConfig_SRK
20000d24  aeScanParams
20000d34  localPrivateKey
20000d44  localPublicKey
20000d54  remotePublicKey
20000d64  sharedSecret
20000d74  symmetricKey
20000d84  eccParams
20000d94  operationComputeSharedSecret
20000da4  encParamsCCM
20000db4  encParamsECB
20000dc4  operationECB
20000dd4  cryptoKey
20000de4  rxTestOut
20000df0  operationGeneratePublicKey
20000dfc  cachedTRNGdata
20000e08  gapCurrentRandomAddr
20000e10  slaveUpdateReq
20000e18  gattReTxList
20000e20  pBleEvtMask
20000e28  pHciEvtMask
20000e30  pHciEvtMask2
20000e38  aeScanEnable
20000e40  ownPublicAddr
20000e48  ownRandomAddr
20000e50  ownSavedPublicAddr
20000e58  fwImmedCmd
20000e60  rfEvent
20000e68  fwParCmd
20000e70  verInfo
20000e78  llConns
20000e80  llConnEvtNotice
20000e88  privInfo
20000e90  attClientNotifyTxCB
20000e94  attServerNotifyTxCB
20000e98  linkCmd
20000e9c  linkParam
20000ea0  rxDataQ
20000ea4  txDataQ
20000ea8  rxRingBuf
20000eac  txTestOut
20000eb0  pGapAdvHostInfo
20000eb4  pGapCentralConnCBs
20000eb8  pGapInitCreateConnCmd
20000ebc  pAuthLink
20000ec0  pfnCentralConnCBs
20000ec4  pfnPeripheralConnCBs
20000ec8  connEvtCB
20000ecc  pGapPeripheralConnCBs
20000ed0  pGapScanSession
20000ed4  pGapScanSetParamsCmd
20000ed8  pGapScanSetEnableCmd
20000edc  pGapScanAdvRptList
20000ee0  gapScanUarg
20000ee4  gapScan_appEvtProcess
20000ee8  pfnBondMgrCBs
20000eec  clientInfoTbl
20000ef0  serverInfoTbl
20000ef4  pServiceList
20000ef8  pfnServerProcessMsgCB
20000efc  pfnClientProcessMsgCB
20000f00  prepareWritesTbl
20000f04  serviceCBsList
20000f08  pAttrValue
20000f0c  indCharCfg
20000f10  l2capChannels
20000f14  l2capPsm
20000f18  linkDB
20000f1c  rfHandle
20000f20  rfDrvTblPtr
20000f24  eccDrvTblPtr
20000f28  cryptoDrvTblPtr
20000f2c  trngDrvTblPtr
20000f30  rtosApiTblPtr
20000f34  activeConns
20000f38  SysBootMsg
20000f3c  sclkSrc
20000f40  pRfPathComp
20000f44  dtmInfo
20000f48  taskEndAction
20000f4c  advSetList
20000f50  extScanInfo
20000f54  extInitInfo
20000f58  ecdhHandle
20000f5c  operationResult
20000f60  encHandleCCM
20000f64  encHandleECB
20000f68  resolvingList
20000f6c  wlTable
20000f70  wlTableScan
20000f74  pPairingParams
20000f78  pfnResponderCBs
20000f7c  pfnInitiatorCBs
20000f80  pSmResponderCBs
20000f84  attrLen
20000f86  numHostBufs
20000f88  rfCmdHandle
20000f8a  connInitialMaxTxOctets
20000f8c  connInitialMaxTxTime
20000f8e  connInitialMaxTxTimeUncoded
20000f90  connInitialMaxTxTimeCoded
20000f92  supportedMaxTxOctets
20000f94  supportedMaxTxTime
20000f96  supportedMaxRxOctets
20000f98  supportedMaxRxTime
20000f9a  taskEndStatus
20000f9c  postRfOperations
20000f9e  buildInfo
20000fa0  rfCfgAdiVal
20000fa4  att_sendRspOnly
20000fa5  advCount
20000fa6  updateState
20000fa7  advInit
20000fa8  gapProfileRole
20000fa9  gapDeviceAddrMode
20000faa  gapState
20000fab  terminateReason
20000fac  gapScanMaxNumReport
20000fad  gapScanEndReason
20000fae  gapScanPackedAdvRptSize
20000faf  fltPduTypeWanted
20000fb0  fltPduTypeMask
20000fb1  gapTaskID
20000fb2  gattNumConns
20000fb3  gattTaskID
20000fb4  GATTServApp_TaskID
20000fb5  maxNumPrepareWrites
20000fb6  hciPTMenabled
20000fb7  ctrlToHostEnable
20000fb8  l2capFlowCtrlMode
20000fb9  l2capTaskID
20000fba  l2capNumChannels
20000fbb  l2capNumDataPkts
20000fbc  l2capNumPSM
20000fbd  l2capNumCoChannels
20000fbe  l2cap_gattServAppTaskID
20000fbf  l2capId
20000fc1  linkDBNumConns
20000fc2  linkDB_secureConnectionOnlyMode
20000fc3  maxPduSize
20000fc4  rfFeModeBias
20000fc5  defaultPhy
20000fc6  maxNumTxDataBufs
20000fc7  LL_TaskID
20000fc8  llState
20000fc9  rssiCorrection
20000fca  curTxPowerVal
20000fcb  maxTxPwrForDTM
20000fcc  onePktPerEvt
20000fcd  numComplPkts
20000fce  numComplPktsLimit
20000fcf  numComplPktsFlush
20000fd0  fastTxRespTime
20000fd1  slOverride
20000fd2  rxFifoFlowCtrl
20000fd3  numTxDataBufs
20000fd4  maxNumConns
20000fd5  aeCurHandle
20000fd6  aeCurAdvEnableHandle
20000fd7  aeCurConnHandle
20000fd8  extScanIndex
20000fd9  extInitIndex
20000fda  scanState
20000fdb  lastPrimPhy
20000fdc  lastScanRsp
20000fdd  smTaskID
20000fde  SM_appExpectingKey
20001900  PowerCC26X2_module
20001b68  gapAttrTbl
20001c18  gpioPinConfigs
20001d08  ti_sysbios_runtime_Startup_done
20001d0d  ti_sysbios_knl_Idle_initDone
20001d10  ti_sysbios_runtime_Memory_defaultHeapInstance
20001d2c  ti_sysbios_runtime_Error_ignore
20001d38  ti_sysbios_family_arm_cc26xx_Timer_Module_state
20001d44  ti_sysbios_runtime_System_Module_state
20001d50  ti_sysbios_knl_Swi_Module_state
20001d78  llUserConfig
20001de4  ICall_dispatcher
20001eb8  BIOS_Module_state
20001ee4  ti_sysbios_family_arm_m3_Hwi_Module_state
20001f20  ti_sysbios_knl_Clock_Module_state
20002044  pOverrides_bleCommon
20002098  txPowerTable_2400_pa5
200020e8  gattAttrTbl
20002128  sm_eccKeys_sc_host_debug
200021a4  nvintfFncStruct
200021e0  ti_sysbios_knl_Task_Module_state
200022b0  eccParams_NISTP256
200022d4  pOverrides_ble2Mbps
20002318  ICall_enterCriticalSection
2000231c  ICall_leaveCriticalSection
20002320  heapmgrMemFreeTotal
2000232c  pOverrides_ble1Mbps
20002344  attDeviceName
2000235a  bleUserCfg_maxPduSize
20002370  DisplayUart2Ansi_escInitial
20002394  RF_modeBle
200023a4  _hposcCoeffs
200023b4  bleAppServiceInfoTable
200023c4  pOverrides_bleCoded
200023d4  user0Cfg
200023e4  gattAttrTbl_gatt_no_service_changed
200023f4  sizeInfo
20002420  RFCC26XX_schedulerPolicy
20002428  ti_sysbios_gates_GateMutexPri_Module_state
20002430  ti_sysbios_heaps_HeapCallback_Module_state
20002438  ti_sysbios_knl_Event_state
20002440  ti_sysbios_knl_Semaphore_Module_state
20002448  periConnParameters
20002450  patchedMasterCtrlPktList
20002458  clientCbs
20002460  pRandomAddress
20002466  DisplayUart2Ansi_escClearScreen
2000246b  PKAResourceCC26XX_pollingFlag
20002470  __aeabi_errno
20002474  _lock
20002478  _unlock
2000247c  appAssertCback
20002480  icallServiceTblPtr
20002484  pRfErrCb
20002488  pfnBMAlloc
2000248c  pfnBMFree
20002490  halAssertCback
20002494  disconnectImmedConnId
20002496  llUserConfig_maxPduSize
20002498  baseTaskID
200024a3  deviceNameCharProps
200024a4  appearanceCharProps
200024a5  periConnParamCharProps
200024a6  centAddrResCharProps
200024a7  centAddrRes
200024a8  resolvablePrivateAddressOnlyCharProps
200024a9  GATTServApp_gatt_no_service_changed
200024ab  qosDefaultPriorityConnParameter
200024ac  extScanChanMap
200024ad  sizeOfAllExtConnParam
200024ae  rfRatHandle
200024af  smAllowDebugKeysMode
200024b0  gapEndAppTaskID
200024b1  gapAppTaskID
200024b2  legacyMode
20002d78  ti_sysbios_knl_Idle_taskStack
20003338  uart2CC26X2Objects
200035c8  rfObject
200036c8  ti_sysbios_family_arm_m3_Hwi_dispatchTable
200037a0  aesctrdrbgXXObjects
20003844  extScanReportState
200038e4  trngCC26XXObjects
200039e8  gpioCallbackFunctions
20003a64  gpioUserArgs
20003ae0  cbTimers
20003bc0  ti_sysbios_knl_ClockSupport_timerStruct
20003c78  ti_sysbios_knl_Idle_taskStruct
20003cd0  CryptoResourceCC26XX_accessSemaphore
20003d20  CryptoResourceCC26XX_operationSemaphore
20003d70  PKAResourceCC26XX_accessSemaphore
20003dc0  PKAResourceCC26XX_operationSemaphore
20003f1c  nvFptrs
20003f58  ti_sysbios_knl_Swi_readyQs
20003f88  ti_sysbios_knl_Task_readyQs
20003fb8  NVOCMP_nvHandle
20003fe6  appearance
20003fe8  aesecbCC26XXObjects
20004010  llCteSamples
20004074  req
20004094  gapBond_remoteOobData
200040b4  gapBond_localOobData
200040d4  ecdhCC26X2Objects
200040f4  ti_sysbios_runtime_System_atexitHandlers
20004114  udmaCC26XXObject
20004150  BIOS_heapCallbackObject
2000416c  BIOS_rtsGate
20004188  CryptoResourceCC26XX_hwi
200041a4  PKAResourceCC26XX_hwi
200041c0  deviceName
200041d8  aesccmCC26XXObjects
20004213  scanResToDiscard
20004214  llCteTest
20004220  cteAntennaProp
2000422c  llTaskList
20004238  displayUart2Object
20004244  defaultChannelMap
2000424c  secondaryAdvChannelMap
20004254  llRfCmdPreemption
20004268  ggs_AppCBs
2000426c  pClientSecCBs
20004274  linkDBExtra
20004278  BDAddrPerConnHandle
2000427c  llCte
20004280  extStackSettings
20004284  llConnExtParam
20004288  rfMode
2000428c  trngHandle
20004290  pNextAdvSet
20004294  llCurrentMappedChan
20004298  drbgHandle
2000429c  pRpaCfg
200042a0  pRXWindowTask
200042a4  gapBond_lruBondList
200042a8  gapBondStateNodeHead
200042ac  osal_syncHandle
200042b0  osal_icallMsg_hook
200042b4  osal_qHead
200042b8  osal_max_msecs
200042bc  osal_tickperiod
200042c0  osal_eventloop_hook
200042c4  bm_preReleaseBuffCB
200042d0  OSAL_timeSeconds
200042d4  timerHead
200042dc  osal_last_timestamp
200042e0  HEAPMGR_SIZE
200042e4  PowerCC26XX_swiKey
200042e8  PowerCC26XX_taskKey
200042ec  tasksEvents
200042f0  ti_sysbios_family_arm_cc26xx_TimestampProvider_Module_state
200042f4  ti_sysbios_knl_Task_defaultStackHeap
200042f8  maximumPduSize
200042fa  extScanNumMissed
200042fc  pwrmgr_attribute
200042fe  resolvablePrivateAddressOnly
200042ff  GATTServApp_att_delayed_req
20004300  hciTaskID
20004301  hciL2capTaskID
20004302  hciGapTaskID
20004303  hciSmpTaskID
20004304  hciTestTaskID
20004305  hciVsEvtMask
20004306  scanReqRpt
20004307  secondaryAdvChannelMapPopCount
20004308  qosDefaultPriorityScnParameter
20004309  qosDefaultPriorityInitParameter
2000430a  maxNumCteDataBufs
2000430b  numActiveAdvSets
2000430c  wlSize
2000430d  rlSize
2000430e  decryptResult
2000430f  llUnhandleNextIntFlag
20004310  smAuthenPairingOnlyMode
20004311  icall_liteTaskId
20004312  gapBond_removeLRUBond
20004313  gapBond_syncRL
20004314  assertSubcause
20004315  osal_entity
20004316  pwrmgr_initialized
20004317  NVOCMP_size
20004318  gAction
20004319  nvsCC26XXObjects
20004400  ti_sysbios_family_arm_m3_Hwi_ramVectors
200044d8  heapStart
20023c00  __stack
20023c00  heapEnd
20024000  __STACK_END
20024000  __STACK_TOP
20024000  __UNUSED_SRAM_end__
ffffffff  __TI_pprof_out_hndl
ffffffff  __TI_prof_data_size
ffffffff  __TI_prof_data_start
ffffffff  __binit__
ffffffff  binit
UNDEFED   ITM_flush
UNDEFED   ITM_restore
UNDEFED   __c_args__
UNDEFED   __mpu_init
UNDEFED   dispHandle

[2573 symbols]
